Archive member included to satisfy reference by file (symbol)

/Applications/STM32CubeIDE.app/Contents/Eclipse/plugins/com.st.stm32cube.ide.mcu.externaltools.gnu-tools-for-stm32.9-2020-q2-update.macos64_1.5.0.202011040924/tools/bin/../lib/gcc/arm-none-eabi/9.3.1/../../../../arm-none-eabi/lib/thumb/v7e-m+fp/hard/libc_nano.a(lib_a-errno.o)
                              Core/Src/syscalls.o (__errno)
/Applications/STM32CubeIDE.app/Contents/Eclipse/plugins/com.st.stm32cube.ide.mcu.externaltools.gnu-tools-for-stm32.9-2020-q2-update.macos64_1.5.0.202011040924/tools/bin/../lib/gcc/arm-none-eabi/9.3.1/../../../../arm-none-eabi/lib/thumb/v7e-m+fp/hard/libc_nano.a(lib_a-exit.o)
                              /Applications/STM32CubeIDE.app/Contents/Eclipse/plugins/com.st.stm32cube.ide.mcu.externaltools.gnu-tools-for-stm32.9-2020-q2-update.macos64_1.5.0.202011040924/tools/bin/../lib/gcc/arm-none-eabi/9.3.1/../../../../arm-none-eabi/lib/thumb/v7e-m+fp/hard/crt0.o (exit)
/Applications/STM32CubeIDE.app/Contents/Eclipse/plugins/com.st.stm32cube.ide.mcu.externaltools.gnu-tools-for-stm32.9-2020-q2-update.macos64_1.5.0.202011040924/tools/bin/../lib/gcc/arm-none-eabi/9.3.1/../../../../arm-none-eabi/lib/thumb/v7e-m+fp/hard/libc_nano.a(lib_a-impure.o)
                              /Applications/STM32CubeIDE.app/Contents/Eclipse/plugins/com.st.stm32cube.ide.mcu.externaltools.gnu-tools-for-stm32.9-2020-q2-update.macos64_1.5.0.202011040924/tools/bin/../lib/gcc/arm-none-eabi/9.3.1/../../../../arm-none-eabi/lib/thumb/v7e-m+fp/hard/libc_nano.a(lib_a-exit.o) (_global_impure_ptr)
/Applications/STM32CubeIDE.app/Contents/Eclipse/plugins/com.st.stm32cube.ide.mcu.externaltools.gnu-tools-for-stm32.9-2020-q2-update.macos64_1.5.0.202011040924/tools/bin/../lib/gcc/arm-none-eabi/9.3.1/../../../../arm-none-eabi/lib/thumb/v7e-m+fp/hard/libc_nano.a(lib_a-init.o)
                              /Applications/STM32CubeIDE.app/Contents/Eclipse/plugins/com.st.stm32cube.ide.mcu.externaltools.gnu-tools-for-stm32.9-2020-q2-update.macos64_1.5.0.202011040924/tools/bin/../lib/gcc/arm-none-eabi/9.3.1/../../../../arm-none-eabi/lib/thumb/v7e-m+fp/hard/crt0.o (__libc_init_array)
/Applications/STM32CubeIDE.app/Contents/Eclipse/plugins/com.st.stm32cube.ide.mcu.externaltools.gnu-tools-for-stm32.9-2020-q2-update.macos64_1.5.0.202011040924/tools/bin/../lib/gcc/arm-none-eabi/9.3.1/../../../../arm-none-eabi/lib/thumb/v7e-m+fp/hard/libc_nano.a(lib_a-memset.o)
                              /Applications/STM32CubeIDE.app/Contents/Eclipse/plugins/com.st.stm32cube.ide.mcu.externaltools.gnu-tools-for-stm32.9-2020-q2-update.macos64_1.5.0.202011040924/tools/bin/../lib/gcc/arm-none-eabi/9.3.1/../../../../arm-none-eabi/lib/thumb/v7e-m+fp/hard/crt0.o (memset)
/Applications/STM32CubeIDE.app/Contents/Eclipse/plugins/com.st.stm32cube.ide.mcu.externaltools.gnu-tools-for-stm32.9-2020-q2-update.macos64_1.5.0.202011040924/tools/bin/../lib/gcc/arm-none-eabi/9.3.1/thumb/v7e-m+fp/hard/libgcc.a(_aeabi_uldivmod.o)
                              Drivers/STM32L4xx_HAL_Driver/Src/stm32l4xx_hal_uart.o (__aeabi_uldivmod)
/Applications/STM32CubeIDE.app/Contents/Eclipse/plugins/com.st.stm32cube.ide.mcu.externaltools.gnu-tools-for-stm32.9-2020-q2-update.macos64_1.5.0.202011040924/tools/bin/../lib/gcc/arm-none-eabi/9.3.1/thumb/v7e-m+fp/hard/libgcc.a(_udivmoddi4.o)
                              /Applications/STM32CubeIDE.app/Contents/Eclipse/plugins/com.st.stm32cube.ide.mcu.externaltools.gnu-tools-for-stm32.9-2020-q2-update.macos64_1.5.0.202011040924/tools/bin/../lib/gcc/arm-none-eabi/9.3.1/thumb/v7e-m+fp/hard/libgcc.a(_aeabi_uldivmod.o) (__udivmoddi4)
/Applications/STM32CubeIDE.app/Contents/Eclipse/plugins/com.st.stm32cube.ide.mcu.externaltools.gnu-tools-for-stm32.9-2020-q2-update.macos64_1.5.0.202011040924/tools/bin/../lib/gcc/arm-none-eabi/9.3.1/thumb/v7e-m+fp/hard/libgcc.a(_dvmd_tls.o)
                              /Applications/STM32CubeIDE.app/Contents/Eclipse/plugins/com.st.stm32cube.ide.mcu.externaltools.gnu-tools-for-stm32.9-2020-q2-update.macos64_1.5.0.202011040924/tools/bin/../lib/gcc/arm-none-eabi/9.3.1/thumb/v7e-m+fp/hard/libgcc.a(_aeabi_uldivmod.o) (__aeabi_ldiv0)

Allocating common symbols
Common symbol       size              file

USERPath            0x4               FATFS/App/fatfs.o
hi2c1               0x4c              Core/Src/i2c.o
uwTick              0x4               Drivers/STM32L4xx_HAL_Driver/Src/stm32l4xx_hal.o
retUSER             0x1               FATFS/App/fatfs.o
hspi1               0x64              Core/Src/spi.o
huart2              0x84              Core/Src/usart.o
USERFile            0x230             FATFS/App/fatfs.o
USERFatFS           0x230             FATFS/App/fatfs.o

Discarded input sections

 .text          0x0000000000000000        0x0 /Applications/STM32CubeIDE.app/Contents/Eclipse/plugins/com.st.stm32cube.ide.mcu.externaltools.gnu-tools-for-stm32.9-2020-q2-update.macos64_1.5.0.202011040924/tools/bin/../lib/gcc/arm-none-eabi/9.3.1/thumb/v7e-m+fp/hard/crti.o
[...]
Memory Configuration

Name             Origin             Length             Attributes
RAM              0x0000000020000000 0x0000000000010000 xrw
FLASH            0x0000000008000000 0x0000000000040000 xr
*default*        0x0000000000000000 0xffffffffffffffff

Linker script and memory map

LOAD /Applications/STM32CubeIDE.app/Contents/Eclipse/plugins/com.st.stm32cube.ide.mcu.externaltools.gnu-tools-for-stm32.9-2020-q2-update.macos64_1.5.0.202011040924/tools/bin/../lib/gcc/arm-none-eabi/9.3.1/thumb/v7e-m+fp/hard/crti.o
LOAD /Applications/STM32CubeIDE.app/Contents/Eclipse/plugins/com.st.stm32cube.ide.mcu.externaltools.gnu-tools-for-stm32.9-2020-q2-update.macos64_1.5.0.202011040924/tools/bin/../lib/gcc/arm-none-eabi/9.3.1/thumb/v7e-m+fp/hard/crtbegin.o
LOAD /Applications/STM32CubeIDE.app/Contents/Eclipse/plugins/com.st.stm32cube.ide.mcu.externaltools.gnu-tools-for-stm32.9-2020-q2-update.macos64_1.5.0.202011040924/tools/bin/../lib/gcc/arm-none-eabi/9.3.1/../../../../arm-none-eabi/lib/thumb/v7e-m+fp/hard/crt0.o
LOAD Core/Src/gpio.o
LOAD Core/Src/i2c.o
LOAD Core/Src/main.o
LOAD Core/Src/spi.o
LOAD Core/Src/stm32l4xx_hal_msp.o
LOAD Core/Src/stm32l4xx_it.o
LOAD Core/Src/syscalls.o
LOAD Core/Src/sysmem.o
LOAD Core/Src/system_stm32l4xx.o
LOAD Core/Src/usart.o
LOAD Core/Startup/startup_stm32l432kcux.o
LOAD Drivers/STM32L4xx_HAL_Driver/Src/stm32l4xx_hal.o
LOAD Drivers/STM32L4xx_HAL_Driver/Src/stm32l4xx_hal_cortex.o
LOAD Drivers/STM32L4xx_HAL_Driver/Src/stm32l4xx_hal_dma.o
LOAD Drivers/STM32L4xx_HAL_Driver/Src/stm32l4xx_hal_dma_ex.o
LOAD Drivers/STM32L4xx_HAL_Driver/Src/stm32l4xx_hal_exti.o
LOAD Drivers/STM32L4xx_HAL_Driver/Src/stm32l4xx_hal_flash.o
LOAD Drivers/STM32L4xx_HAL_Driver/Src/stm32l4xx_hal_flash_ex.o
LOAD Drivers/STM32L4xx_HAL_Driver/Src/stm32l4xx_hal_flash_ramfunc.o
LOAD Drivers/STM32L4xx_HAL_Driver/Src/stm32l4xx_hal_gpio.o
LOAD Drivers/STM32L4xx_HAL_Driver/Src/stm32l4xx_hal_i2c.o
LOAD Drivers/STM32L4xx_HAL_Driver/Src/stm32l4xx_hal_i2c_ex.o
LOAD Drivers/STM32L4xx_HAL_Driver/Src/stm32l4xx_hal_pwr.o
LOAD Drivers/STM32L4xx_HAL_Driver/Src/stm32l4xx_hal_pwr_ex.o
LOAD Drivers/STM32L4xx_HAL_Driver/Src/stm32l4xx_hal_rcc.o
LOAD Drivers/STM32L4xx_HAL_Driver/Src/stm32l4xx_hal_rcc_ex.o
LOAD Drivers/STM32L4xx_HAL_Driver/Src/stm32l4xx_hal_spi.o
LOAD Drivers/STM32L4xx_HAL_Driver/Src/stm32l4xx_hal_spi_ex.o
LOAD Drivers/STM32L4xx_HAL_Driver/Src/stm32l4xx_hal_tim.o
LOAD Drivers/STM32L4xx_HAL_Driver/Src/stm32l4xx_hal_tim_ex.o
LOAD Drivers/STM32L4xx_HAL_Driver/Src/stm32l4xx_hal_uart.o
LOAD Drivers/STM32L4xx_HAL_Driver/Src/stm32l4xx_hal_uart_ex.o
LOAD FATFS/App/fatfs.o
LOAD FATFS/Target/user_diskio.o
LOAD Middlewares/Third_Party/FatFs/src/diskio.o
LOAD Middlewares/Third_Party/FatFs/src/ff.o
LOAD Middlewares/Third_Party/FatFs/src/ff_gen_drv.o
LOAD Middlewares/Third_Party/FatFs/src/option/syscall.o
START GROUP
LOAD /Applications/STM32CubeIDE.app/Contents/Eclipse/plugins/com.st.stm32cube.ide.mcu.externaltools.gnu-tools-for-stm32.9-2020-q2-update.macos64_1.5.0.202011040924/tools/bin/../lib/gcc/arm-none-eabi/9.3.1/../../../../arm-none-eabi/lib/thumb/v7e-m+fp/hard/libc_nano.a
LOAD /Applications/STM32CubeIDE.app/Contents/Eclipse/plugins/com.st.stm32cube.ide.mcu.externaltools.gnu-tools-for-stm32.9-2020-q2-update.macos64_1.5.0.202011040924/tools/bin/../lib/gcc/arm-none-eabi/9.3.1/../../../../arm-none-eabi/lib/thumb/v7e-m+fp/hard/libm.a
END GROUP
START GROUP
LOAD /Applications/STM32CubeIDE.app/Contents/Eclipse/plugins/com.st.stm32cube.ide.mcu.externaltools.gnu-tools-for-stm32.9-2020-q2-update.macos64_1.5.0.202011040924/tools/bin/../lib/gcc/arm-none-eabi/9.3.1/thumb/v7e-m+fp/hard/libgcc.a
LOAD /Applications/STM32CubeIDE.app/Contents/Eclipse/plugins/com.st.stm32cube.ide.mcu.externaltools.gnu-tools-for-stm32.9-2020-q2-update.macos64_1.5.0.202011040924/tools/bin/../lib/gcc/arm-none-eabi/9.3.1/../../../../arm-none-eabi/lib/thumb/v7e-m+fp/hard/libc_nano.a
END GROUP
START GROUP
LOAD /Applications/STM32CubeIDE.app/Contents/Eclipse/plugins/com.st.stm32cube.ide.mcu.externaltools.gnu-tools-for-stm32.9-2020-q2-update.macos64_1.5.0.202011040924/tools/bin/../lib/gcc/arm-none-eabi/9.3.1/thumb/v7e-m+fp/hard/libgcc.a
LOAD /Applications/STM32CubeIDE.app/Contents/Eclipse/plugins/com.st.stm32cube.ide.mcu.externaltools.gnu-tools-for-stm32.9-2020-q2-update.macos64_1.5.0.202011040924/tools/bin/../lib/gcc/arm-none-eabi/9.3.1/../../../../arm-none-eabi/lib/thumb/v7e-m+fp/hard/libc_nano.a
LOAD /Applications/STM32CubeIDE.app/Contents/Eclipse/plugins/com.st.stm32cube.ide.mcu.externaltools.gnu-tools-for-stm32.9-2020-q2-update.macos64_1.5.0.202011040924/tools/bin/../lib/gcc/arm-none-eabi/9.3.1/../../../../arm-none-eabi/lib/thumb/v7e-m+fp/hard/libnosys.a
END GROUP
START GROUP
LOAD /Applications/STM32CubeIDE.app/Contents/Eclipse/plugins/com.st.stm32cube.ide.mcu.externaltools.gnu-tools-for-stm32.9-2020-q2-update.macos64_1.5.0.202011040924/tools/bin/../lib/gcc/arm-none-eabi/9.3.1/thumb/v7e-m+fp/hard/libgcc.a
LOAD /Applications/STM32CubeIDE.app/Contents/Eclipse/plugins/com.st.stm32cube.ide.mcu.externaltools.gnu-tools-for-stm32.9-2020-q2-update.macos64_1.5.0.202011040924/tools/bin/../lib/gcc/arm-none-eabi/9.3.1/../../../../arm-none-eabi/lib/thumb/v7e-m+fp/hard/libc_nano.a
LOAD /Applications/STM32CubeIDE.app/Contents/Eclipse/plugins/com.st.stm32cube.ide.mcu.externaltools.gnu-tools-for-stm32.9-2020-q2-update.macos64_1.5.0.202011040924/tools/bin/../lib/gcc/arm-none-eabi/9.3.1/../../../../arm-none-eabi/lib/thumb/v7e-m+fp/hard/libnosys.a
END GROUP
LOAD /Applications/STM32CubeIDE.app/Contents/Eclipse/plugins/com.st.stm32cube.ide.mcu.externaltools.gnu-tools-for-stm32.9-2020-q2-update.macos64_1.5.0.202011040924/tools/bin/../lib/gcc/arm-none-eabi/9.3.1/thumb/v7e-m+fp/hard/crtend.o
LOAD /Applications/STM32CubeIDE.app/Contents/Eclipse/plugins/com.st.stm32cube.ide.mcu.externaltools.gnu-tools-for-stm32.9-2020-q2-update.macos64_1.5.0.202011040924/tools/bin/../lib/gcc/arm-none-eabi/9.3.1/thumb/v7e-m+fp/hard/crtn.o
                0x0000000020010000                _estack = (ORIGIN (RAM) + LENGTH (RAM))
                0x0000000000000200                _Min_Heap_Size = 0x200
                0x0000000000000400                _Min_Stack_Size = 0x400

.isr_vector     0x0000000008000000      0x18c
                0x0000000008000000                . = ALIGN (0x4)
 *(.isr_vector)
 .isr_vector    0x0000000008000000      0x18c Core/Startup/startup_stm32l432kcux.o
                0x0000000008000000                g_pfnVectors
                0x000000000800018c                . = ALIGN (0x4)

.text           0x000000000800018c     0x2f54
                0x000000000800018c                . = ALIGN (0x4)
 *(.text)
 .text          0x000000000800018c       0x40 /Applications/STM32CubeIDE.app/Contents/Eclipse/plugins/com.st.stm32cube.ide.mcu.externaltools.gnu-tools-for-stm32.9-2020-q2-update.macos64_1.5.0.202011040924/tools/bin/../lib/gcc/arm-none-eabi/9.3.1/thumb/v7e-m+fp/hard/crtbegin.o
 .text          0x00000000080001cc       0x30 /Applications/STM32CubeIDE.app/Contents/Eclipse/plugins/com.st.stm32cube.ide.mcu.externaltools.gnu-tools-for-stm32.9-2020-q2-update.macos64_1.5.0.202011040924/tools/bin/../lib/gcc/arm-none-eabi/9.3.1/thumb/v7e-m+fp/hard/libgcc.a(_aeabi_uldivmod.o)
                0x00000000080001cc                __aeabi_uldivmod
 .text          0x00000000080001fc      0x2c4 /Applications/STM32CubeIDE.app/Contents/Eclipse/plugins/com.st.stm32cube.ide.mcu.externaltools.gnu-tools-for-stm32.9-2020-q2-update.macos64_1.5.0.202011040924/tools/bin/../lib/gcc/arm-none-eabi/9.3.1/thumb/v7e-m+fp/hard/libgcc.a(_udivmoddi4.o)
                0x00000000080001fc                __udivmoddi4
 .text          0x00000000080004c0        0x4 /Applications/STM32CubeIDE.app/Contents/Eclipse/plugins/com.st.stm32cube.ide.mcu.externaltools.gnu-tools-for-stm32.9-2020-q2-update.macos64_1.5.0.202011040924/tools/bin/../lib/gcc/arm-none-eabi/9.3.1/thumb/v7e-m+fp/hard/libgcc.a(_dvmd_tls.o)
                0x00000000080004c0                __aeabi_ldiv0
                0x00000000080004c0                __aeabi_idiv0
 *(.text*)
 .text.MX_GPIO_Init
                0x00000000080004c4       0x94 Core/Src/gpio.o
                0x00000000080004c4                MX_GPIO_Init
 .text.MX_I2C1_Init
                0x0000000008000558       0x80 Core/Src/i2c.o
                0x0000000008000558                MX_I2C1_Init
 .text.HAL_I2C_MspInit
                0x00000000080005d8       0x88 Core/Src/i2c.o
                0x00000000080005d8                HAL_I2C_MspInit
 .text.main     0x0000000008000660       0x22 Core/Src/main.o
                0x0000000008000660                main
 *fill*         0x0000000008000682        0x2 
 .text.SystemClock_Config
                0x0000000008000684      0x108 Core/Src/main.o
                0x0000000008000684                SystemClock_Config
 .text.Error_Handler
                0x000000000800078c        0xa Core/Src/main.o
                0x000000000800078c                Error_Handler
 *fill*         0x0000000008000796        0x2 
 .text.MX_SPI1_Init
                0x0000000008000798       0x7c Core/Src/spi.o
                0x0000000008000798                MX_SPI1_Init
 .text.HAL_SPI_MspInit
                0x0000000008000814       0x84 Core/Src/spi.o
                0x0000000008000814                HAL_SPI_MspInit
 .text.HAL_MspInit
                0x0000000008000898       0x48 Core/Src/stm32l4xx_hal_msp.o
                0x0000000008000898                HAL_MspInit
 .text.NMI_Handler
                0x00000000080008e0        0x6 Core/Src/stm32l4xx_it.o
                0x00000000080008e0                NMI_Handler
 .text.HardFault_Handler
                0x00000000080008e6        0x6 Core/Src/stm32l4xx_it.o
                0x00000000080008e6                HardFault_Handler
 .text.MemManage_Handler
                0x00000000080008ec        0x6 Core/Src/stm32l4xx_it.o
                0x00000000080008ec                MemManage_Handler
 .text.BusFault_Handler
                0x00000000080008f2        0x6 Core/Src/stm32l4xx_it.o
                0x00000000080008f2                BusFault_Handler
 .text.UsageFault_Handler
                0x00000000080008f8        0x6 Core/Src/stm32l4xx_it.o
                0x00000000080008f8                UsageFault_Handler
 .text.SVC_Handler
                0x00000000080008fe        0xe Core/Src/stm32l4xx_it.o
                0x00000000080008fe                SVC_Handler
 .text.DebugMon_Handler
                0x000000000800090c        0xe Core/Src/stm32l4xx_it.o
                0x000000000800090c                DebugMon_Handler
 .text.PendSV_Handler
                0x000000000800091a        0xe Core/Src/stm32l4xx_it.o
                0x000000000800091a                PendSV_Handler
 .text.SysTick_Handler
                0x0000000008000928        0xc Core/Src/stm32l4xx_it.o
                0x0000000008000928                SysTick_Handler
 .text.SystemInit
                0x0000000008000934       0x64 Core/Src/system_stm32l4xx.o
                0x0000000008000934                SystemInit
 .text.MX_USART2_UART_Init
                0x0000000008000998       0x60 Core/Src/usart.o
                0x0000000008000998                MX_USART2_UART_Init
 .text.HAL_UART_MspInit
                0x00000000080009f8       0xa8 Core/Src/usart.o
                0x00000000080009f8                HAL_UART_MspInit
 .text.Reset_Handler
                0x0000000008000aa0       0x50 Core/Startup/startup_stm32l432kcux.o
                0x0000000008000aa0                Reset_Handler
 .text.Default_Handler
                0x0000000008000af0        0x2 Core/Startup/startup_stm32l432kcux.o
                0x0000000008000af0                TIM1_BRK_TIM15_IRQHandler
                0x0000000008000af0                EXTI2_IRQHandler
                0x0000000008000af0                TIM1_CC_IRQHandler
                0x0000000008000af0                TSC_IRQHandler
                0x0000000008000af0                TAMP_STAMP_IRQHandler
                0x0000000008000af0                EXTI3_IRQHandler
                0x0000000008000af0                LPTIM2_IRQHandler
                0x0000000008000af0                I2C3_ER_IRQHandler
                0x0000000008000af0                EXTI0_IRQHandler
                0x0000000008000af0                CAN1_RX0_IRQHandler
                0x0000000008000af0                FPU_IRQHandler
                0x0000000008000af0                TIM1_UP_TIM16_IRQHandler
                0x0000000008000af0                SPI1_IRQHandler
                0x0000000008000af0                TIM6_DAC_IRQHandler
                0x0000000008000af0                DMA2_Channel2_IRQHandler
                0x0000000008000af0                DMA1_Channel4_IRQHandler
                0x0000000008000af0                ADC1_IRQHandler
                0x0000000008000af0                DMA1_Channel7_IRQHandler
                0x0000000008000af0                CAN1_RX1_IRQHandler
                0x0000000008000af0                DMA2_Channel1_IRQHandler
                0x0000000008000af0                QUADSPI_IRQHandler
                0x0000000008000af0                I2C1_EV_IRQHandler
                0x0000000008000af0                DMA1_Channel6_IRQHandler
                0x0000000008000af0                DMA2_Channel4_IRQHandler
                0x0000000008000af0                RCC_IRQHandler
                0x0000000008000af0                TIM1_TRG_COM_IRQHandler
                0x0000000008000af0                DMA1_Channel1_IRQHandler
                0x0000000008000af0                Default_Handler
                0x0000000008000af0                DMA2_Channel7_IRQHandler
                0x0000000008000af0                EXTI15_10_IRQHandler
                0x0000000008000af0                TIM7_IRQHandler
                0x0000000008000af0                I2C3_EV_IRQHandler
                0x0000000008000af0                USB_IRQHandler
                0x0000000008000af0                EXTI9_5_IRQHandler
                0x0000000008000af0                RTC_WKUP_IRQHandler
                0x0000000008000af0                PVD_PVM_IRQHandler
                0x0000000008000af0                CAN1_TX_IRQHandler
                0x0000000008000af0                DMA2_Channel5_IRQHandler
                0x0000000008000af0                CRS_IRQHandler
                0x0000000008000af0                DMA1_Channel5_IRQHandler
                0x0000000008000af0                EXTI4_IRQHandler
                0x0000000008000af0                RNG_IRQHandler
                0x0000000008000af0                DMA1_Channel3_IRQHandler
                0x0000000008000af0                COMP_IRQHandler
                0x0000000008000af0                WWDG_IRQHandler
                0x0000000008000af0                LPUART1_IRQHandler
                0x0000000008000af0                DMA2_Channel6_IRQHandler
                0x0000000008000af0                TIM2_IRQHandler
                0x0000000008000af0                EXTI1_IRQHandler
                0x0000000008000af0                USART2_IRQHandler
                0x0000000008000af0                DMA1_Channel2_IRQHandler
                0x0000000008000af0                CAN1_SCE_IRQHandler
                0x0000000008000af0                FLASH_IRQHandler
                0x0000000008000af0                USART1_IRQHandler
                0x0000000008000af0                SPI3_IRQHandler
                0x0000000008000af0                I2C1_ER_IRQHandler
                0x0000000008000af0                SWPMI1_IRQHandler
                0x0000000008000af0                LPTIM1_IRQHandler
                0x0000000008000af0                SAI1_IRQHandler
                0x0000000008000af0                DMA2_Channel3_IRQHandler
                0x0000000008000af0                RTC_Alarm_IRQHandler
 .text.HAL_Init
                0x0000000008000af2       0x30 Drivers/STM32L4xx_HAL_Driver/Src/stm32l4xx_hal.o
                0x0000000008000af2                HAL_Init
 *fill*         0x0000000008000b22        0x2 
 .text.HAL_InitTick
                0x0000000008000b24       0x78 Drivers/STM32L4xx_HAL_Driver/Src/stm32l4xx_hal.o
                0x0000000008000b24                HAL_InitTick
 .text.HAL_IncTick
                0x0000000008000b9c       0x28 Drivers/STM32L4xx_HAL_Driver/Src/stm32l4xx_hal.o
                0x0000000008000b9c                HAL_IncTick
 .text.HAL_GetTick
                0x0000000008000bc4       0x18 Drivers/STM32L4xx_HAL_Driver/Src/stm32l4xx_hal.o
                0x0000000008000bc4                HAL_GetTick
 .text.__NVIC_SetPriorityGrouping
                0x0000000008000bdc       0x48 Drivers/STM32L4xx_HAL_Driver/Src/stm32l4xx_hal_cortex.o
 .text.__NVIC_GetPriorityGrouping
                0x0000000008000c24       0x1c Drivers/STM32L4xx_HAL_Driver/Src/stm32l4xx_hal_cortex.o
 .text.__NVIC_SetPriority
                0x0000000008000c40       0x54 Drivers/STM32L4xx_HAL_Driver/Src/stm32l4xx_hal_cortex.o
 .text.NVIC_EncodePriority
                0x0000000008000c94       0x66 Drivers/STM32L4xx_HAL_Driver/Src/stm32l4xx_hal_cortex.o
 *fill*         0x0000000008000cfa        0x2 
 .text.SysTick_Config
                0x0000000008000cfc       0x44 Drivers/STM32L4xx_HAL_Driver/Src/stm32l4xx_hal_cortex.o
 .text.HAL_NVIC_SetPriorityGrouping
                0x0000000008000d40       0x16 Drivers/STM32L4xx_HAL_Driver/Src/stm32l4xx_hal_cortex.o
                0x0000000008000d40                HAL_NVIC_SetPriorityGrouping
 .text.HAL_NVIC_SetPriority
                0x0000000008000d56       0x38 Drivers/STM32L4xx_HAL_Driver/Src/stm32l4xx_hal_cortex.o
                0x0000000008000d56                HAL_NVIC_SetPriority
 .text.HAL_SYSTICK_Config
                0x0000000008000d8e       0x18 Drivers/STM32L4xx_HAL_Driver/Src/stm32l4xx_hal_cortex.o
                0x0000000008000d8e                HAL_SYSTICK_Config
 *fill*         0x0000000008000da6        0x2 
 .text.HAL_GPIO_Init
                0x0000000008000da8      0x2d4 Drivers/STM32L4xx_HAL_Driver/Src/stm32l4xx_hal_gpio.o
                0x0000000008000da8                HAL_GPIO_Init
 .text.HAL_GPIO_WritePin
                0x000000000800107c       0x30 Drivers/STM32L4xx_HAL_Driver/Src/stm32l4xx_hal_gpio.o
                0x000000000800107c                HAL_GPIO_WritePin
 .text.HAL_I2C_Init
                0x00000000080010ac      0x11e Drivers/STM32L4xx_HAL_Driver/Src/stm32l4xx_hal_i2c.o
                0x00000000080010ac                HAL_I2C_Init
 .text.HAL_I2CEx_ConfigAnalogFilter
                0x00000000080011ca       0x96 Drivers/STM32L4xx_HAL_Driver/Src/stm32l4xx_hal_i2c_ex.o
                0x00000000080011ca                HAL_I2CEx_ConfigAnalogFilter
 .text.HAL_I2CEx_ConfigDigitalFilter
                0x0000000008001260       0x98 Drivers/STM32L4xx_HAL_Driver/Src/stm32l4xx_hal_i2c_ex.o
                0x0000000008001260                HAL_I2CEx_ConfigDigitalFilter
 .text.HAL_PWR_EnableBkUpAccess
                0x00000000080012f8       0x20 Drivers/STM32L4xx_HAL_Driver/Src/stm32l4xx_hal_pwr.o
                0x00000000080012f8                HAL_PWR_EnableBkUpAccess
 .text.HAL_PWREx_GetVoltageRange
                0x0000000008001318       0x1c Drivers/STM32L4xx_HAL_Driver/Src/stm32l4xx_hal_pwr_ex.o
                0x0000000008001318                HAL_PWREx_GetVoltageRange
 .text.HAL_PWREx_ControlVoltageScaling
                0x0000000008001334       0xac Drivers/STM32L4xx_HAL_Driver/Src/stm32l4xx_hal_pwr_ex.o
                0x0000000008001334                HAL_PWREx_ControlVoltageScaling
 .text.HAL_RCC_OscConfig
                0x00000000080013e0      0x840 Drivers/STM32L4xx_HAL_Driver/Src/stm32l4xx_hal_rcc.o
                0x00000000080013e0                HAL_RCC_OscConfig
 .text.HAL_RCC_ClockConfig
                0x0000000008001c20      0x1c4 Drivers/STM32L4xx_HAL_Driver/Src/stm32l4xx_hal_rcc.o
                0x0000000008001c20                HAL_RCC_ClockConfig
 .text.HAL_RCC_GetSysClockFreq
                0x0000000008001de4      0x118 Drivers/STM32L4xx_HAL_Driver/Src/stm32l4xx_hal_rcc.o
                0x0000000008001de4                HAL_RCC_GetSysClockFreq
 .text.HAL_RCC_GetHCLKFreq
                0x0000000008001efc       0x18 Drivers/STM32L4xx_HAL_Driver/Src/stm32l4xx_hal_rcc.o
                0x0000000008001efc                HAL_RCC_GetHCLKFreq
 .text.HAL_RCC_GetPCLK1Freq
                0x0000000008001f14       0x2c Drivers/STM32L4xx_HAL_Driver/Src/stm32l4xx_hal_rcc.o
                0x0000000008001f14                HAL_RCC_GetPCLK1Freq
 .text.HAL_RCC_GetPCLK2Freq
                0x0000000008001f40       0x2c Drivers/STM32L4xx_HAL_Driver/Src/stm32l4xx_hal_rcc.o
                0x0000000008001f40                HAL_RCC_GetPCLK2Freq
 .text.RCC_SetFlashLatencyFromMSIRange
                0x0000000008001f6c       0xc0 Drivers/STM32L4xx_HAL_Driver/Src/stm32l4xx_hal_rcc.o
 .text.HAL_RCCEx_PeriphCLKConfig
                0x000000000800202c      0x3e8 Drivers/STM32L4xx_HAL_Driver/Src/stm32l4xx_hal_rcc_ex.o
                0x000000000800202c                HAL_RCCEx_PeriphCLKConfig
 .text.HAL_RCCEx_EnableMSIPLLMode
                0x0000000008002414       0x20 Drivers/STM32L4xx_HAL_Driver/Src/stm32l4xx_hal_rcc_ex.o
                0x0000000008002414                HAL_RCCEx_EnableMSIPLLMode
 .text.RCCEx_PLLSAI1_Config
                0x0000000008002434      0x1e4 Drivers/STM32L4xx_HAL_Driver/Src/stm32l4xx_hal_rcc_ex.o
 .text.HAL_SPI_Init
                0x0000000008002618      0x146 Drivers/STM32L4xx_HAL_Driver/Src/stm32l4xx_hal_spi.o
                0x0000000008002618                HAL_SPI_Init
 .text.HAL_UART_Init
                0x000000000800275e       0x9c Drivers/STM32L4xx_HAL_Driver/Src/stm32l4xx_hal_uart.o
                0x000000000800275e                HAL_UART_Init
 *fill*         0x00000000080027fa        0x2 
 .text.UART_SetConfig
                0x00000000080027fc      0x418 Drivers/STM32L4xx_HAL_Driver/Src/stm32l4xx_hal_uart.o
                0x00000000080027fc                UART_SetConfig
 .text.UART_AdvFeatureConfig
                0x0000000008002c14      0x144 Drivers/STM32L4xx_HAL_Driver/Src/stm32l4xx_hal_uart.o
                0x0000000008002c14                UART_AdvFeatureConfig
 .text.UART_CheckIdleState
                0x0000000008002d58       0x92 Drivers/STM32L4xx_HAL_Driver/Src/stm32l4xx_hal_uart.o
                0x0000000008002d58                UART_CheckIdleState
 .text.UART_WaitOnFlagUntilTimeout
                0x0000000008002dea       0xf8 Drivers/STM32L4xx_HAL_Driver/Src/stm32l4xx_hal_uart.o
                0x0000000008002dea                UART_WaitOnFlagUntilTimeout
 *fill*         0x0000000008002ee2        0x2 
 .text.MX_FATFS_Init
                0x0000000008002ee4       0x24 FATFS/App/fatfs.o
                0x0000000008002ee4                MX_FATFS_Init
 .text.USER_initialize
                0x0000000008002f08       0x28 FATFS/Target/user_diskio.o
                0x0000000008002f08                USER_initialize
 .text.USER_status
                0x0000000008002f30       0x28 FATFS/Target/user_diskio.o
                0x0000000008002f30                USER_status
 .text.USER_read
                0x0000000008002f58       0x1e FATFS/Target/user_diskio.o
                0x0000000008002f58                USER_read
 .text.USER_write
                0x0000000008002f76       0x1e FATFS/Target/user_diskio.o
                0x0000000008002f76                USER_write
 .text.USER_ioctl
                0x0000000008002f94       0x22 FATFS/Target/user_diskio.o
                0x0000000008002f94                USER_ioctl
 *fill*         0x0000000008002fb6        0x2 
 .text.FATFS_LinkDriverEx
                0x0000000008002fb8       0x98 Middlewares/Third_Party/FatFs/src/ff_gen_drv.o
                0x0000000008002fb8                FATFS_LinkDriverEx
 .text.FATFS_LinkDriver
                0x0000000008003050       0x1e Middlewares/Third_Party/FatFs/src/ff_gen_drv.o
                0x0000000008003050                FATFS_LinkDriver
 *fill*         0x000000000800306e        0x2 
 .text.__libc_init_array
                0x0000000008003070       0x48 /Applications/STM32CubeIDE.app/Contents/Eclipse/plugins/com.st.stm32cube.ide.mcu.externaltools.gnu-tools-for-stm32.9-2020-q2-update.macos64_1.5.0.202011040924/tools/bin/../lib/gcc/arm-none-eabi/9.3.1/../../../../arm-none-eabi/lib/thumb/v7e-m+fp/hard/libc_nano.a(lib_a-init.o)
                0x0000000008003070                __libc_init_array
 .text.memset   0x00000000080030b8       0x10 /Applications/STM32CubeIDE.app/Contents/Eclipse/plugins/com.st.stm32cube.ide.mcu.externaltools.gnu-tools-for-stm32.9-2020-q2-update.macos64_1.5.0.202011040924/tools/bin/../lib/gcc/arm-none-eabi/9.3.1/../../../../arm-none-eabi/lib/thumb/v7e-m+fp/hard/libc_nano.a(lib_a-memset.o)
                0x00000000080030b8                memset
 *(.glue_7)
 .glue_7        0x00000000080030c8        0x0 linker stubs
 *(.glue_7t)
 .glue_7t       0x00000000080030c8        0x0 linker stubs
 *(.eh_frame)
 .eh_frame      0x00000000080030c8        0x0 /Applications/STM32CubeIDE.app/Contents/Eclipse/plugins/com.st.stm32cube.ide.mcu.externaltools.gnu-tools-for-stm32.9-2020-q2-update.macos64_1.5.0.202011040924/tools/bin/../lib/gcc/arm-none-eabi/9.3.1/thumb/v7e-m+fp/hard/crtbegin.o
 *(.init)
 .init          0x00000000080030c8        0x4 /Applications/STM32CubeIDE.app/Contents/Eclipse/plugins/com.st.stm32cube.ide.mcu.externaltools.gnu-tools-for-stm32.9-2020-q2-update.macos64_1.5.0.202011040924/tools/bin/../lib/gcc/arm-none-eabi/9.3.1/thumb/v7e-m+fp/hard/crti.o
                0x00000000080030c8                _init
 .init          0x00000000080030cc        0x8 /Applications/STM32CubeIDE.app/Contents/Eclipse/plugins/com.st.stm32cube.ide.mcu.externaltools.gnu-tools-for-stm32.9-2020-q2-update.macos64_1.5.0.202011040924/tools/bin/../lib/gcc/arm-none-eabi/9.3.1/thumb/v7e-m+fp/hard/crtn.o
 *(.fini)
 .fini          0x00000000080030d4        0x4 /Applications/STM32CubeIDE.app/Contents/Eclipse/plugins/com.st.stm32cube.ide.mcu.externaltools.gnu-tools-for-stm32.9-2020-q2-update.macos64_1.5.0.202011040924/tools/bin/../lib/gcc/arm-none-eabi/9.3.1/thumb/v7e-m+fp/hard/crti.o
                0x00000000080030d4                _fini
 .fini          0x00000000080030d8        0x8 /Applications/STM32CubeIDE.app/Contents/Eclipse/plugins/com.st.stm32cube.ide.mcu.externaltools.gnu-tools-for-stm32.9-2020-q2-update.macos64_1.5.0.202011040924/tools/bin/../lib/gcc/arm-none-eabi/9.3.1/thumb/v7e-m+fp/hard/crtn.o
                0x00000000080030e0                . = ALIGN (0x4)
                0x00000000080030e0                _etext = .

.vfp11_veneer   0x00000000080030e0        0x0
 .vfp11_veneer  0x00000000080030e0        0x0 linker stubs

.v4_bx          0x00000000080030e0        0x0
 .v4_bx         0x00000000080030e0        0x0 linker stubs

.iplt           0x00000000080030e0        0x0
 .iplt          0x00000000080030e0        0x0 /Applications/STM32CubeIDE.app/Contents/Eclipse/plugins/com.st.stm32cube.ide.mcu.externaltools.gnu-tools-for-stm32.9-2020-q2-update.macos64_1.5.0.202011040924/tools/bin/../lib/gcc/arm-none-eabi/9.3.1/thumb/v7e-m+fp/hard/crtbegin.o

.rodata         0x00000000080030e0       0x48
                0x00000000080030e0                . = ALIGN (0x4)
 *(.rodata)
 *(.rodata*)
 .rodata.AHBPrescTable
                0x00000000080030e0       0x10 Core/Src/system_stm32l4xx.o
                0x00000000080030e0                AHBPrescTable
 .rodata.APBPrescTable
                0x00000000080030f0        0x8 Core/Src/system_stm32l4xx.o
                0x00000000080030f0                APBPrescTable
 .rodata.MSIRangeTable
                0x00000000080030f8       0x30 Core/Src/system_stm32l4xx.o
                0x00000000080030f8                MSIRangeTable
                0x0000000008003128                . = ALIGN (0x4)

.ARM.extab      0x0000000008003128        0x0
                0x0000000008003128                . = ALIGN (0x4)
 *(.ARM.extab* .gnu.linkonce.armextab.*)
                0x0000000008003128                . = ALIGN (0x4)

.ARM            0x0000000008003128        0x8
                0x0000000008003128                . = ALIGN (0x4)
                0x0000000008003128                __exidx_start = .
 *(.ARM.exidx*)
 .ARM.exidx     0x0000000008003128        0x8 /Applications/STM32CubeIDE.app/Contents/Eclipse/plugins/com.st.stm32cube.ide.mcu.externaltools.gnu-tools-for-stm32.9-2020-q2-update.macos64_1.5.0.202011040924/tools/bin/../lib/gcc/arm-none-eabi/9.3.1/thumb/v7e-m+fp/hard/libgcc.a(_udivmoddi4.o)
                0x0000000008003130                __exidx_end = .
                0x0000000008003130                . = ALIGN (0x4)

.rel.dyn        0x0000000008003130        0x0
 .rel.iplt      0x0000000008003130        0x0 /Applications/STM32CubeIDE.app/Contents/Eclipse/plugins/com.st.stm32cube.ide.mcu.externaltools.gnu-tools-for-stm32.9-2020-q2-update.macos64_1.5.0.202011040924/tools/bin/../lib/gcc/arm-none-eabi/9.3.1/thumb/v7e-m+fp/hard/crtbegin.o

.preinit_array  0x0000000008003130        0x0
                0x0000000008003130                . = ALIGN (0x4)
                0x0000000008003130                PROVIDE (__preinit_array_start = .)
 *(.preinit_array*)
                0x0000000008003130                PROVIDE (__preinit_array_end = .)
                0x0000000008003130                . = ALIGN (0x4)

.init_array     0x0000000008003130        0x4
                0x0000000008003130                . = ALIGN (0x4)
                0x0000000008003130                PROVIDE (__init_array_start = .)
 *(SORT_BY_NAME(.init_array.*))
 *(.init_array*)
 .init_array    0x0000000008003130        0x4 /Applications/STM32CubeIDE.app/Contents/Eclipse/plugins/com.st.stm32cube.ide.mcu.externaltools.gnu-tools-for-stm32.9-2020-q2-update.macos64_1.5.0.202011040924/tools/bin/../lib/gcc/arm-none-eabi/9.3.1/thumb/v7e-m+fp/hard/crtbegin.o
                0x0000000008003134                PROVIDE (__init_array_end = .)
                0x0000000008003134                . = ALIGN (0x4)

.fini_array     0x0000000008003134        0x4
                0x0000000008003134                . = ALIGN (0x4)
                [!provide]                        PROVIDE (__fini_array_start = .)
 *(SORT_BY_NAME(.fini_array.*))
 *(.fini_array*)
 .fini_array    0x0000000008003134        0x4 /Applications/STM32CubeIDE.app/Contents/Eclipse/plugins/com.st.stm32cube.ide.mcu.externaltools.gnu-tools-for-stm32.9-2020-q2-update.macos64_1.5.0.202011040924/tools/bin/../lib/gcc/arm-none-eabi/9.3.1/thumb/v7e-m+fp/hard/crtbegin.o
                [!provide]                        PROVIDE (__fini_array_end = .)
                0x0000000008003138                . = ALIGN (0x4)
                0x0000000008003138                _sidata = LOADADDR (.data)

.data           0x0000000020000000       0x20 load address 0x0000000008003138
                0x0000000020000000                . = ALIGN (0x4)
                0x0000000020000000                _sdata = .
 *(.data)
 *(.data*)
 .data.SystemCoreClock
                0x0000000020000000        0x4 Core/Src/system_stm32l4xx.o
                0x0000000020000000                SystemCoreClock
 .data.uwTickPrio
                0x0000000020000004        0x4 Drivers/STM32L4xx_HAL_Driver/Src/stm32l4xx_hal.o
                0x0000000020000004                uwTickPrio
 .data.uwTickFreq
                0x0000000020000008        0x1 Drivers/STM32L4xx_HAL_Driver/Src/stm32l4xx_hal.o
                0x0000000020000008                uwTickFreq
 .data.Stat     0x0000000020000009        0x1 FATFS/Target/user_diskio.o
 *fill*         0x000000002000000a        0x2 
 .data.USER_Driver
                0x000000002000000c       0x14 FATFS/Target/user_diskio.o
                0x000000002000000c                USER_Driver
 *(.RamFunc)
 *(.RamFunc*)
                0x0000000020000020                . = ALIGN (0x4)
                0x0000000020000020                _edata = .

.igot.plt       0x0000000020000020        0x0 load address 0x0000000008003158
 .igot.plt      0x0000000020000020        0x0 /Applications/STM32CubeIDE.app/Contents/Eclipse/plugins/com.st.stm32cube.ide.mcu.externaltools.gnu-tools-for-stm32.9-2020-q2-update.macos64_1.5.0.202011040924/tools/bin/../lib/gcc/arm-none-eabi/9.3.1/thumb/v7e-m+fp/hard/crtbegin.o
                0x0000000020000020                . = ALIGN (0x4)

.bss            0x0000000020000020      0x5c8 load address 0x0000000008003158
                0x0000000020000020                _sbss = .
                0x0000000020000020                __bss_start__ = _sbss
 *(.bss)
 .bss           0x0000000020000020       0x1c /Applications/STM32CubeIDE.app/Contents/Eclipse/plugins/com.st.stm32cube.ide.mcu.externaltools.gnu-tools-for-stm32.9-2020-q2-update.macos64_1.5.0.202011040924/tools/bin/../lib/gcc/arm-none-eabi/9.3.1/thumb/v7e-m+fp/hard/crtbegin.o
 *(.bss*)
 .bss.disk      0x000000002000003c        0xc Middlewares/Third_Party/FatFs/src/ff_gen_drv.o
                0x000000002000003c                disk
 *(COMMON)
 COMMON         0x0000000020000048       0x4c Core/Src/i2c.o
                0x0000000020000048                hi2c1
 COMMON         0x0000000020000094       0x64 Core/Src/spi.o
                0x0000000020000094                hspi1
 COMMON         0x00000000200000f8       0x84 Core/Src/usart.o
                0x00000000200000f8                huart2
 COMMON         0x000000002000017c        0x4 Drivers/STM32L4xx_HAL_Driver/Src/stm32l4xx_hal.o
                0x000000002000017c                uwTick
 COMMON         0x0000000020000180      0x468 FATFS/App/fatfs.o
                0x0000000020000180                USERPath
                0x0000000020000184                retUSER
                0x0000000020000188                USERFile
                0x00000000200003b8                USERFatFS
                0x00000000200005e8                . = ALIGN (0x4)
                0x00000000200005e8                _ebss = .
                0x00000000200005e8                __bss_end__ = _ebss

._user_heap_stack
                0x00000000200005e8      0x600 load address 0x0000000008003158
                0x00000000200005e8                . = ALIGN (0x8)
                [!provide]                        PROVIDE (end = .)
                0x00000000200005e8                PROVIDE (_end = .)
                0x00000000200007e8                . = (. + _Min_Heap_Size)
 *fill*         0x00000000200005e8      0x200 
                0x0000000020000be8                . = (. + _Min_Stack_Size)
 *fill*         0x00000000200007e8      0x400 
                0x0000000020000be8                . = ALIGN (0x8)

/DISCARD/
 libc.a(*)
 libm.a(*)
 libgcc.a(*)

.ARM.attributes
                0x0000000000000000       0x30
 *(.ARM.attributes)
 .ARM.attributes
                0x0000000000000000       0x1e /Applications/STM32CubeIDE.app/Contents/Eclipse/plugins/com.st.stm32cube.ide.mcu.externaltools.gnu-tools-for-stm32.9-2020-q2-update.macos64_1.5.0.202011040924/tools/bin/../lib/gcc/arm-none-eabi/9.3.1/thumb/v7e-m+fp/hard/crti.o
 .ARM.attributes
                0x000000000000001e       0x34 /Applications/STM32CubeIDE.app/Contents/Eclipse/plugins/com.st.stm32cube.ide.mcu.externaltools.gnu-tools-for-stm32.9-2020-q2-update.macos64_1.5.0.202011040924/tools/bin/../lib/gcc/arm-none-eabi/9.3.1/thumb/v7e-m+fp/hard/crtbegin.o
 .ARM.attributes
                0x0000000000000052       0x34 Core/Src/gpio.o
 .ARM.attributes
                0x0000000000000086       0x34 Core/Src/i2c.o
 .ARM.attributes
                0x00000000000000ba       0x34 Core/Src/main.o
 .ARM.attributes
                0x00000000000000ee       0x34 Core/Src/spi.o
 .ARM.attributes
                0x0000000000000122       0x34 Core/Src/stm32l4xx_hal_msp.o
 .ARM.attributes
                0x0000000000000156       0x34 Core/Src/stm32l4xx_it.o
 .ARM.attributes
                0x000000000000018a       0x34 Core/Src/system_stm32l4xx.o
 .ARM.attributes
                0x00000000000001be       0x34 Core/Src/usart.o
 .ARM.attributes
                0x00000000000001f2       0x21 Core/Startup/startup_stm32l432kcux.o
 .ARM.attributes
                0x0000000000000213       0x34 Drivers/STM32L4xx_HAL_Driver/Src/stm32l4xx_hal.o
 .ARM.attributes
                0x0000000000000247       0x34 Drivers/STM32L4xx_HAL_Driver/Src/stm32l4xx_hal_cortex.o
 .ARM.attributes
                0x000000000000027b       0x34 Drivers/STM32L4xx_HAL_Driver/Src/stm32l4xx_hal_gpio.o
 .ARM.attributes
                0x00000000000002af       0x34 Drivers/STM32L4xx_HAL_Driver/Src/stm32l4xx_hal_i2c.o
 .ARM.attributes
                0x00000000000002e3       0x34 Drivers/STM32L4xx_HAL_Driver/Src/stm32l4xx_hal_i2c_ex.o
 .ARM.attributes
                0x0000000000000317       0x34 Drivers/STM32L4xx_HAL_Driver/Src/stm32l4xx_hal_pwr.o
 .ARM.attributes
                0x000000000000034b       0x34 Drivers/STM32L4xx_HAL_Driver/Src/stm32l4xx_hal_pwr_ex.o
 .ARM.attributes
                0x000000000000037f       0x34 Drivers/STM32L4xx_HAL_Driver/Src/stm32l4xx_hal_rcc.o
 .ARM.attributes
                0x00000000000003b3       0x34 Drivers/STM32L4xx_HAL_Driver/Src/stm32l4xx_hal_rcc_ex.o
 .ARM.attributes
                0x00000000000003e7       0x34 Drivers/STM32L4xx_HAL_Driver/Src/stm32l4xx_hal_spi.o
 .ARM.attributes
                0x000000000000041b       0x34 Drivers/STM32L4xx_HAL_Driver/Src/stm32l4xx_hal_uart.o
 .ARM.attributes
                0x000000000000044f       0x34 FATFS/App/fatfs.o
 .ARM.attributes
                0x0000000000000483       0x34 FATFS/Target/user_diskio.o
 .ARM.attributes
                0x00000000000004b7       0x34 Middlewares/Third_Party/FatFs/src/ff_gen_drv.o
 .ARM.attributes
                0x00000000000004eb       0x34 /Applications/STM32CubeIDE.app/Contents/Eclipse/plugins/com.st.stm32cube.ide.mcu.externaltools.gnu-tools-for-stm32.9-2020-q2-update.macos64_1.5.0.202011040924/tools/bin/../lib/gcc/arm-none-eabi/9.3.1/../../../../arm-none-eabi/lib/thumb/v7e-m+fp/hard/libc_nano.a(lib_a-init.o)
 .ARM.attributes
                0x000000000000051f       0x34 /Applications/STM32CubeIDE.app/Contents/Eclipse/plugins/com.st.stm32cube.ide.mcu.externaltools.gnu-tools-for-stm32.9-2020-q2-update.macos64_1.5.0.202011040924/tools/bin/../lib/gcc/arm-none-eabi/9.3.1/../../../../arm-none-eabi/lib/thumb/v7e-m+fp/hard/libc_nano.a(lib_a-memset.o)
 .ARM.attributes
                0x0000000000000553       0x1e /Applications/STM32CubeIDE.app/Contents/Eclipse/plugins/com.st.stm32cube.ide.mcu.externaltools.gnu-tools-for-stm32.9-2020-q2-update.macos64_1.5.0.202011040924/tools/bin/../lib/gcc/arm-none-eabi/9.3.1/thumb/v7e-m+fp/hard/libgcc.a(_aeabi_uldivmod.o)
 .ARM.attributes
                0x0000000000000571       0x34 /Applications/STM32CubeIDE.app/Contents/Eclipse/plugins/com.st.stm32cube.ide.mcu.externaltools.gnu-tools-for-stm32.9-2020-q2-update.macos64_1.5.0.202011040924/tools/bin/../lib/gcc/arm-none-eabi/9.3.1/thumb/v7e-m+fp/hard/libgcc.a(_udivmoddi4.o)
 .ARM.attributes
                0x00000000000005a5       0x1e /Applications/STM32CubeIDE.app/Contents/Eclipse/plugins/com.st.stm32cube.ide.mcu.externaltools.gnu-tools-for-stm32.9-2020-q2-update.macos64_1.5.0.202011040924/tools/bin/../lib/gcc/arm-none-eabi/9.3.1/thumb/v7e-m+fp/hard/libgcc.a(_dvmd_tls.o)
 .ARM.attributes
                0x00000000000005c3       0x1e /Applications/STM32CubeIDE.app/Contents/Eclipse/plugins/com.st.stm32cube.ide.mcu.externaltools.gnu-tools-for-stm32.9-2020-q2-update.macos64_1.5.0.202011040924/tools/bin/../lib/gcc/arm-none-eabi/9.3.1/thumb/v7e-m+fp/hard/crtn.o
OUTPUT(FlightLogger.elf elf32-littlearm)
LOAD linker stubs
LOAD /Applications/STM32CubeIDE.app/Contents/Eclipse/plugins/com.st.stm32cube.ide.mcu.externaltools.gnu-tools-for-stm32.9-2020-q2-update.macos64_1.5.0.202011040924/tools/bin/../lib/gcc/arm-none-eabi/9.3.1/../../../../arm-none-eabi/lib/thumb/v7e-m+fp/hard/libc.a
LOAD /Applications/STM32CubeIDE.app/Contents/Eclipse/plugins/com.st.stm32cube.ide.mcu.externaltools.gnu-tools-for-stm32.9-2020-q2-update.macos64_1.5.0.202011040924/tools/bin/../lib/gcc/arm-none-eabi/9.3.1/../../../../arm-none-eabi/lib/thumb/v7e-m+fp/hard/libm.a
LOAD /Applications/STM32CubeIDE.app/Contents/Eclipse/plugins/com.st.stm32cube.ide.mcu.externaltools.gnu-tools-for-stm32.9-2020-q2-update.macos64_1.5.0.202011040924/tools/bin/../lib/gcc/arm-none-eabi/9.3.1/thumb/v7e-m+fp/hard/libgcc.a

.debug_info     0x0000000000000000    0x14642
 .debug_info    0x0000000000000000      0x6c2 Core/Src/gpio.o
 .debug_info    0x00000000000006c2      0xc20 Core/Src/i2c.o
 .debug_info    0x00000000000012e2     0x201a Core/Src/main.o
 .debug_info    0x00000000000032fc      0xbd0 Core/Src/spi.o
 .debug_info    0x0000000000003ecc      0x553 Core/Src/stm32l4xx_hal_msp.o
 .debug_info    0x000000000000441f      0x373 Core/Src/stm32l4xx_it.o
 .debug_info    0x0000000000004792      0x787 Core/Src/system_stm32l4xx.o
 .debug_info    0x0000000000004f19      0xc95 Core/Src/usart.o
 .debug_info    0x0000000000005bae       0x22 Core/Startup/startup_stm32l432kcux.o
 .debug_info    0x0000000000005bd0      0xb5e Drivers/STM32L4xx_HAL_Driver/Src/stm32l4xx_hal.o
 .debug_info    0x000000000000672e      0xfb0 Drivers/STM32L4xx_HAL_Driver/Src/stm32l4xx_hal_cortex.o
 .debug_info    0x00000000000076de      0xa5f Drivers/STM32L4xx_HAL_Driver/Src/stm32l4xx_hal_gpio.o
 .debug_info    0x000000000000813d     0x22fd Drivers/STM32L4xx_HAL_Driver/Src/stm32l4xx_hal_i2c.o
 .debug_info    0x000000000000a43a      0xc37 Drivers/STM32L4xx_HAL_Driver/Src/stm32l4xx_hal_i2c_ex.o
 .debug_info    0x000000000000b071      0xb47 Drivers/STM32L4xx_HAL_Driver/Src/stm32l4xx_hal_pwr.o
 .debug_info    0x000000000000bbb8      0xb7b Drivers/STM32L4xx_HAL_Driver/Src/stm32l4xx_hal_pwr_ex.o
 .debug_info    0x000000000000c733      0xdb5 Drivers/STM32L4xx_HAL_Driver/Src/stm32l4xx_hal_rcc.o
 .debug_info    0x000000000000d4e8     0x1108 Drivers/STM32L4xx_HAL_Driver/Src/stm32l4xx_hal_rcc_ex.o
 .debug_info    0x000000000000e5f0     0x18f8 Drivers/STM32L4xx_HAL_Driver/Src/stm32l4xx_hal_spi.o
 .debug_info    0x000000000000fee8     0x1ad1 Drivers/STM32L4xx_HAL_Driver/Src/stm32l4xx_hal_uart.o
 .debug_info    0x00000000000119b9      0xfb5 FATFS/App/fatfs.o
 .debug_info    0x000000000001296e      0xe4a FATFS/Target/user_diskio.o
 .debug_info    0x00000000000137b8      0xe8a Middlewares/Third_Party/FatFs/src/ff_gen_drv.o

.debug_abbrev   0x0000000000000000     0x2b99
 .debug_abbrev  0x0000000000000000      0x14e Core/Src/gpio.o
 .debug_abbrev  0x000000000000014e      0x1c6 Core/Src/i2c.o
 .debug_abbrev  0x0000000000000314      0x25a Core/Src/main.o
 .debug_abbrev  0x000000000000056e      0x1bb Core/Src/spi.o
 .debug_abbrev  0x0000000000000729      0x13d Core/Src/stm32l4xx_hal_msp.o
 .debug_abbrev  0x0000000000000866       0xf2 Core/Src/stm32l4xx_it.o
 .debug_abbrev  0x0000000000000958      0x165 Core/Src/system_stm32l4xx.o
 .debug_abbrev  0x0000000000000abd      0x1bb Core/Src/usart.o
 .debug_abbrev  0x0000000000000c78       0x12 Core/Startup/startup_stm32l432kcux.o
 .debug_abbrev  0x0000000000000c8a      0x20b Drivers/STM32L4xx_HAL_Driver/Src/stm32l4xx_hal.o
 .debug_abbrev  0x0000000000000e95      0x33c Drivers/STM32L4xx_HAL_Driver/Src/stm32l4xx_hal_cortex.o
 .debug_abbrev  0x00000000000011d1      0x1e8 Drivers/STM32L4xx_HAL_Driver/Src/stm32l4xx_hal_gpio.o
 .debug_abbrev  0x00000000000013b9      0x256 Drivers/STM32L4xx_HAL_Driver/Src/stm32l4xx_hal_i2c.o
 .debug_abbrev  0x000000000000160f      0x1dd Drivers/STM32L4xx_HAL_Driver/Src/stm32l4xx_hal_i2c_ex.o
 .debug_abbrev  0x00000000000017ec      0x1ab Drivers/STM32L4xx_HAL_Driver/Src/stm32l4xx_hal_pwr.o
 .debug_abbrev  0x0000000000001997      0x1f3 Drivers/STM32L4xx_HAL_Driver/Src/stm32l4xx_hal_pwr_ex.o
 .debug_abbrev  0x0000000000001b8a      0x275 Drivers/STM32L4xx_HAL_Driver/Src/stm32l4xx_hal_rcc.o
 .debug_abbrev  0x0000000000001dff      0x268 Drivers/STM32L4xx_HAL_Driver/Src/stm32l4xx_hal_rcc_ex.o
 .debug_abbrev  0x0000000000002067      0x254 Drivers/STM32L4xx_HAL_Driver/Src/stm32l4xx_hal_spi.o
 .debug_abbrev  0x00000000000022bb      0x23f Drivers/STM32L4xx_HAL_Driver/Src/stm32l4xx_hal_uart.o
 .debug_abbrev  0x00000000000024fa      0x209 FATFS/App/fatfs.o
 .debug_abbrev  0x0000000000002703      0x22e FATFS/Target/user_diskio.o
 .debug_abbrev  0x0000000000002931      0x268 Middlewares/Third_Party/FatFs/src/ff_gen_drv.o

.debug_aranges  0x0000000000000000      0xee0
 .debug_aranges
                0x0000000000000000       0x20 Core/Src/gpio.o
 .debug_aranges
                0x0000000000000020       0x30 Core/Src/i2c.o
 .debug_aranges
                0x0000000000000050       0x30 Core/Src/main.o
 .debug_aranges
                0x0000000000000080       0x30 Core/Src/spi.o
 .debug_aranges
                0x00000000000000b0       0x20 Core/Src/stm32l4xx_hal_msp.o
 .debug_aranges
                0x00000000000000d0       0x60 Core/Src/stm32l4xx_it.o
 .debug_aranges
                0x0000000000000130       0x28 Core/Src/system_stm32l4xx.o
 .debug_aranges
                0x0000000000000158       0x30 Core/Src/usart.o
 .debug_aranges
                0x0000000000000188       0x28 Core/Startup/startup_stm32l432kcux.o
 .debug_aranges
                0x00000000000001b0      0x108 Drivers/STM32L4xx_HAL_Driver/Src/stm32l4xx_hal.o
 .debug_aranges
                0x00000000000002b8      0x118 Drivers/STM32L4xx_HAL_Driver/Src/stm32l4xx_hal_cortex.o
 .debug_aranges
                0x00000000000003d0       0x58 Drivers/STM32L4xx_HAL_Driver/Src/stm32l4xx_hal_gpio.o
 .debug_aranges
                0x0000000000000428      0x290 Drivers/STM32L4xx_HAL_Driver/Src/stm32l4xx_hal_i2c.o
 .debug_aranges
                0x00000000000006b8       0x48 Drivers/STM32L4xx_HAL_Driver/Src/stm32l4xx_hal_i2c_ex.o
 .debug_aranges
                0x0000000000000700       0x98 Drivers/STM32L4xx_HAL_Driver/Src/stm32l4xx_hal_pwr.o
 .debug_aranges
                0x0000000000000798      0x128 Drivers/STM32L4xx_HAL_Driver/Src/stm32l4xx_hal_pwr_ex.o
 .debug_aranges
                0x00000000000008c0       0x88 Drivers/STM32L4xx_HAL_Driver/Src/stm32l4xx_hal_rcc.o
 .debug_aranges
                0x0000000000000948       0xf0 Drivers/STM32L4xx_HAL_Driver/Src/stm32l4xx_hal_rcc_ex.o
 .debug_aranges
                0x0000000000000a38      0x1d8 Drivers/STM32L4xx_HAL_Driver/Src/stm32l4xx_hal_spi.o
 .debug_aranges
                0x0000000000000c10      0x228 Drivers/STM32L4xx_HAL_Driver/Src/stm32l4xx_hal_uart.o
 .debug_aranges
                0x0000000000000e38       0x28 FATFS/App/fatfs.o
 .debug_aranges
                0x0000000000000e60       0x40 FATFS/Target/user_diskio.o
 .debug_aranges
                0x0000000000000ea0       0x40 Middlewares/Third_Party/FatFs/src/ff_gen_drv.o

.debug_ranges   0x0000000000000000      0xda8
 .debug_ranges  0x0000000000000000       0x10 Core/Src/gpio.o
 .debug_ranges  0x0000000000000010       0x20 Core/Src/i2c.o
 .debug_ranges  0x0000000000000030       0x20 Core/Src/main.o
 .debug_ranges  0x0000000000000050       0x20 Core/Src/spi.o
 .debug_ranges  0x0000000000000070       0x10 Core/Src/stm32l4xx_hal_msp.o
 .debug_ranges  0x0000000000000080       0x50 Core/Src/stm32l4xx_it.o
 .debug_ranges  0x00000000000000d0       0x18 Core/Src/system_stm32l4xx.o
 .debug_ranges  0x00000000000000e8       0x20 Core/Src/usart.o
 .debug_ranges  0x0000000000000108       0x20 Core/Startup/startup_stm32l432kcux.o
 .debug_ranges  0x0000000000000128       0xf8 Drivers/STM32L4xx_HAL_Driver/Src/stm32l4xx_hal.o
 .debug_ranges  0x0000000000000220      0x108 Drivers/STM32L4xx_HAL_Driver/Src/stm32l4xx_hal_cortex.o
 .debug_ranges  0x0000000000000328       0x48 Drivers/STM32L4xx_HAL_Driver/Src/stm32l4xx_hal_gpio.o
 .debug_ranges  0x0000000000000370      0x280 Drivers/STM32L4xx_HAL_Driver/Src/stm32l4xx_hal_i2c.o
 .debug_ranges  0x00000000000005f0       0x38 Drivers/STM32L4xx_HAL_Driver/Src/stm32l4xx_hal_i2c_ex.o
 .debug_ranges  0x0000000000000628       0x88 Drivers/STM32L4xx_HAL_Driver/Src/stm32l4xx_hal_pwr.o
 .debug_ranges  0x00000000000006b0      0x118 Drivers/STM32L4xx_HAL_Driver/Src/stm32l4xx_hal_pwr_ex.o
 .debug_ranges  0x00000000000007c8       0x78 Drivers/STM32L4xx_HAL_Driver/Src/stm32l4xx_hal_rcc.o
 .debug_ranges  0x0000000000000840       0xe0 Drivers/STM32L4xx_HAL_Driver/Src/stm32l4xx_hal_rcc_ex.o
 .debug_ranges  0x0000000000000920      0x1c8 Drivers/STM32L4xx_HAL_Driver/Src/stm32l4xx_hal_spi.o
 .debug_ranges  0x0000000000000ae8      0x248 Drivers/STM32L4xx_HAL_Driver/Src/stm32l4xx_hal_uart.o
 .debug_ranges  0x0000000000000d30       0x18 FATFS/App/fatfs.o
 .debug_ranges  0x0000000000000d48       0x30 FATFS/Target/user_diskio.o
 .debug_ranges  0x0000000000000d78       0x30 Middlewares/Third_Party/FatFs/src/ff_gen_drv.o

.debug_macro    0x0000000000000000    0x21a46
 .debug_macro   0x0000000000000000      0x1f3 Core/Src/gpio.o
 .debug_macro   0x00000000000001f3      0xaa8 Core/Src/gpio.o
 .debug_macro   0x0000000000000c9b      0x1ad Core/Src/gpio.o
 .debug_macro   0x0000000000000e48       0x2e Core/Src/gpio.o
 .debug_macro   0x0000000000000e76       0x28 Core/Src/gpio.o
 .debug_macro   0x0000000000000e9e       0x22 Core/Src/gpio.o
 .debug_macro   0x0000000000000ec0       0x8e Core/Src/gpio.o
 .debug_macro   0x0000000000000f4e       0x51 Core/Src/gpio.o
 .debug_macro   0x0000000000000f9f      0x103 Core/Src/gpio.o
 .debug_macro   0x00000000000010a2       0x6a Core/Src/gpio.o
 .debug_macro   0x000000000000110c      0x1df Core/Src/gpio.o
 .debug_macro   0x00000000000012eb       0x1c Core/Src/gpio.o
 .debug_macro   0x0000000000001307       0x22 Core/Src/gpio.o
 .debug_macro   0x0000000000001329      0x101 Core/Src/gpio.o
 .debug_macro   0x000000000000142a     0x1011 Core/Src/gpio.o
 .debug_macro   0x000000000000243b      0x11f Core/Src/gpio.o
 .debug_macro   0x000000000000255a    0x1479f Core/Src/gpio.o
 .debug_macro   0x0000000000016cf9       0x43 Core/Src/gpio.o
 .debug_macro   0x0000000000016d3c     0x3897 Core/Src/gpio.o
 .debug_macro   0x000000000001a5d3      0x174 Core/Src/gpio.o
 .debug_macro   0x000000000001a747       0x5c Core/Src/gpio.o
 .debug_macro   0x000000000001a7a3     0x118b Core/Src/gpio.o
 .debug_macro   0x000000000001b92e      0x535 Core/Src/gpio.o
 .debug_macro   0x000000000001be63      0x13d Core/Src/gpio.o
 .debug_macro   0x000000000001bfa0      0x122 Core/Src/gpio.o
 .debug_macro   0x000000000001c0c2      0x26b Core/Src/gpio.o
 .debug_macro   0x000000000001c32d      0x23d Core/Src/gpio.o
 .debug_macro   0x000000000001c56a      0x241 Core/Src/gpio.o
 .debug_macro   0x000000000001c7ab      0x375 Core/Src/gpio.o
 .debug_macro   0x000000000001cb20       0xd6 Core/Src/gpio.o
 .debug_macro   0x000000000001cbf6      0x22c Core/Src/gpio.o
 .debug_macro   0x000000000001ce22       0x61 Core/Src/gpio.o
 .debug_macro   0x000000000001ce83       0xa5 Core/Src/gpio.o
 .debug_macro   0x000000000001cf28      0x122 Core/Src/gpio.o
 .debug_macro   0x000000000001d04a      0x357 Core/Src/gpio.o
 .debug_macro   0x000000000001d3a1      0x2fe Core/Src/gpio.o
 .debug_macro   0x000000000001d69f      0x5ba Core/Src/gpio.o
 .debug_macro   0x000000000001dc59       0x44 Core/Src/gpio.o
 .debug_macro   0x000000000001dc9d      0x221 Core/Src/gpio.o
 .debug_macro   0x000000000001debe       0x58 Core/Src/gpio.o
 .debug_macro   0x000000000001df16      0x1f3 Core/Src/i2c.o
 .debug_macro   0x000000000001e109      0x334 Core/Src/main.o
 .debug_macro   0x000000000001e43d       0xeb Core/Src/main.o
 .debug_macro   0x000000000001e528       0x18 Core/Src/main.o
 .debug_macro   0x000000000001e540       0x52 Core/Src/main.o
 .debug_macro   0x000000000001e592       0x3c Core/Src/main.o
 .debug_macro   0x000000000001e5ce       0x34 Core/Src/main.o
 .debug_macro   0x000000000001e602       0x16 Core/Src/main.o
 .debug_macro   0x000000000001e618       0x35 Core/Src/main.o
 .debug_macro   0x000000000001e64d       0x16 Core/Src/main.o
 .debug_macro   0x000000000001e663       0x43 Core/Src/main.o
 .debug_macro   0x000000000001e6a6       0x34 Core/Src/main.o
 .debug_macro   0x000000000001e6da       0x10 Core/Src/main.o
 .debug_macro   0x000000000001e6ea       0x58 Core/Src/main.o
 .debug_macro   0x000000000001e742       0x71 Core/Src/main.o
 .debug_macro   0x000000000001e7b3       0x1c Core/Src/main.o
 .debug_macro   0x000000000001e7cf      0x12a Core/Src/main.o
 .debug_macro   0x000000000001e8f9      0x333 Core/Src/main.o
 .debug_macro   0x000000000001ec2c       0x16 Core/Src/main.o
 .debug_macro   0x000000000001ec42       0x29 Core/Src/main.o
 .debug_macro   0x000000000001ec6b       0x12 Core/Src/main.o
 .debug_macro   0x000000000001ec7d       0xe2 Core/Src/main.o
 .debug_macro   0x000000000001ed5f       0x8e Core/Src/main.o
 .debug_macro   0x000000000001eded      0x1f3 Core/Src/spi.o
 .debug_macro   0x000000000001efe0      0x1e9 Core/Src/stm32l4xx_hal_msp.o
 .debug_macro   0x000000000001f1c9      0x1f3 Core/Src/stm32l4xx_it.o
 .debug_macro   0x000000000001f3bc      0x1da Core/Src/system_stm32l4xx.o
 .debug_macro   0x000000000001f596      0x1f3 Core/Src/usart.o
 .debug_macro   0x000000000001f789      0x222 Drivers/STM32L4xx_HAL_Driver/Src/stm32l4xx_hal.o
 .debug_macro   0x000000000001f9ab      0x1da Drivers/STM32L4xx_HAL_Driver/Src/stm32l4xx_hal_cortex.o
 .debug_macro   0x000000000001fb85      0x219 Drivers/STM32L4xx_HAL_Driver/Src/stm32l4xx_hal_gpio.o
 .debug_macro   0x000000000001fd9e      0x29f Drivers/STM32L4xx_HAL_Driver/Src/stm32l4xx_hal_i2c.o
 .debug_macro   0x000000000002003d      0x1da Drivers/STM32L4xx_HAL_Driver/Src/stm32l4xx_hal_i2c_ex.o
 .debug_macro   0x0000000000020217      0x1f2 Drivers/STM32L4xx_HAL_Driver/Src/stm32l4xx_hal_pwr.o
 .debug_macro   0x0000000000020409      0x1fe Drivers/STM32L4xx_HAL_Driver/Src/stm32l4xx_hal_pwr_ex.o
 .debug_macro   0x0000000000020607      0x21c Drivers/STM32L4xx_HAL_Driver/Src/stm32l4xx_hal_rcc.o
 .debug_macro   0x0000000000020823      0x210 Drivers/STM32L4xx_HAL_Driver/Src/stm32l4xx_hal_rcc_ex.o
 .debug_macro   0x0000000000020a33      0x1e2 Drivers/STM32L4xx_HAL_Driver/Src/stm32l4xx_hal_spi.o
 .debug_macro   0x0000000000020c15      0x205 Drivers/STM32L4xx_HAL_Driver/Src/stm32l4xx_hal_uart.o
 .debug_macro   0x0000000000020e1a      0x30e FATFS/App/fatfs.o
 .debug_macro   0x0000000000021128       0xe5 FATFS/App/fatfs.o
 .debug_macro   0x000000000002120d      0x32b FATFS/Target/user_diskio.o
 .debug_macro   0x0000000000021538       0x10 FATFS/Target/user_diskio.o
 .debug_macro   0x0000000000021548       0x20 FATFS/Target/user_diskio.o
 .debug_macro   0x0000000000021568       0x16 FATFS/Target/user_diskio.o
 .debug_macro   0x000000000002157e       0x7c FATFS/Target/user_diskio.o
 .debug_macro   0x00000000000215fa       0xfb FATFS/Target/user_diskio.o
 .debug_macro   0x00000000000216f5       0x56 FATFS/Target/user_diskio.o
 .debug_macro   0x000000000002174b      0x2fb Middlewares/Third_Party/FatFs/src/ff_gen_drv.o

.debug_line     0x0000000000000000    0x12e57
 .debug_line    0x0000000000000000      0x737 Core/Src/gpio.o
 .debug_line    0x0000000000000737      0x7a5 Core/Src/i2c.o
 .debug_line    0x0000000000000edc      0x9e1 Core/Src/main.o
 .debug_line    0x00000000000018bd      0x7a1 Core/Src/spi.o
 .debug_line    0x000000000000205e      0x729 Core/Src/stm32l4xx_hal_msp.o
 .debug_line    0x0000000000002787      0x7eb Core/Src/stm32l4xx_it.o
 .debug_line    0x0000000000002f72      0x7d9 Core/Src/system_stm32l4xx.o
 .debug_line    0x000000000000374b      0x7a8 Core/Src/usart.o
 .debug_line    0x0000000000003ef3       0x87 Core/Startup/startup_stm32l432kcux.o
 .debug_line    0x0000000000003f7a      0xa85 Drivers/STM32L4xx_HAL_Driver/Src/stm32l4xx_hal.o
 .debug_line    0x00000000000049ff      0xcbf Drivers/STM32L4xx_HAL_Driver/Src/stm32l4xx_hal_cortex.o
 .debug_line    0x00000000000056be      0xb13 Drivers/STM32L4xx_HAL_Driver/Src/stm32l4xx_hal_gpio.o
 .debug_line    0x00000000000061d1     0x32e9 Drivers/STM32L4xx_HAL_Driver/Src/stm32l4xx_hal_i2c.o
 .debug_line    0x00000000000094ba      0x946 Drivers/STM32L4xx_HAL_Driver/Src/stm32l4xx_hal_i2c_ex.o
 .debug_line    0x0000000000009e00      0x8f5 Drivers/STM32L4xx_HAL_Driver/Src/stm32l4xx_hal_pwr.o
 .debug_line    0x000000000000a6f5      0xc0b Drivers/STM32L4xx_HAL_Driver/Src/stm32l4xx_hal_pwr_ex.o
 .debug_line    0x000000000000b300      0xf9e Drivers/STM32L4xx_HAL_Driver/Src/stm32l4xx_hal_rcc.o
 .debug_line    0x000000000000c29e     0x12ea Drivers/STM32L4xx_HAL_Driver/Src/stm32l4xx_hal_rcc_ex.o
 .debug_line    0x000000000000d588     0x1f41 Drivers/STM32L4xx_HAL_Driver/Src/stm32l4xx_hal_spi.o
 .debug_line    0x000000000000f4c9     0x1d3c Drivers/STM32L4xx_HAL_Driver/Src/stm32l4xx_hal_uart.o
 .debug_line    0x0000000000011205      0x922 FATFS/App/fatfs.o
 .debug_line    0x0000000000011b27      0x981 FATFS/Target/user_diskio.o
 .debug_line    0x00000000000124a8      0x9af Middlewares/Third_Party/FatFs/src/ff_gen_drv.o

.debug_str      0x0000000000000000    0xc38d1
 .debug_str     0x0000000000000000    0xbb68c Core/Src/gpio.o
                                      0xbb965 (size before relaxing)
 .debug_str     0x00000000000bb68c      0x438 Core/Src/i2c.o
                                      0xbbdef (size before relaxing)
 .debug_str     0x00000000000bbac4     0x401a Core/Src/main.o
                                      0xbfe5e (size before relaxing)
 .debug_str     0x00000000000bfade       0x4b Core/Src/spi.o
                                      0xbbd2b (size before relaxing)
 .debug_str     0x00000000000bfb29       0x2c Core/Src/stm32l4xx_hal_msp.o
                                      0xbb8c8 (size before relaxing)
 .debug_str     0x00000000000bfb55       0xbd Core/Src/stm32l4xx_it.o
                                      0xbb806 (size before relaxing)
 .debug_str     0x00000000000bfc12       0xb8 Core/Src/system_stm32l4xx.o
                                      0xbb817 (size before relaxing)
 .debug_str     0x00000000000bfcca       0x57 Core/Src/usart.o
                                      0xbbd52 (size before relaxing)
 .debug_str     0x00000000000bfd21       0x36 Core/Startup/startup_stm32l432kcux.o
                                         0x77 (size before relaxing)
 .debug_str     0x00000000000bfd57      0x844 Drivers/STM32L4xx_HAL_Driver/Src/stm32l4xx_hal.o
                                      0xbc110 (size before relaxing)
 .debug_str     0x00000000000c059b      0x389 Drivers/STM32L4xx_HAL_Driver/Src/stm32l4xx_hal_cortex.o
                                      0xbbf6d (size before relaxing)
 .debug_str     0x00000000000c0924      0x236 Drivers/STM32L4xx_HAL_Driver/Src/stm32l4xx_hal_gpio.o
                                      0xbbaac (size before relaxing)
 .debug_str     0x00000000000c0b5a      0xd4e Drivers/STM32L4xx_HAL_Driver/Src/stm32l4xx_hal_i2c.o
                                      0xbc940 (size before relaxing)
 .debug_str     0x00000000000c18a8       0xb8 Drivers/STM32L4xx_HAL_Driver/Src/stm32l4xx_hal_i2c_ex.o
                                      0xbbd3b (size before relaxing)
 .debug_str     0x00000000000c1960      0x2d9 Drivers/STM32L4xx_HAL_Driver/Src/stm32l4xx_hal_pwr.o
                                      0xbbb28 (size before relaxing)
 .debug_str     0x00000000000c1c39      0x3fc Drivers/STM32L4xx_HAL_Driver/Src/stm32l4xx_hal_pwr_ex.o
                                      0xbbcd5 (size before relaxing)
 .debug_str     0x00000000000c2035      0x38a Drivers/STM32L4xx_HAL_Driver/Src/stm32l4xx_hal_rcc.o
                                      0xbbdae (size before relaxing)
 .debug_str     0x00000000000c23bf      0x515 Drivers/STM32L4xx_HAL_Driver/Src/stm32l4xx_hal_rcc_ex.o
                                      0xbc026 (size before relaxing)
 .debug_str     0x00000000000c28d4      0x576 Drivers/STM32L4xx_HAL_Driver/Src/stm32l4xx_hal_spi.o
                                      0xbbfe2 (size before relaxing)
 .debug_str     0x00000000000c2e4a      0x891 Drivers/STM32L4xx_HAL_Driver/Src/stm32l4xx_hal_uart.o
                                      0xbc476 (size before relaxing)
 .debug_str     0x00000000000c36db       0x2f FATFS/App/fatfs.o
                                      0xbf1bc (size before relaxing)
 .debug_str     0x00000000000c370a       0xfc FATFS/Target/user_diskio.o
                                      0xbf15b (size before relaxing)
 .debug_str     0x00000000000c3806       0xcb Middlewares/Third_Party/FatFs/src/ff_gen_drv.o
                                      0xbf12d (size before relaxing)

.comment        0x0000000000000000       0x53
 .comment       0x0000000000000000       0x53 Core/Src/gpio.o
                                         0x54 (size before relaxing)
 .comment       0x0000000000000053       0x54 Core/Src/i2c.o
 .comment       0x0000000000000053       0x54 Core/Src/main.o
 .comment       0x0000000000000053       0x54 Core/Src/spi.o
 .comment       0x0000000000000053       0x54 Core/Src/stm32l4xx_hal_msp.o
 .comment       0x0000000000000053       0x54 Core/Src/stm32l4xx_it.o
 .comment       0x0000000000000053       0x54 Core/Src/system_stm32l4xx.o
 .comment       0x0000000000000053       0x54 Core/Src/usart.o
 .comment       0x0000000000000053       0x54 Drivers/STM32L4xx_HAL_Driver/Src/stm32l4xx_hal.o
 .comment       0x0000000000000053       0x54 Drivers/STM32L4xx_HAL_Driver/Src/stm32l4xx_hal_cortex.o
 .comment       0x0000000000000053       0x54 Drivers/STM32L4xx_HAL_Driver/Src/stm32l4xx_hal_gpio.o
 .comment       0x0000000000000053       0x54 Drivers/STM32L4xx_HAL_Driver/Src/stm32l4xx_hal_i2c.o
 .comment       0x0000000000000053       0x54 Drivers/STM32L4xx_HAL_Driver/Src/stm32l4xx_hal_i2c_ex.o
 .comment       0x0000000000000053       0x54 Drivers/STM32L4xx_HAL_Driver/Src/stm32l4xx_hal_pwr.o
 .comment       0x0000000000000053       0x54 Drivers/STM32L4xx_HAL_Driver/Src/stm32l4xx_hal_pwr_ex.o
 .comment       0x0000000000000053       0x54 Drivers/STM32L4xx_HAL_Driver/Src/stm32l4xx_hal_rcc.o
 .comment       0x0000000000000053       0x54 Drivers/STM32L4xx_HAL_Driver/Src/stm32l4xx_hal_rcc_ex.o
 .comment       0x0000000000000053       0x54 Drivers/STM32L4xx_HAL_Driver/Src/stm32l4xx_hal_spi.o
 .comment       0x0000000000000053       0x54 Drivers/STM32L4xx_HAL_Driver/Src/stm32l4xx_hal_uart.o
 .comment       0x0000000000000053       0x54 FATFS/App/fatfs.o
 .comment       0x0000000000000053       0x54 FATFS/Target/user_diskio.o
 .comment       0x0000000000000053       0x54 Middlewares/Third_Party/FatFs/src/ff_gen_drv.o

.debug_frame    0x0000000000000000     0x3bac
 .debug_frame   0x0000000000000000       0x34 Core/Src/gpio.o
 .debug_frame   0x0000000000000034       0x74 Core/Src/i2c.o
 .debug_frame   0x00000000000000a8       0x6c Core/Src/main.o
 .debug_frame   0x0000000000000114       0x74 Core/Src/spi.o
 .debug_frame   0x0000000000000188       0x38 Core/Src/stm32l4xx_hal_msp.o
 .debug_frame   0x00000000000001c0      0x104 Core/Src/stm32l4xx_it.o
 .debug_frame   0x00000000000002c4       0x58 Core/Src/system_stm32l4xx.o
 .debug_frame   0x000000000000031c       0x74 Core/Src/usart.o
 .debug_frame   0x0000000000000390      0x3dc Drivers/STM32L4xx_HAL_Driver/Src/stm32l4xx_hal.o
 .debug_frame   0x000000000000076c      0x498 Drivers/STM32L4xx_HAL_Driver/Src/stm32l4xx_hal_cortex.o
 .debug_frame   0x0000000000000c04      0x14c Drivers/STM32L4xx_HAL_Driver/Src/stm32l4xx_hal_gpio.o
 .debug_frame   0x0000000000000d50      0xbe8 Drivers/STM32L4xx_HAL_Driver/Src/stm32l4xx_hal_i2c.o
 .debug_frame   0x0000000000001938      0x100 Drivers/STM32L4xx_HAL_Driver/Src/stm32l4xx_hal_i2c_ex.o
 .debug_frame   0x0000000000001a38      0x230 Drivers/STM32L4xx_HAL_Driver/Src/stm32l4xx_hal_pwr.o
 .debug_frame   0x0000000000001c68      0x4a4 Drivers/STM32L4xx_HAL_Driver/Src/stm32l4xx_hal_pwr_ex.o
 .debug_frame   0x000000000000210c      0x1f4 Drivers/STM32L4xx_HAL_Driver/Src/stm32l4xx_hal_rcc.o
 .debug_frame   0x0000000000002300      0x3d0 Drivers/STM32L4xx_HAL_Driver/Src/stm32l4xx_hal_rcc_ex.o
 .debug_frame   0x00000000000026d0      0x860 Drivers/STM32L4xx_HAL_Driver/Src/stm32l4xx_hal_spi.o
 .debug_frame   0x0000000000002f30      0x9e4 Drivers/STM32L4xx_HAL_Driver/Src/stm32l4xx_hal_uart.o
 .debug_frame   0x0000000000003914       0x4c FATFS/App/fatfs.o
 .debug_frame   0x0000000000003960       0xd8 FATFS/Target/user_diskio.o
 .debug_frame   0x0000000000003a38       0xc8 Middlewares/Third_Party/FatFs/src/ff_gen_drv.o
 .debug_frame   0x0000000000003b00       0x2c /Applications/STM32CubeIDE.app/Contents/Eclipse/plugins/com.st.stm32cube.ide.mcu.externaltools.gnu-tools-for-stm32.9-2020-q2-update.macos64_1.5.0.202011040924/tools/bin/../lib/gcc/arm-none-eabi/9.3.1/../../../../arm-none-eabi/lib/thumb/v7e-m+fp/hard/libc_nano.a(lib_a-init.o)
 .debug_frame   0x0000000000003b2c       0x20 /Applications/STM32CubeIDE.app/Contents/Eclipse/plugins/com.st.stm32cube.ide.mcu.externaltools.gnu-tools-for-stm32.9-2020-q2-update.macos64_1.5.0.202011040924/tools/bin/../lib/gcc/arm-none-eabi/9.3.1/../../../../arm-none-eabi/lib/thumb/v7e-m+fp/hard/libc_nano.a(lib_a-memset.o)
 .debug_frame   0x0000000000003b4c       0x2c /Applications/STM32CubeIDE.app/Contents/Eclipse/plugins/com.st.stm32cube.ide.mcu.externaltools.gnu-tools-for-stm32.9-2020-q2-update.macos64_1.5.0.202011040924/tools/bin/../lib/gcc/arm-none-eabi/9.3.1/thumb/v7e-m+fp/hard/libgcc.a(_aeabi_uldivmod.o)
 .debug_frame   0x0000000000003b78       0x34 /Applications/STM32CubeIDE.app/Contents/Eclipse/plugins/com.st.stm32cube.ide.mcu.externaltools.gnu-tools-for-stm32.9-2020-q2-update.macos64_1.5.0.202011040924/tools/bin/../lib/gcc/arm-none-eabi/9.3.1/thumb/v7e-m+fp/hard/libgcc.a(_udivmoddi4.o)
