Archive member included to satisfy reference by file (symbol)

/Applications/STM32CubeIDE.app/Contents/Eclipse/plugins/com.st.stm32cube.ide.mcu.externaltools.gnu-tools-for-stm32.9-2020-q2-update.macos64_1.5.0.202011040924/tools/bin/../lib/gcc/arm-none-eabi/9.3.1/../../../../arm-none-eabi/lib/thumb/v7e-m+fp/hard/libc_nano.a(lib_a-errno.o)
                              Core/Src/syscalls.o (__errno)
/Applications/STM32CubeIDE.app/Contents/Eclipse/plugins/com.st.stm32cube.ide.mcu.externaltools.gnu-tools-for-stm32.9-2020-q2-update.macos64_1.5.0.202011040924/tools/bin/../lib/gcc/arm-none-eabi/9.3.1/../../../../arm-none-eabi/lib/thumb/v7e-m+fp/hard/libc_nano.a(lib_a-exit.o)
                              /Applications/STM32CubeIDE.app/Contents/Eclipse/plugins/com.st.stm32cube.ide.mcu.externaltools.gnu-tools-for-stm32.9-2020-q2-update.macos64_1.5.0.202011040924/tools/bin/../lib/gcc/arm-none-eabi/9.3.1/../../../../arm-none-eabi/lib/thumb/v7e-m+fp/hard/crt0.o (exit)
/Applications/STM32CubeIDE.app/Contents/Eclipse/plugins/com.st.stm32cube.ide.mcu.externaltools.gnu-tools-for-stm32.9-2020-q2-update.macos64_1.5.0.202011040924/tools/bin/../lib/gcc/arm-none-eabi/9.3.1/../../../../arm-none-eabi/lib/thumb/v7e-m+fp/hard/libc_nano.a(lib_a-impure.o)
                              /Applications/STM32CubeIDE.app/Contents/Eclipse/plugins/com.st.stm32cube.ide.mcu.externaltools.gnu-tools-for-stm32.9-2020-q2-update.macos64_1.5.0.202011040924/tools/bin/../lib/gcc/arm-none-eabi/9.3.1/../../../../arm-none-eabi/lib/thumb/v7e-m+fp/hard/libc_nano.a(lib_a-exit.o) (_global_impure_ptr)
/Applications/STM32CubeIDE.app/Contents/Eclipse/plugins/com.st.stm32cube.ide.mcu.externaltools.gnu-tools-for-stm32.9-2020-q2-update.macos64_1.5.0.202011040924/tools/bin/../lib/gcc/arm-none-eabi/9.3.1/../../../../arm-none-eabi/lib/thumb/v7e-m+fp/hard/libc_nano.a(lib_a-init.o)
                              /Applications/STM32CubeIDE.app/Contents/Eclipse/plugins/com.st.stm32cube.ide.mcu.externaltools.gnu-tools-for-stm32.9-2020-q2-update.macos64_1.5.0.202011040924/tools/bin/../lib/gcc/arm-none-eabi/9.3.1/../../../../arm-none-eabi/lib/thumb/v7e-m+fp/hard/crt0.o (__libc_init_array)
/Applications/STM32CubeIDE.app/Contents/Eclipse/plugins/com.st.stm32cube.ide.mcu.externaltools.gnu-tools-for-stm32.9-2020-q2-update.macos64_1.5.0.202011040924/tools/bin/../lib/gcc/arm-none-eabi/9.3.1/../../../../arm-none-eabi/lib/thumb/v7e-m+fp/hard/libc_nano.a(lib_a-memset.o)
                              /Applications/STM32CubeIDE.app/Contents/Eclipse/plugins/com.st.stm32cube.ide.mcu.externaltools.gnu-tools-for-stm32.9-2020-q2-update.macos64_1.5.0.202011040924/tools/bin/../lib/gcc/arm-none-eabi/9.3.1/../../../../arm-none-eabi/lib/thumb/v7e-m+fp/hard/crt0.o (memset)
/Applications/STM32CubeIDE.app/Contents/Eclipse/plugins/com.st.stm32cube.ide.mcu.externaltools.gnu-tools-for-stm32.9-2020-q2-update.macos64_1.5.0.202011040924/tools/bin/../lib/gcc/arm-none-eabi/9.3.1/../../../../arm-none-eabi/lib/thumb/v7e-m+fp/hard/libc_nano.a(lib_a-snprintf.o)
                              Core/Src/main.o (snprintf)
/Applications/STM32CubeIDE.app/Contents/Eclipse/plugins/com.st.stm32cube.ide.mcu.externaltools.gnu-tools-for-stm32.9-2020-q2-update.macos64_1.5.0.202011040924/tools/bin/../lib/gcc/arm-none-eabi/9.3.1/../../../../arm-none-eabi/lib/thumb/v7e-m+fp/hard/libc_nano.a(lib_a-nano-svfprintf.o)
                              /Applications/STM32CubeIDE.app/Contents/Eclipse/plugins/com.st.stm32cube.ide.mcu.externaltools.gnu-tools-for-stm32.9-2020-q2-update.macos64_1.5.0.202011040924/tools/bin/../lib/gcc/arm-none-eabi/9.3.1/../../../../arm-none-eabi/lib/thumb/v7e-m+fp/hard/libc_nano.a(lib_a-snprintf.o) (_svfprintf_r)
/Applications/STM32CubeIDE.app/Contents/Eclipse/plugins/com.st.stm32cube.ide.mcu.externaltools.gnu-tools-for-stm32.9-2020-q2-update.macos64_1.5.0.202011040924/tools/bin/../lib/gcc/arm-none-eabi/9.3.1/../../../../arm-none-eabi/lib/thumb/v7e-m+fp/hard/libc_nano.a(lib_a-nano-vfprintf_i.o)
                              /Applications/STM32CubeIDE.app/Contents/Eclipse/plugins/com.st.stm32cube.ide.mcu.externaltools.gnu-tools-for-stm32.9-2020-q2-update.macos64_1.5.0.202011040924/tools/bin/../lib/gcc/arm-none-eabi/9.3.1/../../../../arm-none-eabi/lib/thumb/v7e-m+fp/hard/libc_nano.a(lib_a-nano-svfprintf.o) (_printf_i)
/Applications/STM32CubeIDE.app/Contents/Eclipse/plugins/com.st.stm32cube.ide.mcu.externaltools.gnu-tools-for-stm32.9-2020-q2-update.macos64_1.5.0.202011040924/tools/bin/../lib/gcc/arm-none-eabi/9.3.1/../../../../arm-none-eabi/lib/thumb/v7e-m+fp/hard/libc_nano.a(lib_a-memchr.o)
                              /Applications/STM32CubeIDE.app/Contents/Eclipse/plugins/com.st.stm32cube.ide.mcu.externaltools.gnu-tools-for-stm32.9-2020-q2-update.macos64_1.5.0.202011040924/tools/bin/../lib/gcc/arm-none-eabi/9.3.1/../../../../arm-none-eabi/lib/thumb/v7e-m+fp/hard/libc_nano.a(lib_a-nano-svfprintf.o) (memchr)
[...]
Memory Configuration

Name             Origin             Length             Attributes
RAM              0x0000000020000000 0x0000000000010000 xrw
FLASH            0x0000000008000000 0x0000000000040000 xr
*default*        0x0000000000000000 0xffffffffffffffff

Linker script and memory map

LOAD /Applications/STM32CubeIDE.app/Contents/Eclipse/plugins/com.st.stm32cube.ide.mcu.externaltools.gnu-tools-for-stm32.9-2020-q2-update.macos64_1.5.0.202011040924/tools/bin/../lib/gcc/arm-none-eabi/9.3.1/thumb/v7e-m+fp/hard/crti.o
LOAD /Applications/STM32CubeIDE.app/Contents/Eclipse/plugins/com.st.stm32cube.ide.mcu.externaltools.gnu-tools-for-stm32.9-2020-q2-update.macos64_1.5.0.202011040924/tools/bin/../lib/gcc/arm-none-eabi/9.3.1/thumb/v7e-m+fp/hard/crtbegin.o
LOAD /Applications/STM32CubeIDE.app/Contents/Eclipse/plugins/com.st.stm32cube.ide.mcu.externaltools.gnu-tools-for-stm32.9-2020-q2-update.macos64_1.5.0.202011040924/tools/bin/../lib/gcc/arm-none-eabi/9.3.1/../../../../arm-none-eabi/lib/thumb/v7e-m+fp/hard/crt0.o
LOAD Core/Src/gpio.o
LOAD Core/Src/i2c.o
LOAD Core/Src/main.o
LOAD Core/Src/sd_hal_mpu6050.o
LOAD Core/Src/spi.o
LOAD Core/Src/stm32l4xx_hal_msp.o
LOAD Core/Src/stm32l4xx_hal_timebase_tim.o
LOAD Core/Src/stm32l4xx_it.o
LOAD Core/Src/syscalls.o
LOAD Core/Src/sysmem.o
LOAD Core/Src/system_stm32l4xx.o
LOAD Core/Src/usart.o
LOAD Core/Startup/startup_stm32l432kcux.o
LOAD Drivers/STM32L4xx_HAL_Driver/Src/stm32l4xx_hal.o
LOAD Drivers/STM32L4xx_HAL_Driver/Src/stm32l4xx_hal_cortex.o
LOAD Drivers/STM32L4xx_HAL_Driver/Src/stm32l4xx_hal_dma.o
LOAD Drivers/STM32L4xx_HAL_Driver/Src/stm32l4xx_hal_dma_ex.o
LOAD Drivers/STM32L4xx_HAL_Driver/Src/stm32l4xx_hal_exti.o
LOAD Drivers/STM32L4xx_HAL_Driver/Src/stm32l4xx_hal_flash.o
LOAD Drivers/STM32L4xx_HAL_Driver/Src/stm32l4xx_hal_flash_ex.o
LOAD Drivers/STM32L4xx_HAL_Driver/Src/stm32l4xx_hal_flash_ramfunc.o
LOAD Drivers/STM32L4xx_HAL_Driver/Src/stm32l4xx_hal_gpio.o
LOAD Drivers/STM32L4xx_HAL_Driver/Src/stm32l4xx_hal_i2c.o
LOAD Drivers/STM32L4xx_HAL_Driver/Src/stm32l4xx_hal_i2c_ex.o
LOAD Drivers/STM32L4xx_HAL_Driver/Src/stm32l4xx_hal_pwr.o
LOAD Drivers/STM32L4xx_HAL_Driver/Src/stm32l4xx_hal_pwr_ex.o
LOAD Drivers/STM32L4xx_HAL_Driver/Src/stm32l4xx_hal_rcc.o
LOAD Drivers/STM32L4xx_HAL_Driver/Src/stm32l4xx_hal_rcc_ex.o
LOAD Drivers/STM32L4xx_HAL_Driver/Src/stm32l4xx_hal_spi.o
LOAD Drivers/STM32L4xx_HAL_Driver/Src/stm32l4xx_hal_spi_ex.o
LOAD Drivers/STM32L4xx_HAL_Driver/Src/stm32l4xx_hal_tim.o
LOAD Drivers/STM32L4xx_HAL_Driver/Src/stm32l4xx_hal_tim_ex.o
LOAD Drivers/STM32L4xx_HAL_Driver/Src/stm32l4xx_hal_uart.o
LOAD Drivers/STM32L4xx_HAL_Driver/Src/stm32l4xx_hal_uart_ex.o
LOAD FATFS/App/fatfs.o
LOAD FATFS/Target/user_diskio.o
LOAD FATFS/Target/user_diskio_spi.o
LOAD Middlewares/Third_Party/FatFs/src/diskio.o
LOAD Middlewares/Third_Party/FatFs/src/ff.o
LOAD Middlewares/Third_Party/FatFs/src/ff_gen_drv.o
LOAD Middlewares/Third_Party/FatFs/src/option/syscall.o
START GROUP
LOAD /Applications/STM32CubeIDE.app/Contents/Eclipse/plugins/com.st.stm32cube.ide.mcu.externaltools.gnu-tools-for-stm32.9-2020-q2-update.macos64_1.5.0.202011040924/tools/bin/../lib/gcc/arm-none-eabi/9.3.1/../../../../arm-none-eabi/lib/thumb/v7e-m+fp/hard/libc_nano.a
LOAD /Applications/STM32CubeIDE.app/Contents/Eclipse/plugins/com.st.stm32cube.ide.mcu.externaltools.gnu-tools-for-stm32.9-2020-q2-update.macos64_1.5.0.202011040924/tools/bin/../lib/gcc/arm-none-eabi/9.3.1/../../../../arm-none-eabi/lib/thumb/v7e-m+fp/hard/libm.a
END GROUP
START GROUP
LOAD /Applications/STM32CubeIDE.app/Contents/Eclipse/plugins/com.st.stm32cube.ide.mcu.externaltools.gnu-tools-for-stm32.9-2020-q2-update.macos64_1.5.0.202011040924/tools/bin/../lib/gcc/arm-none-eabi/9.3.1/thumb/v7e-m+fp/hard/libgcc.a
LOAD /Applications/STM32CubeIDE.app/Contents/Eclipse/plugins/com.st.stm32cube.ide.mcu.externaltools.gnu-tools-for-stm32.9-2020-q2-update.macos64_1.5.0.202011040924/tools/bin/../lib/gcc/arm-none-eabi/9.3.1/../../../../arm-none-eabi/lib/thumb/v7e-m+fp/hard/libc_nano.a
END GROUP
START GROUP
LOAD /Applications/STM32CubeIDE.app/Contents/Eclipse/plugins/com.st.stm32cube.ide.mcu.externaltools.gnu-tools-for-stm32.9-2020-q2-update.macos64_1.5.0.202011040924/tools/bin/../lib/gcc/arm-none-eabi/9.3.1/thumb/v7e-m+fp/hard/libgcc.a
LOAD /Applications/STM32CubeIDE.app/Contents/Eclipse/plugins/com.st.stm32cube.ide.mcu.externaltools.gnu-tools-for-stm32.9-2020-q2-update.macos64_1.5.0.202011040924/tools/bin/../lib/gcc/arm-none-eabi/9.3.1/../../../../arm-none-eabi/lib/thumb/v7e-m+fp/hard/libc_nano.a
LOAD /Applications/STM32CubeIDE.app/Contents/Eclipse/plugins/com.st.stm32cube.ide.mcu.externaltools.gnu-tools-for-stm32.9-2020-q2-update.macos64_1.5.0.202011040924/tools/bin/../lib/gcc/arm-none-eabi/9.3.1/../../../../arm-none-eabi/lib/thumb/v7e-m+fp/hard/libnosys.a
END GROUP
START GROUP
LOAD /Applications/STM32CubeIDE.app/Contents/Eclipse/plugins/com.st.stm32cube.ide.mcu.externaltools.gnu-tools-for-stm32.9-2020-q2-update.macos64_1.5.0.202011040924/tools/bin/../lib/gcc/arm-none-eabi/9.3.1/thumb/v7e-m+fp/hard/libgcc.a
LOAD /Applications/STM32CubeIDE.app/Contents/Eclipse/plugins/com.st.stm32cube.ide.mcu.externaltools.gnu-tools-for-stm32.9-2020-q2-update.macos64_1.5.0.202011040924/tools/bin/../lib/gcc/arm-none-eabi/9.3.1/../../../../arm-none-eabi/lib/thumb/v7e-m+fp/hard/libc_nano.a
LOAD /Applications/STM32CubeIDE.app/Contents/Eclipse/plugins/com.st.stm32cube.ide.mcu.externaltools.gnu-tools-for-stm32.9-2020-q2-update.macos64_1.5.0.202011040924/tools/bin/../lib/gcc/arm-none-eabi/9.3.1/../../../../arm-none-eabi/lib/thumb/v7e-m+fp/hard/libnosys.a
END GROUP
LOAD /Applications/STM32CubeIDE.app/Contents/Eclipse/plugins/com.st.stm32cube.ide.mcu.externaltools.gnu-tools-for-stm32.9-2020-q2-update.macos64_1.5.0.202011040924/tools/bin/../lib/gcc/arm-none-eabi/9.3.1/thumb/v7e-m+fp/hard/crtend.o
LOAD /Applications/STM32CubeIDE.app/Contents/Eclipse/plugins/com.st.stm32cube.ide.mcu.externaltools.gnu-tools-for-stm32.9-2020-q2-update.macos64_1.5.0.202011040924/tools/bin/../lib/gcc/arm-none-eabi/9.3.1/thumb/v7e-m+fp/hard/crtn.o
                0x0000000020010000                _estack = (ORIGIN (RAM) + LENGTH (RAM))
                0x0000000000000200                _Min_Heap_Size = 0x200
                0x0000000000000400                _Min_Stack_Size = 0x400

.isr_vector     0x0000000008000000      0x18c
                0x0000000008000000                . = ALIGN (0x4)
 *(.isr_vector)
 .isr_vector    0x0000000008000000      0x18c Core/Startup/startup_stm32l432kcux.o
                0x0000000008000000                g_pfnVectors
                0x000000000800018c                . = ALIGN (0x4)

.text           0x0000000008000190     0x5f68
                0x0000000008000190                . = ALIGN (0x4)
 *(.text)
 .text          0x0000000008000190       0x40 /Applications/STM32CubeIDE.app/Contents/Eclipse/plugins/com.st.stm32cube.ide.mcu.externaltools.gnu-tools-for-stm32.9-2020-q2-update.macos64_1.5.0.202011040924/tools/bin/../lib/gcc/arm-none-eabi/9.3.1/thumb/v7e-m+fp/hard/crtbegin.o
 .text          0x00000000080001d0       0xa0 /Applications/STM32CubeIDE.app/Contents/Eclipse/plugins/com.st.stm32cube.ide.mcu.externaltools.gnu-tools-for-stm32.9-2020-q2-update.macos64_1.5.0.202011040924/tools/bin/../lib/gcc/arm-none-eabi/9.3.1/../../../../arm-none-eabi/lib/thumb/v7e-m+fp/hard/libc_nano.a(lib_a-memchr.o)
                0x00000000080001d0                memchr
 .text          0x0000000008000270       0x30 /Applications/STM32CubeIDE.app/Contents/Eclipse/plugins/com.st.stm32cube.ide.mcu.externaltools.gnu-tools-for-stm32.9-2020-q2-update.macos64_1.5.0.202011040924/tools/bin/../lib/gcc/arm-none-eabi/9.3.1/thumb/v7e-m+fp/hard/libgcc.a(_aeabi_uldivmod.o)
                0x0000000008000270                __aeabi_uldivmod
 .text          0x00000000080002a0      0x2c4 /Applications/STM32CubeIDE.app/Contents/Eclipse/plugins/com.st.stm32cube.ide.mcu.externaltools.gnu-tools-for-stm32.9-2020-q2-update.macos64_1.5.0.202011040924/tools/bin/../lib/gcc/arm-none-eabi/9.3.1/thumb/v7e-m+fp/hard/libgcc.a(_udivmoddi4.o)
                0x00000000080002a0                __udivmoddi4
 .text          0x0000000008000564        0x4 /Applications/STM32CubeIDE.app/Contents/Eclipse/plugins/com.st.stm32cube.ide.mcu.externaltools.gnu-tools-for-stm32.9-2020-q2-update.macos64_1.5.0.202011040924/tools/bin/../lib/gcc/arm-none-eabi/9.3.1/thumb/v7e-m+fp/hard/libgcc.a(_dvmd_tls.o)
                0x0000000008000564                __aeabi_ldiv0
                0x0000000008000564                __aeabi_idiv0
 *(.text*)
 .text.MX_GPIO_Init
                0x0000000008000568       0x94 Core/Src/gpio.o
                0x0000000008000568                MX_GPIO_Init
 .text.MX_I2C1_Init
                0x00000000080005fc       0x80 Core/Src/i2c.o
                0x00000000080005fc                MX_I2C1_Init
 .text.HAL_I2C_MspInit
                0x000000000800067c       0x88 Core/Src/i2c.o
                0x000000000800067c                HAL_I2C_MspInit
 .text.main     0x0000000008000704      0x110 Core/Src/main.o
                0x0000000008000704                main
 .text.SystemClock_Config
                0x0000000008000814      0x108 Core/Src/main.o
                0x0000000008000814                SystemClock_Config
 .text.HAL_TIM_PeriodElapsedCallback
                0x000000000800091c       0x24 Core/Src/main.o
                0x000000000800091c                HAL_TIM_PeriodElapsedCallback
 .text.Error_Handler
                0x0000000008000940        0xa Core/Src/main.o
                0x0000000008000940                Error_Handler
 .text.SD_MPU6050_Init
                0x000000000800094a       0xea Core/Src/sd_hal_mpu6050.o
                0x000000000800094a                SD_MPU6050_Init
 .text.SD_MPU6050_SetDataRate
                0x0000000008000a34       0x48 Core/Src/sd_hal_mpu6050.o
                0x0000000008000a34                SD_MPU6050_SetDataRate
 .text.SD_MPU6050_SetAccelerometer
                0x0000000008000a7c       0xe0 Core/Src/sd_hal_mpu6050.o
                0x0000000008000a7c                SD_MPU6050_SetAccelerometer
 .text.SD_MPU6050_SetGyroscope
                0x0000000008000b5c       0xe8 Core/Src/sd_hal_mpu6050.o
                0x0000000008000b5c                SD_MPU6050_SetGyroscope
 .text.SD_MPU6050_ReadAll
                0x0000000008000c44      0x108 Core/Src/sd_hal_mpu6050.o
                0x0000000008000c44                SD_MPU6050_ReadAll
 .text.MX_SPI1_Init
                0x0000000008000d4c       0x7c Core/Src/spi.o
                0x0000000008000d4c                MX_SPI1_Init
 .text.HAL_SPI_MspInit
                0x0000000008000dc8       0x84 Core/Src/spi.o
                0x0000000008000dc8                HAL_SPI_MspInit
 .text.HAL_MspInit
                0x0000000008000e4c       0x48 Core/Src/stm32l4xx_hal_msp.o
                0x0000000008000e4c                HAL_MspInit
 .text.HAL_InitTick
                0x0000000008000e94       0xac Core/Src/stm32l4xx_hal_timebase_tim.o
                0x0000000008000e94                HAL_InitTick
 .text.NMI_Handler
                0x0000000008000f40        0x6 Core/Src/stm32l4xx_it.o
                0x0000000008000f40                NMI_Handler
 .text.HardFault_Handler
                0x0000000008000f46        0x6 Core/Src/stm32l4xx_it.o
                0x0000000008000f46                HardFault_Handler
 .text.MemManage_Handler
                0x0000000008000f4c        0x6 Core/Src/stm32l4xx_it.o
                0x0000000008000f4c                MemManage_Handler
 .text.BusFault_Handler
                0x0000000008000f52        0x6 Core/Src/stm32l4xx_it.o
                0x0000000008000f52                BusFault_Handler
 .text.UsageFault_Handler
                0x0000000008000f58        0x6 Core/Src/stm32l4xx_it.o
                0x0000000008000f58                UsageFault_Handler
 .text.SVC_Handler
                0x0000000008000f5e        0xe Core/Src/stm32l4xx_it.o
                0x0000000008000f5e                SVC_Handler
 .text.DebugMon_Handler
                0x0000000008000f6c        0xe Core/Src/stm32l4xx_it.o
                0x0000000008000f6c                DebugMon_Handler
 .text.PendSV_Handler
                0x0000000008000f7a        0xe Core/Src/stm32l4xx_it.o
                0x0000000008000f7a                PendSV_Handler
 .text.SysTick_Handler
                0x0000000008000f88        0xe Core/Src/stm32l4xx_it.o
                0x0000000008000f88                SysTick_Handler
 *fill*         0x0000000008000f96        0x2 
 .text.TIM1_UP_TIM16_IRQHandler
                0x0000000008000f98       0x14 Core/Src/stm32l4xx_it.o
                0x0000000008000f98                TIM1_UP_TIM16_IRQHandler
 .text._sbrk    0x0000000008000fac       0x6c Core/Src/sysmem.o
                0x0000000008000fac                _sbrk
 .text.SystemInit
                0x0000000008001018       0x64 Core/Src/system_stm32l4xx.o
                0x0000000008001018                SystemInit
 .text.MX_USART2_UART_Init
                0x000000000800107c       0x60 Core/Src/usart.o
                0x000000000800107c                MX_USART2_UART_Init
 .text.HAL_UART_MspInit
                0x00000000080010dc       0xa8 Core/Src/usart.o
                0x00000000080010dc                HAL_UART_MspInit
 .text.Reset_Handler
                0x0000000008001184       0x50 Core/Startup/startup_stm32l432kcux.o
                0x0000000008001184                Reset_Handler
 .text.Default_Handler
                0x00000000080011d4        0x2 Core/Startup/startup_stm32l432kcux.o
                0x00000000080011d4                TIM1_BRK_TIM15_IRQHandler
                0x00000000080011d4                EXTI2_IRQHandler
                0x00000000080011d4                TIM1_CC_IRQHandler
                0x00000000080011d4                TSC_IRQHandler
                0x00000000080011d4                TAMP_STAMP_IRQHandler
                0x00000000080011d4                EXTI3_IRQHandler
                0x00000000080011d4                LPTIM2_IRQHandler
                0x00000000080011d4                I2C3_ER_IRQHandler
                0x00000000080011d4                EXTI0_IRQHandler
                0x00000000080011d4                CAN1_RX0_IRQHandler
                0x00000000080011d4                FPU_IRQHandler
                0x00000000080011d4                SPI1_IRQHandler
                0x00000000080011d4                TIM6_DAC_IRQHandler
                0x00000000080011d4                DMA2_Channel2_IRQHandler
                0x00000000080011d4                DMA1_Channel4_IRQHandler
                0x00000000080011d4                ADC1_IRQHandler
                0x00000000080011d4                DMA1_Channel7_IRQHandler
                0x00000000080011d4                CAN1_RX1_IRQHandler
                0x00000000080011d4                DMA2_Channel1_IRQHandler
                0x00000000080011d4                QUADSPI_IRQHandler
                0x00000000080011d4                I2C1_EV_IRQHandler
                0x00000000080011d4                DMA1_Channel6_IRQHandler
                0x00000000080011d4                DMA2_Channel4_IRQHandler
                0x00000000080011d4                RCC_IRQHandler
                0x00000000080011d4                TIM1_TRG_COM_IRQHandler
                0x00000000080011d4                DMA1_Channel1_IRQHandler
                0x00000000080011d4                Default_Handler
                0x00000000080011d4                DMA2_Channel7_IRQHandler
                0x00000000080011d4                EXTI15_10_IRQHandler
                0x00000000080011d4                TIM7_IRQHandler
                0x00000000080011d4                I2C3_EV_IRQHandler
                0x00000000080011d4                USB_IRQHandler
                0x00000000080011d4                EXTI9_5_IRQHandler
                0x00000000080011d4                RTC_WKUP_IRQHandler
                0x00000000080011d4                PVD_PVM_IRQHandler
                0x00000000080011d4                CAN1_TX_IRQHandler
                0x00000000080011d4                DMA2_Channel5_IRQHandler
                0x00000000080011d4                CRS_IRQHandler
                0x00000000080011d4                DMA1_Channel5_IRQHandler
                0x00000000080011d4                EXTI4_IRQHandler
                0x00000000080011d4                RNG_IRQHandler
                0x00000000080011d4                DMA1_Channel3_IRQHandler
                0x00000000080011d4                COMP_IRQHandler
                0x00000000080011d4                WWDG_IRQHandler
                0x00000000080011d4                LPUART1_IRQHandler
                0x00000000080011d4                DMA2_Channel6_IRQHandler
                0x00000000080011d4                TIM2_IRQHandler
                0x00000000080011d4                EXTI1_IRQHandler
                0x00000000080011d4                USART2_IRQHandler
                0x00000000080011d4                DMA1_Channel2_IRQHandler
                0x00000000080011d4                CAN1_SCE_IRQHandler
                0x00000000080011d4                FLASH_IRQHandler
                0x00000000080011d4                USART1_IRQHandler
                0x00000000080011d4                SPI3_IRQHandler
                0x00000000080011d4                I2C1_ER_IRQHandler
                0x00000000080011d4                SWPMI1_IRQHandler
                0x00000000080011d4                LPTIM1_IRQHandler
                0x00000000080011d4                SAI1_IRQHandler
                0x00000000080011d4                DMA2_Channel3_IRQHandler
                0x00000000080011d4                RTC_Alarm_IRQHandler
 .text.HAL_Init
                0x00000000080011d6       0x30 Drivers/STM32L4xx_HAL_Driver/Src/stm32l4xx_hal.o
                0x00000000080011d6                HAL_Init
 *fill*         0x0000000008001206        0x2 
 .text.HAL_IncTick
                0x0000000008001208       0x28 Drivers/STM32L4xx_HAL_Driver/Src/stm32l4xx_hal.o
                0x0000000008001208                HAL_IncTick
 .text.HAL_GetTick
                0x0000000008001230       0x18 Drivers/STM32L4xx_HAL_Driver/Src/stm32l4xx_hal.o
                0x0000000008001230                HAL_GetTick
 .text.HAL_Delay
                0x0000000008001248       0x48 Drivers/STM32L4xx_HAL_Driver/Src/stm32l4xx_hal.o
                0x0000000008001248                HAL_Delay
 .text.__NVIC_SetPriorityGrouping
                0x0000000008001290       0x48 Drivers/STM32L4xx_HAL_Driver/Src/stm32l4xx_hal_cortex.o
 .text.__NVIC_GetPriorityGrouping
                0x00000000080012d8       0x1c Drivers/STM32L4xx_HAL_Driver/Src/stm32l4xx_hal_cortex.o
 .text.__NVIC_EnableIRQ
                0x00000000080012f4       0x3c Drivers/STM32L4xx_HAL_Driver/Src/stm32l4xx_hal_cortex.o
 .text.__NVIC_SetPriority
                0x0000000008001330       0x54 Drivers/STM32L4xx_HAL_Driver/Src/stm32l4xx_hal_cortex.o
 .text.NVIC_EncodePriority
                0x0000000008001384       0x66 Drivers/STM32L4xx_HAL_Driver/Src/stm32l4xx_hal_cortex.o
 .text.HAL_NVIC_SetPriorityGrouping
                0x00000000080013ea       0x16 Drivers/STM32L4xx_HAL_Driver/Src/stm32l4xx_hal_cortex.o
                0x00000000080013ea                HAL_NVIC_SetPriorityGrouping
 .text.HAL_NVIC_SetPriority
                0x0000000008001400       0x38 Drivers/STM32L4xx_HAL_Driver/Src/stm32l4xx_hal_cortex.o
                0x0000000008001400                HAL_NVIC_SetPriority
 .text.HAL_NVIC_EnableIRQ
                0x0000000008001438       0x1c Drivers/STM32L4xx_HAL_Driver/Src/stm32l4xx_hal_cortex.o
                0x0000000008001438                HAL_NVIC_EnableIRQ
 .text.HAL_GPIO_Init
                0x0000000008001454      0x2d4 Drivers/STM32L4xx_HAL_Driver/Src/stm32l4xx_hal_gpio.o
                0x0000000008001454                HAL_GPIO_Init
 .text.HAL_GPIO_WritePin
                0x0000000008001728       0x30 Drivers/STM32L4xx_HAL_Driver/Src/stm32l4xx_hal_gpio.o
                0x0000000008001728                HAL_GPIO_WritePin
 .text.HAL_GPIO_TogglePin
                0x0000000008001758       0x34 Drivers/STM32L4xx_HAL_Driver/Src/stm32l4xx_hal_gpio.o
                0x0000000008001758                HAL_GPIO_TogglePin
 .text.HAL_I2C_Init
                0x000000000800178c      0x11e Drivers/STM32L4xx_HAL_Driver/Src/stm32l4xx_hal_i2c.o
                0x000000000800178c                HAL_I2C_Init
 *fill*         0x00000000080018aa        0x2 
 .text.HAL_I2C_Master_Transmit
                0x00000000080018ac      0x1e8 Drivers/STM32L4xx_HAL_Driver/Src/stm32l4xx_hal_i2c.o
                0x00000000080018ac                HAL_I2C_Master_Transmit
 .text.HAL_I2C_Master_Receive
                0x0000000008001a94      0x1ec Drivers/STM32L4xx_HAL_Driver/Src/stm32l4xx_hal_i2c.o
                0x0000000008001a94                HAL_I2C_Master_Receive
 .text.HAL_I2C_IsDeviceReady
                0x0000000008001c80      0x20e Drivers/STM32L4xx_HAL_Driver/Src/stm32l4xx_hal_i2c.o
                0x0000000008001c80                HAL_I2C_IsDeviceReady
 .text.I2C_Flush_TXDR
                0x0000000008001e8e       0x48 Drivers/STM32L4xx_HAL_Driver/Src/stm32l4xx_hal_i2c.o
 .text.I2C_WaitOnFlagUntilTimeout
                0x0000000008001ed6       0x80 Drivers/STM32L4xx_HAL_Driver/Src/stm32l4xx_hal_i2c.o
 .text.I2C_WaitOnTXISFlagUntilTimeout
                0x0000000008001f56       0x80 Drivers/STM32L4xx_HAL_Driver/Src/stm32l4xx_hal_i2c.o
 .text.I2C_WaitOnSTOPFlagUntilTimeout
                0x0000000008001fd6       0x78 Drivers/STM32L4xx_HAL_Driver/Src/stm32l4xx_hal_i2c.o
 *fill*         0x000000000800204e        0x2 
 .text.I2C_WaitOnRXNEFlagUntilTimeout
                0x0000000008002050       0xd8 Drivers/STM32L4xx_HAL_Driver/Src/stm32l4xx_hal_i2c.o
 .text.I2C_IsAcknowledgeFailed
                0x0000000008002128       0xcc Drivers/STM32L4xx_HAL_Driver/Src/stm32l4xx_hal_i2c.o
 .text.I2C_TransferConfig
                0x00000000080021f4       0x5c Drivers/STM32L4xx_HAL_Driver/Src/stm32l4xx_hal_i2c.o
 .text.HAL_I2CEx_ConfigAnalogFilter
                0x0000000008002250       0x96 Drivers/STM32L4xx_HAL_Driver/Src/stm32l4xx_hal_i2c_ex.o
                0x0000000008002250                HAL_I2CEx_ConfigAnalogFilter
 .text.HAL_I2CEx_ConfigDigitalFilter
                0x00000000080022e6       0x98 Drivers/STM32L4xx_HAL_Driver/Src/stm32l4xx_hal_i2c_ex.o
                0x00000000080022e6                HAL_I2CEx_ConfigDigitalFilter
 *fill*         0x000000000800237e        0x2 
 .text.HAL_PWR_EnableBkUpAccess
                0x0000000008002380       0x20 Drivers/STM32L4xx_HAL_Driver/Src/stm32l4xx_hal_pwr.o
                0x0000000008002380                HAL_PWR_EnableBkUpAccess
 .text.HAL_PWREx_GetVoltageRange
                0x00000000080023a0       0x1c Drivers/STM32L4xx_HAL_Driver/Src/stm32l4xx_hal_pwr_ex.o
                0x00000000080023a0                HAL_PWREx_GetVoltageRange
 .text.HAL_PWREx_ControlVoltageScaling
                0x00000000080023bc       0xac Drivers/STM32L4xx_HAL_Driver/Src/stm32l4xx_hal_pwr_ex.o
                0x00000000080023bc                HAL_PWREx_ControlVoltageScaling
 .text.HAL_RCC_OscConfig
                0x0000000008002468      0x840 Drivers/STM32L4xx_HAL_Driver/Src/stm32l4xx_hal_rcc.o
                0x0000000008002468                HAL_RCC_OscConfig
 .text.HAL_RCC_ClockConfig
                0x0000000008002ca8      0x1c4 Drivers/STM32L4xx_HAL_Driver/Src/stm32l4xx_hal_rcc.o
                0x0000000008002ca8                HAL_RCC_ClockConfig
 .text.HAL_RCC_GetSysClockFreq
                0x0000000008002e6c      0x118 Drivers/STM32L4xx_HAL_Driver/Src/stm32l4xx_hal_rcc.o
                0x0000000008002e6c                HAL_RCC_GetSysClockFreq
 .text.HAL_RCC_GetHCLKFreq
                0x0000000008002f84       0x18 Drivers/STM32L4xx_HAL_Driver/Src/stm32l4xx_hal_rcc.o
                0x0000000008002f84                HAL_RCC_GetHCLKFreq
 .text.HAL_RCC_GetPCLK1Freq
                0x0000000008002f9c       0x2c Drivers/STM32L4xx_HAL_Driver/Src/stm32l4xx_hal_rcc.o
                0x0000000008002f9c                HAL_RCC_GetPCLK1Freq
 .text.HAL_RCC_GetPCLK2Freq
                0x0000000008002fc8       0x2c Drivers/STM32L4xx_HAL_Driver/Src/stm32l4xx_hal_rcc.o
                0x0000000008002fc8                HAL_RCC_GetPCLK2Freq
 .text.HAL_RCC_GetClockConfig
                0x0000000008002ff4       0x64 Drivers/STM32L4xx_HAL_Driver/Src/stm32l4xx_hal_rcc.o
                0x0000000008002ff4                HAL_RCC_GetClockConfig
 .text.RCC_SetFlashLatencyFromMSIRange
                0x0000000008003058       0xc0 Drivers/STM32L4xx_HAL_Driver/Src/stm32l4xx_hal_rcc.o
 .text.HAL_RCCEx_PeriphCLKConfig
                0x0000000008003118      0x3e8 Drivers/STM32L4xx_HAL_Driver/Src/stm32l4xx_hal_rcc_ex.o
                0x0000000008003118                HAL_RCCEx_PeriphCLKConfig
 .text.HAL_RCCEx_EnableMSIPLLMode
                0x0000000008003500       0x20 Drivers/STM32L4xx_HAL_Driver/Src/stm32l4xx_hal_rcc_ex.o
                0x0000000008003500                HAL_RCCEx_EnableMSIPLLMode
 .text.RCCEx_PLLSAI1_Config
                0x0000000008003520      0x1e4 Drivers/STM32L4xx_HAL_Driver/Src/stm32l4xx_hal_rcc_ex.o
 .text.HAL_SPI_Init
                0x0000000008003704      0x146 Drivers/STM32L4xx_HAL_Driver/Src/stm32l4xx_hal_spi.o
                0x0000000008003704                HAL_SPI_Init
 .text.HAL_SPI_TransmitReceive
                0x000000000800384a      0x426 Drivers/STM32L4xx_HAL_Driver/Src/stm32l4xx_hal_spi.o
                0x000000000800384a                HAL_SPI_TransmitReceive
 .text.SPI_WaitFlagStateUntilTimeout
                0x0000000008003c70      0x110 Drivers/STM32L4xx_HAL_Driver/Src/stm32l4xx_hal_spi.o
 .text.SPI_WaitFifoStateUntilTimeout
                0x0000000008003d80      0x124 Drivers/STM32L4xx_HAL_Driver/Src/stm32l4xx_hal_spi.o
 .text.SPI_EndRxTxTransaction
                0x0000000008003ea4       0x8c Drivers/STM32L4xx_HAL_Driver/Src/stm32l4xx_hal_spi.o
 .text.HAL_TIM_Base_Init
                0x0000000008003f30       0xae Drivers/STM32L4xx_HAL_Driver/Src/stm32l4xx_hal_tim.o
                0x0000000008003f30                HAL_TIM_Base_Init
 .text.HAL_TIM_Base_MspInit
                0x0000000008003fde       0x14 Drivers/STM32L4xx_HAL_Driver/Src/stm32l4xx_hal_tim.o
                0x0000000008003fde                HAL_TIM_Base_MspInit
 *fill*         0x0000000008003ff2        0x2 
 .text.HAL_TIM_Base_Start_IT
                0x0000000008003ff4       0xa8 Drivers/STM32L4xx_HAL_Driver/Src/stm32l4xx_hal_tim.o
                0x0000000008003ff4                HAL_TIM_Base_Start_IT
 .text.HAL_TIM_IRQHandler
                0x000000000800409c      0x23e Drivers/STM32L4xx_HAL_Driver/Src/stm32l4xx_hal_tim.o
                0x000000000800409c                HAL_TIM_IRQHandler
 .text.HAL_TIM_OC_DelayElapsedCallback
                0x00000000080042da       0x14 Drivers/STM32L4xx_HAL_Driver/Src/stm32l4xx_hal_tim.o
                0x00000000080042da                HAL_TIM_OC_DelayElapsedCallback
 .text.HAL_TIM_IC_CaptureCallback
                0x00000000080042ee       0x14 Drivers/STM32L4xx_HAL_Driver/Src/stm32l4xx_hal_tim.o
                0x00000000080042ee                HAL_TIM_IC_CaptureCallback
 .text.HAL_TIM_PWM_PulseFinishedCallback
                0x0000000008004302       0x14 Drivers/STM32L4xx_HAL_Driver/Src/stm32l4xx_hal_tim.o
                0x0000000008004302                HAL_TIM_PWM_PulseFinishedCallback
 .text.HAL_TIM_TriggerCallback
                0x0000000008004316       0x14 Drivers/STM32L4xx_HAL_Driver/Src/stm32l4xx_hal_tim.o
                0x0000000008004316                HAL_TIM_TriggerCallback
 *fill*         0x000000000800432a        0x2 
 .text.TIM_Base_SetConfig
                0x000000000800432c       0xc8 Drivers/STM32L4xx_HAL_Driver/Src/stm32l4xx_hal_tim.o
                0x000000000800432c                TIM_Base_SetConfig
 .text.HAL_TIMEx_CommutCallback
                0x00000000080043f4       0x14 Drivers/STM32L4xx_HAL_Driver/Src/stm32l4xx_hal_tim_ex.o
                0x00000000080043f4                HAL_TIMEx_CommutCallback
 .text.HAL_TIMEx_BreakCallback
                0x0000000008004408       0x14 Drivers/STM32L4xx_HAL_Driver/Src/stm32l4xx_hal_tim_ex.o
                0x0000000008004408                HAL_TIMEx_BreakCallback
 .text.HAL_TIMEx_Break2Callback
                0x000000000800441c       0x14 Drivers/STM32L4xx_HAL_Driver/Src/stm32l4xx_hal_tim_ex.o
                0x000000000800441c                HAL_TIMEx_Break2Callback
 .text.HAL_UART_Init
                0x0000000008004430       0x9c Drivers/STM32L4xx_HAL_Driver/Src/stm32l4xx_hal_uart.o
                0x0000000008004430                HAL_UART_Init
 .text.HAL_UART_Transmit
                0x00000000080044cc      0x128 Drivers/STM32L4xx_HAL_Driver/Src/stm32l4xx_hal_uart.o
                0x00000000080044cc                HAL_UART_Transmit
 .text.UART_SetConfig
                0x00000000080045f4      0x418 Drivers/STM32L4xx_HAL_Driver/Src/stm32l4xx_hal_uart.o
                0x00000000080045f4                UART_SetConfig
 .text.UART_AdvFeatureConfig
                0x0000000008004a0c      0x144 Drivers/STM32L4xx_HAL_Driver/Src/stm32l4xx_hal_uart.o
                0x0000000008004a0c                UART_AdvFeatureConfig
 .text.UART_CheckIdleState
                0x0000000008004b50       0x92 Drivers/STM32L4xx_HAL_Driver/Src/stm32l4xx_hal_uart.o
                0x0000000008004b50                UART_CheckIdleState
 .text.UART_WaitOnFlagUntilTimeout
                0x0000000008004be2       0xf8 Drivers/STM32L4xx_HAL_Driver/Src/stm32l4xx_hal_uart.o
                0x0000000008004be2                UART_WaitOnFlagUntilTimeout
 *fill*         0x0000000008004cda        0x2 
 .text.MX_FATFS_Init
                0x0000000008004cdc       0x24 FATFS/App/fatfs.o
                0x0000000008004cdc                MX_FATFS_Init
 .text.USER_initialize
                0x0000000008004d00       0x1c FATFS/Target/user_diskio.o
                0x0000000008004d00                USER_initialize
 .text.USER_status
                0x0000000008004d1c       0x1c FATFS/Target/user_diskio.o
                0x0000000008004d1c                USER_status
 .text.USER_read
                0x0000000008004d38       0x26 FATFS/Target/user_diskio.o
                0x0000000008004d38                USER_read
 .text.USER_write
                0x0000000008004d5e       0x26 FATFS/Target/user_diskio.o
                0x0000000008004d5e                USER_write
 .text.USER_ioctl
                0x0000000008004d84       0x26 FATFS/Target/user_diskio.o
                0x0000000008004d84                USER_ioctl
 *fill*         0x0000000008004daa        0x2 
 .text.SPI_Timer_On
                0x0000000008004dac       0x28 FATFS/Target/user_diskio_spi.o
                0x0000000008004dac                SPI_Timer_On
 .text.SPI_Timer_Status
                0x0000000008004dd4       0x2c FATFS/Target/user_diskio_spi.o
                0x0000000008004dd4                SPI_Timer_Status
 .text.xchg_spi
                0x0000000008004e00       0x2c FATFS/Target/user_diskio_spi.o
 .text.rcvr_spi_multi
                0x0000000008004e2c       0x38 FATFS/Target/user_diskio_spi.o
 .text.xmit_spi_multi
                0x0000000008004e64       0x36 FATFS/Target/user_diskio_spi.o
 .text.wait_ready
                0x0000000008004e9a       0x46 FATFS/Target/user_diskio_spi.o
 .text.despiselect
                0x0000000008004ee0       0x1c FATFS/Target/user_diskio_spi.o
 .text.spiselect
                0x0000000008004efc       0x34 FATFS/Target/user_diskio_spi.o
 .text.rcvr_datablock
                0x0000000008004f30       0x52 FATFS/Target/user_diskio_spi.o
 .text.xmit_datablock
                0x0000000008004f82       0x64 FATFS/Target/user_diskio_spi.o
 .text.send_cmd
                0x0000000008004fe6       0xde FATFS/Target/user_diskio_spi.o
 .text.USER_SPI_initialize
                0x00000000080050c4      0x1ac FATFS/Target/user_diskio_spi.o
                0x00000000080050c4                USER_SPI_initialize
 .text.USER_SPI_status
                0x0000000008005270       0x2c FATFS/Target/user_diskio_spi.o
                0x0000000008005270                USER_SPI_status
 .text.USER_SPI_read
                0x000000000800529c       0xcc FATFS/Target/user_diskio_spi.o
                0x000000000800529c                USER_SPI_read
 .text.USER_SPI_write
                0x0000000008005368       0xf8 FATFS/Target/user_diskio_spi.o
                0x0000000008005368                USER_SPI_write
 .text.USER_SPI_ioctl
                0x0000000008005460      0x2e0 FATFS/Target/user_diskio_spi.o
                0x0000000008005460                USER_SPI_ioctl
 .text.FATFS_LinkDriverEx
                0x0000000008005740       0x98 Middlewares/Third_Party/FatFs/src/ff_gen_drv.o
                0x0000000008005740                FATFS_LinkDriverEx
 .text.FATFS_LinkDriver
                0x00000000080057d8       0x1e Middlewares/Third_Party/FatFs/src/ff_gen_drv.o
                0x00000000080057d8                FATFS_LinkDriver
 *fill*         0x00000000080057f6        0x2 
 .text.__errno  0x00000000080057f8        0xc /Applications/STM32CubeIDE.app/Contents/Eclipse/plugins/com.st.stm32cube.ide.mcu.externaltools.gnu-tools-for-stm32.9-2020-q2-update.macos64_1.5.0.202011040924/tools/bin/../lib/gcc/arm-none-eabi/9.3.1/../../../../arm-none-eabi/lib/thumb/v7e-m+fp/hard/libc_nano.a(lib_a-errno.o)
                0x00000000080057f8                __errno
 .text.__libc_init_array
                0x0000000008005804       0x48 /Applications/STM32CubeIDE.app/Contents/Eclipse/plugins/com.st.stm32cube.ide.mcu.externaltools.gnu-tools-for-stm32.9-2020-q2-update.macos64_1.5.0.202011040924/tools/bin/../lib/gcc/arm-none-eabi/9.3.1/../../../../arm-none-eabi/lib/thumb/v7e-m+fp/hard/libc_nano.a(lib_a-init.o)
                0x0000000008005804                __libc_init_array
 .text.memset   0x000000000800584c       0x10 /Applications/STM32CubeIDE.app/Contents/Eclipse/plugins/com.st.stm32cube.ide.mcu.externaltools.gnu-tools-for-stm32.9-2020-q2-update.macos64_1.5.0.202011040924/tools/bin/../lib/gcc/arm-none-eabi/9.3.1/../../../../arm-none-eabi/lib/thumb/v7e-m+fp/hard/libc_nano.a(lib_a-memset.o)
                0x000000000800584c                memset
 .text.snprintf
                0x000000000800585c       0x68 /Applications/STM32CubeIDE.app/Contents/Eclipse/plugins/com.st.stm32cube.ide.mcu.externaltools.gnu-tools-for-stm32.9-2020-q2-update.macos64_1.5.0.202011040924/tools/bin/../lib/gcc/arm-none-eabi/9.3.1/../../../../arm-none-eabi/lib/thumb/v7e-m+fp/hard/libc_nano.a(lib_a-snprintf.o)
                0x000000000800585c                snprintf
                0x000000000800585c                sniprintf
 .text.__ssputs_r
                0x00000000080058c4       0xb6 /Applications/STM32CubeIDE.app/Contents/Eclipse/plugins/com.st.stm32cube.ide.mcu.externaltools.gnu-tools-for-stm32.9-2020-q2-update.macos64_1.5.0.202011040924/tools/bin/../lib/gcc/arm-none-eabi/9.3.1/../../../../arm-none-eabi/lib/thumb/v7e-m+fp/hard/libc_nano.a(lib_a-nano-svfprintf.o)
                0x00000000080058c4                __ssputs_r
 *fill*         0x000000000800597a        0x2 
 .text._svfprintf_r
                0x000000000800597c      0x200 /Applications/STM32CubeIDE.app/Contents/Eclipse/plugins/com.st.stm32cube.ide.mcu.externaltools.gnu-tools-for-stm32.9-2020-q2-update.macos64_1.5.0.202011040924/tools/bin/../lib/gcc/arm-none-eabi/9.3.1/../../../../arm-none-eabi/lib/thumb/v7e-m+fp/hard/libc_nano.a(lib_a-nano-svfprintf.o)
                0x000000000800597c                _svfprintf_r
                0x000000000800597c                _svfiprintf_r
 .text._printf_common
                0x0000000008005b7c       0xda /Applications/STM32CubeIDE.app/Contents/Eclipse/plugins/com.st.stm32cube.ide.mcu.externaltools.gnu-tools-for-stm32.9-2020-q2-update.macos64_1.5.0.202011040924/tools/bin/../lib/gcc/arm-none-eabi/9.3.1/../../../../arm-none-eabi/lib/thumb/v7e-m+fp/hard/libc_nano.a(lib_a-nano-vfprintf_i.o)
                0x0000000008005b7c                _printf_common
 *fill*         0x0000000008005c56        0x2 
 .text._printf_i
                0x0000000008005c58      0x24c /Applications/STM32CubeIDE.app/Contents/Eclipse/plugins/com.st.stm32cube.ide.mcu.externaltools.gnu-tools-for-stm32.9-2020-q2-update.macos64_1.5.0.202011040924/tools/bin/../lib/gcc/arm-none-eabi/9.3.1/../../../../arm-none-eabi/lib/thumb/v7e-m+fp/hard/libc_nano.a(lib_a-nano-vfprintf_i.o)
                0x0000000008005c58                _printf_i
 .text.memcpy   0x0000000008005ea4       0x1c /Applications/STM32CubeIDE.app/Contents/Eclipse/plugins/com.st.stm32cube.ide.mcu.externaltools.gnu-tools-for-stm32.9-2020-q2-update.macos64_1.5.0.202011040924/tools/bin/../lib/gcc/arm-none-eabi/9.3.1/../../../../arm-none-eabi/lib/thumb/v7e-m+fp/hard/libc_nano.a(lib_a-memcpy-stub.o)
                0x0000000008005ea4                memcpy
 .text.memmove  0x0000000008005ec0       0x34 /Applications/STM32CubeIDE.app/Contents/Eclipse/plugins/com.st.stm32cube.ide.mcu.externaltools.gnu-tools-for-stm32.9-2020-q2-update.macos64_1.5.0.202011040924/tools/bin/../lib/gcc/arm-none-eabi/9.3.1/../../../../arm-none-eabi/lib/thumb/v7e-m+fp/hard/libc_nano.a(lib_a-memmove.o)
                0x0000000008005ec0                memmove
 .text._free_r  0x0000000008005ef4       0xa0 /Applications/STM32CubeIDE.app/Contents/Eclipse/plugins/com.st.stm32cube.ide.mcu.externaltools.gnu-tools-for-stm32.9-2020-q2-update.macos64_1.5.0.202011040924/tools/bin/../lib/gcc/arm-none-eabi/9.3.1/../../../../arm-none-eabi/lib/thumb/v7e-m+fp/hard/libc_nano.a(lib_a-nano-freer.o)
                0x0000000008005ef4                _free_r
 .text._malloc_r
                0x0000000008005f94       0xb4 /Applications/STM32CubeIDE.app/Contents/Eclipse/plugins/com.st.stm32cube.ide.mcu.externaltools.gnu-tools-for-stm32.9-2020-q2-update.macos64_1.5.0.202011040924/tools/bin/../lib/gcc/arm-none-eabi/9.3.1/../../../../arm-none-eabi/lib/thumb/v7e-m+fp/hard/libc_nano.a(lib_a-nano-mallocr.o)
                0x0000000008005f94                _malloc_r
 .text._realloc_r
                0x0000000008006048       0x4c /Applications/STM32CubeIDE.app/Contents/Eclipse/plugins/com.st.stm32cube.ide.mcu.externaltools.gnu-tools-for-stm32.9-2020-q2-update.macos64_1.5.0.202011040924/tools/bin/../lib/gcc/arm-none-eabi/9.3.1/../../../../arm-none-eabi/lib/thumb/v7e-m+fp/hard/libc_nano.a(lib_a-nano-reallocr.o)
                0x0000000008006048                _realloc_r
 .text._sbrk_r  0x0000000008006094       0x20 /Applications/STM32CubeIDE.app/Contents/Eclipse/plugins/com.st.stm32cube.ide.mcu.externaltools.gnu-tools-for-stm32.9-2020-q2-update.macos64_1.5.0.202011040924/tools/bin/../lib/gcc/arm-none-eabi/9.3.1/../../../../arm-none-eabi/lib/thumb/v7e-m+fp/hard/libc_nano.a(lib_a-sbrkr.o)
                0x0000000008006094                _sbrk_r
 .text.__malloc_lock
                0x00000000080060b4        0xc /Applications/STM32CubeIDE.app/Contents/Eclipse/plugins/com.st.stm32cube.ide.mcu.externaltools.gnu-tools-for-stm32.9-2020-q2-update.macos64_1.5.0.202011040924/tools/bin/../lib/gcc/arm-none-eabi/9.3.1/../../../../arm-none-eabi/lib/thumb/v7e-m+fp/hard/libc_nano.a(lib_a-mlock.o)
                0x00000000080060b4                __malloc_lock
 .text.__malloc_unlock
                0x00000000080060c0        0xc /Applications/STM32CubeIDE.app/Contents/Eclipse/plugins/com.st.stm32cube.ide.mcu.externaltools.gnu-tools-for-stm32.9-2020-q2-update.macos64_1.5.0.202011040924/tools/bin/../lib/gcc/arm-none-eabi/9.3.1/../../../../arm-none-eabi/lib/thumb/v7e-m+fp/hard/libc_nano.a(lib_a-mlock.o)
                0x00000000080060c0                __malloc_unlock
 .text._malloc_usable_size_r
                0x00000000080060cc       0x10 /Applications/STM32CubeIDE.app/Contents/Eclipse/plugins/com.st.stm32cube.ide.mcu.externaltools.gnu-tools-for-stm32.9-2020-q2-update.macos64_1.5.0.202011040924/tools/bin/../lib/gcc/arm-none-eabi/9.3.1/../../../../arm-none-eabi/lib/thumb/v7e-m+fp/hard/libc_nano.a(lib_a-nano-msizer.o)
                0x00000000080060cc                _malloc_usable_size_r
 .text.__retarget_lock_acquire_recursive
                0x00000000080060dc        0x2 /Applications/STM32CubeIDE.app/Contents/Eclipse/plugins/com.st.stm32cube.ide.mcu.externaltools.gnu-tools-for-stm32.9-2020-q2-update.macos64_1.5.0.202011040924/tools/bin/../lib/gcc/arm-none-eabi/9.3.1/../../../../arm-none-eabi/lib/thumb/v7e-m+fp/hard/libc_nano.a(lib_a-lock.o)
                0x00000000080060dc                __retarget_lock_acquire_recursive
 .text.__retarget_lock_release_recursive
                0x00000000080060de        0x2 /Applications/STM32CubeIDE.app/Contents/Eclipse/plugins/com.st.stm32cube.ide.mcu.externaltools.gnu-tools-for-stm32.9-2020-q2-update.macos64_1.5.0.202011040924/tools/bin/../lib/gcc/arm-none-eabi/9.3.1/../../../../arm-none-eabi/lib/thumb/v7e-m+fp/hard/libc_nano.a(lib_a-lock.o)
                0x00000000080060de                __retarget_lock_release_recursive
 *(.glue_7)
 .glue_7        0x00000000080060e0        0x0 linker stubs
 *(.glue_7t)
 .glue_7t       0x00000000080060e0        0x0 linker stubs
 *(.eh_frame)
 .eh_frame      0x00000000080060e0        0x0 /Applications/STM32CubeIDE.app/Contents/Eclipse/plugins/com.st.stm32cube.ide.mcu.externaltools.gnu-tools-for-stm32.9-2020-q2-update.macos64_1.5.0.202011040924/tools/bin/../lib/gcc/arm-none-eabi/9.3.1/thumb/v7e-m+fp/hard/crtbegin.o
 *(.init)
 .init          0x00000000080060e0        0x4 /Applications/STM32CubeIDE.app/Contents/Eclipse/plugins/com.st.stm32cube.ide.mcu.externaltools.gnu-tools-for-stm32.9-2020-q2-update.macos64_1.5.0.202011040924/tools/bin/../lib/gcc/arm-none-eabi/9.3.1/thumb/v7e-m+fp/hard/crti.o
                0x00000000080060e0                _init
 .init          0x00000000080060e4        0x8 /Applications/STM32CubeIDE.app/Contents/Eclipse/plugins/com.st.stm32cube.ide.mcu.externaltools.gnu-tools-for-stm32.9-2020-q2-update.macos64_1.5.0.202011040924/tools/bin/../lib/gcc/arm-none-eabi/9.3.1/thumb/v7e-m+fp/hard/crtn.o
 *(.fini)
 .fini          0x00000000080060ec        0x4 /Applications/STM32CubeIDE.app/Contents/Eclipse/plugins/com.st.stm32cube.ide.mcu.externaltools.gnu-tools-for-stm32.9-2020-q2-update.macos64_1.5.0.202011040924/tools/bin/../lib/gcc/arm-none-eabi/9.3.1/thumb/v7e-m+fp/hard/crti.o
                0x00000000080060ec                _fini
 .fini          0x00000000080060f0        0x8 /Applications/STM32CubeIDE.app/Contents/Eclipse/plugins/com.st.stm32cube.ide.mcu.externaltools.gnu-tools-for-stm32.9-2020-q2-update.macos64_1.5.0.202011040924/tools/bin/../lib/gcc/arm-none-eabi/9.3.1/thumb/v7e-m+fp/hard/crtn.o
                0x00000000080060f8                . = ALIGN (0x4)
                0x00000000080060f8                _etext = .

.vfp11_veneer   0x00000000080060f8        0x0
 .vfp11_veneer  0x00000000080060f8        0x0 linker stubs

.v4_bx          0x00000000080060f8        0x0
 .v4_bx         0x00000000080060f8        0x0 linker stubs

.iplt           0x00000000080060f8        0x0
 .iplt          0x00000000080060f8        0x0 /Applications/STM32CubeIDE.app/Contents/Eclipse/plugins/com.st.stm32cube.ide.mcu.externaltools.gnu-tools-for-stm32.9-2020-q2-update.macos64_1.5.0.202011040924/tools/bin/../lib/gcc/arm-none-eabi/9.3.1/thumb/v7e-m+fp/hard/crtbegin.o

.rodata         0x00000000080060f8       0x94
                0x00000000080060f8                . = ALIGN (0x4)
 *(.rodata)
 .rodata        0x00000000080060f8       0x17 Core/Src/main.o
 *(.rodata*)
 *fill*         0x000000000800610f        0x1 
 .rodata.AHBPrescTable
                0x0000000008006110       0x10 Core/Src/system_stm32l4xx.o
                0x0000000008006110                AHBPrescTable
 .rodata.APBPrescTable
                0x0000000008006120        0x8 Core/Src/system_stm32l4xx.o
                0x0000000008006120                APBPrescTable
 .rodata.MSIRangeTable
                0x0000000008006128       0x30 Core/Src/system_stm32l4xx.o
                0x0000000008006128                MSIRangeTable
 .rodata._svfprintf_r.str1.1
                0x0000000008006158       0x11 /Applications/STM32CubeIDE.app/Contents/Eclipse/plugins/com.st.stm32cube.ide.mcu.externaltools.gnu-tools-for-stm32.9-2020-q2-update.macos64_1.5.0.202011040924/tools/bin/../lib/gcc/arm-none-eabi/9.3.1/../../../../arm-none-eabi/lib/thumb/v7e-m+fp/hard/libc_nano.a(lib_a-nano-svfprintf.o)
 .rodata._printf_i.str1.1
                0x0000000008006169       0x22 /Applications/STM32CubeIDE.app/Contents/Eclipse/plugins/com.st.stm32cube.ide.mcu.externaltools.gnu-tools-for-stm32.9-2020-q2-update.macos64_1.5.0.202011040924/tools/bin/../lib/gcc/arm-none-eabi/9.3.1/../../../../arm-none-eabi/lib/thumb/v7e-m+fp/hard/libc_nano.a(lib_a-nano-vfprintf_i.o)
                0x000000000800618c                . = ALIGN (0x4)
 *fill*         0x000000000800618b        0x1 

.ARM.extab      0x000000000800618c        0x0
                0x000000000800618c                . = ALIGN (0x4)
 *(.ARM.extab* .gnu.linkonce.armextab.*)
                0x000000000800618c                . = ALIGN (0x4)

.ARM            0x000000000800618c        0x8
                0x000000000800618c                . = ALIGN (0x4)
                0x000000000800618c                __exidx_start = .
 *(.ARM.exidx*)
 .ARM.exidx     0x000000000800618c        0x8 /Applications/STM32CubeIDE.app/Contents/Eclipse/plugins/com.st.stm32cube.ide.mcu.externaltools.gnu-tools-for-stm32.9-2020-q2-update.macos64_1.5.0.202011040924/tools/bin/../lib/gcc/arm-none-eabi/9.3.1/thumb/v7e-m+fp/hard/libgcc.a(_udivmoddi4.o)
                0x0000000008006194                __exidx_end = .
                0x0000000008006194                . = ALIGN (0x4)

.rel.dyn        0x0000000008006194        0x0
 .rel.iplt      0x0000000008006194        0x0 /Applications/STM32CubeIDE.app/Contents/Eclipse/plugins/com.st.stm32cube.ide.mcu.externaltools.gnu-tools-for-stm32.9-2020-q2-update.macos64_1.5.0.202011040924/tools/bin/../lib/gcc/arm-none-eabi/9.3.1/thumb/v7e-m+fp/hard/crtbegin.o

.preinit_array  0x0000000008006194        0x0
                0x0000000008006194                . = ALIGN (0x4)
                0x0000000008006194                PROVIDE (__preinit_array_start = .)
 *(.preinit_array*)
                0x0000000008006194                PROVIDE (__preinit_array_end = .)
                0x0000000008006194                . = ALIGN (0x4)

.init_array     0x0000000008006194        0x4
                0x0000000008006194                . = ALIGN (0x4)
                0x0000000008006194                PROVIDE (__init_array_start = .)
 *(SORT_BY_NAME(.init_array.*))
 *(.init_array*)
 .init_array    0x0000000008006194        0x4 /Applications/STM32CubeIDE.app/Contents/Eclipse/plugins/com.st.stm32cube.ide.mcu.externaltools.gnu-tools-for-stm32.9-2020-q2-update.macos64_1.5.0.202011040924/tools/bin/../lib/gcc/arm-none-eabi/9.3.1/thumb/v7e-m+fp/hard/crtbegin.o
                0x0000000008006198                PROVIDE (__init_array_end = .)
                0x0000000008006198                . = ALIGN (0x4)

.fini_array     0x0000000008006198        0x4
                0x0000000008006198                . = ALIGN (0x4)
                [!provide]                        PROVIDE (__fini_array_start = .)
 *(SORT_BY_NAME(.fini_array.*))
 *(.fini_array*)
 .fini_array    0x0000000008006198        0x4 /Applications/STM32CubeIDE.app/Contents/Eclipse/plugins/com.st.stm32cube.ide.mcu.externaltools.gnu-tools-for-stm32.9-2020-q2-update.macos64_1.5.0.202011040924/tools/bin/../lib/gcc/arm-none-eabi/9.3.1/thumb/v7e-m+fp/hard/crtbegin.o
                [!provide]                        PROVIDE (__fini_array_end = .)
                0x000000000800619c                . = ALIGN (0x4)
                0x000000000800619c                _sidata = LOADADDR (.data)

.data           0x0000000020000000       0x88 load address 0x000000000800619c
                0x0000000020000000                . = ALIGN (0x4)
                0x0000000020000000                _sdata = .
 *(.data)
 *(.data*)
 .data.SystemCoreClock
                0x0000000020000000        0x4 Core/Src/system_stm32l4xx.o
                0x0000000020000000                SystemCoreClock
 .data.uwTickPrio
                0x0000000020000004        0x4 Drivers/STM32L4xx_HAL_Driver/Src/stm32l4xx_hal.o
                0x0000000020000004                uwTickPrio
 .data.uwTickFreq
                0x0000000020000008        0x1 Drivers/STM32L4xx_HAL_Driver/Src/stm32l4xx_hal.o
                0x0000000020000008                uwTickFreq
 *fill*         0x0000000020000009        0x3 
 .data.USER_Driver
                0x000000002000000c       0x14 FATFS/Target/user_diskio.o
                0x000000002000000c                USER_Driver
 .data.Stat     0x0000000020000020        0x1 FATFS/Target/user_diskio_spi.o
 *fill*         0x0000000020000021        0x3 
 .data._impure_ptr
                0x0000000020000024        0x4 /Applications/STM32CubeIDE.app/Contents/Eclipse/plugins/com.st.stm32cube.ide.mcu.externaltools.gnu-tools-for-stm32.9-2020-q2-update.macos64_1.5.0.202011040924/tools/bin/../lib/gcc/arm-none-eabi/9.3.1/../../../../arm-none-eabi/lib/thumb/v7e-m+fp/hard/libc_nano.a(lib_a-impure.o)
                0x0000000020000024                _impure_ptr
 .data.impure_data
                0x0000000020000028       0x60 /Applications/STM32CubeIDE.app/Contents/Eclipse/plugins/com.st.stm32cube.ide.mcu.externaltools.gnu-tools-for-stm32.9-2020-q2-update.macos64_1.5.0.202011040924/tools/bin/../lib/gcc/arm-none-eabi/9.3.1/../../../../arm-none-eabi/lib/thumb/v7e-m+fp/hard/libc_nano.a(lib_a-impure.o)
 *(.RamFunc)
 *(.RamFunc*)
                0x0000000020000088                . = ALIGN (0x4)
                0x0000000020000088                _edata = .

.igot.plt       0x0000000020000088        0x0 load address 0x0000000008006224
 .igot.plt      0x0000000020000088        0x0 /Applications/STM32CubeIDE.app/Contents/Eclipse/plugins/com.st.stm32cube.ide.mcu.externaltools.gnu-tools-for-stm32.9-2020-q2-update.macos64_1.5.0.202011040924/tools/bin/../lib/gcc/arm-none-eabi/9.3.1/thumb/v7e-m+fp/hard/crtbegin.o
                0x0000000020000088                . = ALIGN (0x4)

.bss            0x0000000020000088      0x890 load address 0x0000000008006224
                0x0000000020000088                _sbss = .
                0x0000000020000088                __bss_start__ = _sbss
 *(.bss)
 .bss           0x0000000020000088       0x1c /Applications/STM32CubeIDE.app/Contents/Eclipse/plugins/com.st.stm32cube.ide.mcu.externaltools.gnu-tools-for-stm32.9-2020-q2-update.macos64_1.5.0.202011040924/tools/bin/../lib/gcc/arm-none-eabi/9.3.1/thumb/v7e-m+fp/hard/crtbegin.o
 *(.bss*)
 .bss.__sbrk_heap_end
                0x00000000200000a4        0x4 Core/Src/sysmem.o
 .bss.CardType  0x00000000200000a8        0x1 FATFS/Target/user_diskio_spi.o
 *fill*         0x00000000200000a9        0x3 
 .bss.disk      0x00000000200000ac        0xc Middlewares/Third_Party/FatFs/src/ff_gen_drv.o
                0x00000000200000ac                disk
 .bss.__malloc_free_list
                0x00000000200000b8        0x4 /Applications/STM32CubeIDE.app/Contents/Eclipse/plugins/com.st.stm32cube.ide.mcu.externaltools.gnu-tools-for-stm32.9-2020-q2-update.macos64_1.5.0.202011040924/tools/bin/../lib/gcc/arm-none-eabi/9.3.1/../../../../arm-none-eabi/lib/thumb/v7e-m+fp/hard/libc_nano.a(lib_a-nano-mallocr.o)
                0x00000000200000b8                __malloc_free_list
 .bss.__malloc_sbrk_start
                0x00000000200000bc        0x4 /Applications/STM32CubeIDE.app/Contents/Eclipse/plugins/com.st.stm32cube.ide.mcu.externaltools.gnu-tools-for-stm32.9-2020-q2-update.macos64_1.5.0.202011040924/tools/bin/../lib/gcc/arm-none-eabi/9.3.1/../../../../arm-none-eabi/lib/thumb/v7e-m+fp/hard/libc_nano.a(lib_a-nano-mallocr.o)
                0x00000000200000bc                __malloc_sbrk_start
 *(COMMON)
 COMMON         0x00000000200000c0       0x4c Core/Src/i2c.o
                0x00000000200000c0                hi2c1
 COMMON         0x000000002000010c      0x251 Core/Src/main.o
                0x000000002000010c                mpu6050
                0x0000000020000128                fResult
                0x000000002000012c                FatFs
                0x000000002000035c                mpuResult
 *fill*         0x000000002000035d        0x3 
 COMMON         0x0000000020000360       0x64 Core/Src/spi.o
                0x0000000020000360                hspi1
 COMMON         0x00000000200003c4       0x4c Core/Src/stm32l4xx_hal_timebase_tim.o
                0x00000000200003c4                htim16
 COMMON         0x0000000020000410       0x84 Core/Src/usart.o
                0x0000000020000410                huart2
 COMMON         0x0000000020000494        0x4 Drivers/STM32L4xx_HAL_Driver/Src/stm32l4xx_hal.o
                0x0000000020000494                uwTick
 COMMON         0x0000000020000498      0x468 FATFS/App/fatfs.o
                0x0000000020000498                USERPath
                0x000000002000049c                retUSER
                0x00000000200004a0                USERFile
                0x00000000200006d0                USERFatFS
 COMMON         0x0000000020000900        0x8 FATFS/Target/user_diskio_spi.o
                0x0000000020000900                spiTimerTickStart
                0x0000000020000904                spiTimerTickDelay
 COMMON         0x0000000020000908        0x4 /Applications/STM32CubeIDE.app/Contents/Eclipse/plugins/com.st.stm32cube.ide.mcu.externaltools.gnu-tools-for-stm32.9-2020-q2-update.macos64_1.5.0.202011040924/tools/bin/../lib/gcc/arm-none-eabi/9.3.1/../../../../arm-none-eabi/lib/thumb/v7e-m+fp/hard/libc_nano.a(lib_a-reent.o)
                0x0000000020000908                errno
 COMMON         0x000000002000090c        0x9 /Applications/STM32CubeIDE.app/Contents/Eclipse/plugins/com.st.stm32cube.ide.mcu.externaltools.gnu-tools-for-stm32.9-2020-q2-update.macos64_1.5.0.202011040924/tools/bin/../lib/gcc/arm-none-eabi/9.3.1/../../../../arm-none-eabi/lib/thumb/v7e-m+fp/hard/libc_nano.a(lib_a-lock.o)
                0x000000002000090c                __lock___atexit_recursive_mutex
                0x000000002000090d                __lock___arc4random_mutex
                0x000000002000090e                __lock___env_recursive_mutex
                0x000000002000090f                __lock___sinit_recursive_mutex
                0x0000000020000910                __lock___malloc_recursive_mutex
                0x0000000020000911                __lock___at_quick_exit_mutex
                0x0000000020000912                __lock___dd_hash_mutex
                0x0000000020000913                __lock___tz_mutex
                0x0000000020000914                __lock___sfp_recursive_mutex
                0x0000000020000918                . = ALIGN (0x4)
 *fill*         0x0000000020000915        0x3 
                0x0000000020000918                _ebss = .
                0x0000000020000918                __bss_end__ = _ebss

._user_heap_stack
                0x0000000020000918      0x600 load address 0x0000000008006224
                0x0000000020000918                . = ALIGN (0x8)
                [!provide]                        PROVIDE (end = .)
                0x0000000020000918                PROVIDE (_end = .)
                0x0000000020000b18                . = (. + _Min_Heap_Size)
 *fill*         0x0000000020000918      0x200 
                0x0000000020000f18                . = (. + _Min_Stack_Size)
 *fill*         0x0000000020000b18      0x400 
                0x0000000020000f18                . = ALIGN (0x8)

/DISCARD/
 libc.a(*)
 libm.a(*)
 libgcc.a(*)

.ARM.attributes
                0x0000000000000000       0x30
 *(.ARM.attributes)
 .ARM.attributes
                0x0000000000000000       0x1e /Applications/STM32CubeIDE.app/Contents/Eclipse/plugins/com.st.stm32cube.ide.mcu.externaltools.gnu-tools-for-stm32.9-2020-q2-update.macos64_1.5.0.202011040924/tools/bin/../lib/gcc/arm-none-eabi/9.3.1/thumb/v7e-m+fp/hard/crti.o
 .ARM.attributes
                0x000000000000001e       0x34 /Applications/STM32CubeIDE.app/Contents/Eclipse/plugins/com.st.stm32cube.ide.mcu.externaltools.gnu-tools-for-stm32.9-2020-q2-update.macos64_1.5.0.202011040924/tools/bin/../lib/gcc/arm-none-eabi/9.3.1/thumb/v7e-m+fp/hard/crtbegin.o
 .ARM.attributes
                0x0000000000000052       0x34 Core/Src/gpio.o
 .ARM.attributes
                0x0000000000000086       0x34 Core/Src/i2c.o
 .ARM.attributes
                0x00000000000000ba       0x34 Core/Src/main.o
 .ARM.attributes
                0x00000000000000ee       0x34 Core/Src/sd_hal_mpu6050.o
 .ARM.attributes
                0x0000000000000122       0x34 Core/Src/spi.o
 .ARM.attributes
                0x0000000000000156       0x34 Core/Src/stm32l4xx_hal_msp.o
 .ARM.attributes
                0x000000000000018a       0x34 Core/Src/stm32l4xx_hal_timebase_tim.o
 .ARM.attributes
                0x00000000000001be       0x34 Core/Src/stm32l4xx_it.o
 .ARM.attributes
                0x00000000000001f2       0x34 Core/Src/sysmem.o
 .ARM.attributes
                0x0000000000000226       0x34 Core/Src/system_stm32l4xx.o
 .ARM.attributes
                0x000000000000025a       0x34 Core/Src/usart.o
 .ARM.attributes
                0x000000000000028e       0x21 Core/Startup/startup_stm32l432kcux.o
 .ARM.attributes
                0x00000000000002af       0x34 Drivers/STM32L4xx_HAL_Driver/Src/stm32l4xx_hal.o
 .ARM.attributes
                0x00000000000002e3       0x34 Drivers/STM32L4xx_HAL_Driver/Src/stm32l4xx_hal_cortex.o
 .ARM.attributes
                0x0000000000000317       0x34 Drivers/STM32L4xx_HAL_Driver/Src/stm32l4xx_hal_gpio.o
 .ARM.attributes
                0x000000000000034b       0x34 Drivers/STM32L4xx_HAL_Driver/Src/stm32l4xx_hal_i2c.o
 .ARM.attributes
                0x000000000000037f       0x34 Drivers/STM32L4xx_HAL_Driver/Src/stm32l4xx_hal_i2c_ex.o
 .ARM.attributes
                0x00000000000003b3       0x34 Drivers/STM32L4xx_HAL_Driver/Src/stm32l4xx_hal_pwr.o
 .ARM.attributes
                0x00000000000003e7       0x34 Drivers/STM32L4xx_HAL_Driver/Src/stm32l4xx_hal_pwr_ex.o
 .ARM.attributes
                0x000000000000041b       0x34 Drivers/STM32L4xx_HAL_Driver/Src/stm32l4xx_hal_rcc.o
 .ARM.attributes
                0x000000000000044f       0x34 Drivers/STM32L4xx_HAL_Driver/Src/stm32l4xx_hal_rcc_ex.o
 .ARM.attributes
                0x0000000000000483       0x34 Drivers/STM32L4xx_HAL_Driver/Src/stm32l4xx_hal_spi.o
 .ARM.attributes
                0x00000000000004b7       0x34 Drivers/STM32L4xx_HAL_Driver/Src/stm32l4xx_hal_tim.o
 .ARM.attributes
                0x00000000000004eb       0x34 Drivers/STM32L4xx_HAL_Driver/Src/stm32l4xx_hal_tim_ex.o
 .ARM.attributes
                0x000000000000051f       0x34 Drivers/STM32L4xx_HAL_Driver/Src/stm32l4xx_hal_uart.o
 .ARM.attributes
                0x0000000000000553       0x34 FATFS/App/fatfs.o
 .ARM.attributes
                0x0000000000000587       0x34 FATFS/Target/user_diskio.o
 .ARM.attributes
                0x00000000000005bb       0x34 FATFS/Target/user_diskio_spi.o
 .ARM.attributes
                0x00000000000005ef       0x34 Middlewares/Third_Party/FatFs/src/ff_gen_drv.o
 .ARM.attributes
                0x0000000000000623       0x34 /Applications/STM32CubeIDE.app/Contents/Eclipse/plugins/com.st.stm32cube.ide.mcu.externaltools.gnu-tools-for-stm32.9-2020-q2-update.macos64_1.5.0.202011040924/tools/bin/../lib/gcc/arm-none-eabi/9.3.1/../../../../arm-none-eabi/lib/thumb/v7e-m+fp/hard/libc_nano.a(lib_a-errno.o)
 .ARM.attributes
                0x0000000000000657       0x32 /Applications/STM32CubeIDE.app/Contents/Eclipse/plugins/com.st.stm32cube.ide.mcu.externaltools.gnu-tools-for-stm32.9-2020-q2-update.macos64_1.5.0.202011040924/tools/bin/../lib/gcc/arm-none-eabi/9.3.1/../../../../arm-none-eabi/lib/thumb/v7e-m+fp/hard/libc_nano.a(lib_a-impure.o)
 .ARM.attributes
                0x0000000000000689       0x34 /Applications/STM32CubeIDE.app/Contents/Eclipse/plugins/com.st.stm32cube.ide.mcu.externaltools.gnu-tools-for-stm32.9-2020-q2-update.macos64_1.5.0.202011040924/tools/bin/../lib/gcc/arm-none-eabi/9.3.1/../../../../arm-none-eabi/lib/thumb/v7e-m+fp/hard/libc_nano.a(lib_a-init.o)
 .ARM.attributes
                0x00000000000006bd       0x34 /Applications/STM32CubeIDE.app/Contents/Eclipse/plugins/com.st.stm32cube.ide.mcu.externaltools.gnu-tools-for-stm32.9-2020-q2-update.macos64_1.5.0.202011040924/tools/bin/../lib/gcc/arm-none-eabi/9.3.1/../../../../arm-none-eabi/lib/thumb/v7e-m+fp/hard/libc_nano.a(lib_a-memset.o)
 .ARM.attributes
                0x00000000000006f1       0x34 /Applications/STM32CubeIDE.app/Contents/Eclipse/plugins/com.st.stm32cube.ide.mcu.externaltools.gnu-tools-for-stm32.9-2020-q2-update.macos64_1.5.0.202011040924/tools/bin/../lib/gcc/arm-none-eabi/9.3.1/../../../../arm-none-eabi/lib/thumb/v7e-m+fp/hard/libc_nano.a(lib_a-snprintf.o)
 .ARM.attributes
                0x0000000000000725       0x34 /Applications/STM32CubeIDE.app/Contents/Eclipse/plugins/com.st.stm32cube.ide.mcu.externaltools.gnu-tools-for-stm32.9-2020-q2-update.macos64_1.5.0.202011040924/tools/bin/../lib/gcc/arm-none-eabi/9.3.1/../../../../arm-none-eabi/lib/thumb/v7e-m+fp/hard/libc_nano.a(lib_a-nano-svfprintf.o)
 .ARM.attributes
                0x0000000000000759       0x34 /Applications/STM32CubeIDE.app/Contents/Eclipse/plugins/com.st.stm32cube.ide.mcu.externaltools.gnu-tools-for-stm32.9-2020-q2-update.macos64_1.5.0.202011040924/tools/bin/../lib/gcc/arm-none-eabi/9.3.1/../../../../arm-none-eabi/lib/thumb/v7e-m+fp/hard/libc_nano.a(lib_a-nano-vfprintf_i.o)
 .ARM.attributes
                0x000000000000078d       0x1c /Applications/STM32CubeIDE.app/Contents/Eclipse/plugins/com.st.stm32cube.ide.mcu.externaltools.gnu-tools-for-stm32.9-2020-q2-update.macos64_1.5.0.202011040924/tools/bin/../lib/gcc/arm-none-eabi/9.3.1/../../../../arm-none-eabi/lib/thumb/v7e-m+fp/hard/libc_nano.a(lib_a-memchr.o)
 .ARM.attributes
                0x00000000000007a9       0x34 /Applications/STM32CubeIDE.app/Contents/Eclipse/plugins/com.st.stm32cube.ide.mcu.externaltools.gnu-tools-for-stm32.9-2020-q2-update.macos64_1.5.0.202011040924/tools/bin/../lib/gcc/arm-none-eabi/9.3.1/../../../../arm-none-eabi/lib/thumb/v7e-m+fp/hard/libc_nano.a(lib_a-memcpy-stub.o)
 .ARM.attributes
                0x00000000000007dd       0x34 /Applications/STM32CubeIDE.app/Contents/Eclipse/plugins/com.st.stm32cube.ide.mcu.externaltools.gnu-tools-for-stm32.9-2020-q2-update.macos64_1.5.0.202011040924/tools/bin/../lib/gcc/arm-none-eabi/9.3.1/../../../../arm-none-eabi/lib/thumb/v7e-m+fp/hard/libc_nano.a(lib_a-memmove.o)
 .ARM.attributes
                0x0000000000000811       0x34 /Applications/STM32CubeIDE.app/Contents/Eclipse/plugins/com.st.stm32cube.ide.mcu.externaltools.gnu-tools-for-stm32.9-2020-q2-update.macos64_1.5.0.202011040924/tools/bin/../lib/gcc/arm-none-eabi/9.3.1/../../../../arm-none-eabi/lib/thumb/v7e-m+fp/hard/libc_nano.a(lib_a-nano-freer.o)
 .ARM.attributes
                0x0000000000000845       0x34 /Applications/STM32CubeIDE.app/Contents/Eclipse/plugins/com.st.stm32cube.ide.mcu.externaltools.gnu-tools-for-stm32.9-2020-q2-update.macos64_1.5.0.202011040924/tools/bin/../lib/gcc/arm-none-eabi/9.3.1/../../../../arm-none-eabi/lib/thumb/v7e-m+fp/hard/libc_nano.a(lib_a-nano-mallocr.o)
 .ARM.attributes
                0x0000000000000879       0x34 /Applications/STM32CubeIDE.app/Contents/Eclipse/plugins/com.st.stm32cube.ide.mcu.externaltools.gnu-tools-for-stm32.9-2020-q2-update.macos64_1.5.0.202011040924/tools/bin/../lib/gcc/arm-none-eabi/9.3.1/../../../../arm-none-eabi/lib/thumb/v7e-m+fp/hard/libc_nano.a(lib_a-nano-reallocr.o)
 .ARM.attributes
                0x00000000000008ad       0x34 /Applications/STM32CubeIDE.app/Contents/Eclipse/plugins/com.st.stm32cube.ide.mcu.externaltools.gnu-tools-for-stm32.9-2020-q2-update.macos64_1.5.0.202011040924/tools/bin/../lib/gcc/arm-none-eabi/9.3.1/../../../../arm-none-eabi/lib/thumb/v7e-m+fp/hard/libc_nano.a(lib_a-sbrkr.o)
 .ARM.attributes
                0x00000000000008e1       0x34 /Applications/STM32CubeIDE.app/Contents/Eclipse/plugins/com.st.stm32cube.ide.mcu.externaltools.gnu-tools-for-stm32.9-2020-q2-update.macos64_1.5.0.202011040924/tools/bin/../lib/gcc/arm-none-eabi/9.3.1/../../../../arm-none-eabi/lib/thumb/v7e-m+fp/hard/libc_nano.a(lib_a-mlock.o)
 .ARM.attributes
                0x0000000000000915       0x34 /Applications/STM32CubeIDE.app/Contents/Eclipse/plugins/com.st.stm32cube.ide.mcu.externaltools.gnu-tools-for-stm32.9-2020-q2-update.macos64_1.5.0.202011040924/tools/bin/../lib/gcc/arm-none-eabi/9.3.1/../../../../arm-none-eabi/lib/thumb/v7e-m+fp/hard/libc_nano.a(lib_a-nano-msizer.o)
 .ARM.attributes
                0x0000000000000949       0x34 /Applications/STM32CubeIDE.app/Contents/Eclipse/plugins/com.st.stm32cube.ide.mcu.externaltools.gnu-tools-for-stm32.9-2020-q2-update.macos64_1.5.0.202011040924/tools/bin/../lib/gcc/arm-none-eabi/9.3.1/../../../../arm-none-eabi/lib/thumb/v7e-m+fp/hard/libc_nano.a(lib_a-reent.o)
 .ARM.attributes
                0x000000000000097d       0x34 /Applications/STM32CubeIDE.app/Contents/Eclipse/plugins/com.st.stm32cube.ide.mcu.externaltools.gnu-tools-for-stm32.9-2020-q2-update.macos64_1.5.0.202011040924/tools/bin/../lib/gcc/arm-none-eabi/9.3.1/../../../../arm-none-eabi/lib/thumb/v7e-m+fp/hard/libc_nano.a(lib_a-lock.o)
 .ARM.attributes
                0x00000000000009b1       0x1e /Applications/STM32CubeIDE.app/Contents/Eclipse/plugins/com.st.stm32cube.ide.mcu.externaltools.gnu-tools-for-stm32.9-2020-q2-update.macos64_1.5.0.202011040924/tools/bin/../lib/gcc/arm-none-eabi/9.3.1/thumb/v7e-m+fp/hard/libgcc.a(_aeabi_uldivmod.o)
 .ARM.attributes
                0x00000000000009cf       0x34 /Applications/STM32CubeIDE.app/Contents/Eclipse/plugins/com.st.stm32cube.ide.mcu.externaltools.gnu-tools-for-stm32.9-2020-q2-update.macos64_1.5.0.202011040924/tools/bin/../lib/gcc/arm-none-eabi/9.3.1/thumb/v7e-m+fp/hard/libgcc.a(_udivmoddi4.o)
 .ARM.attributes
                0x0000000000000a03       0x1e /Applications/STM32CubeIDE.app/Contents/Eclipse/plugins/com.st.stm32cube.ide.mcu.externaltools.gnu-tools-for-stm32.9-2020-q2-update.macos64_1.5.0.202011040924/tools/bin/../lib/gcc/arm-none-eabi/9.3.1/thumb/v7e-m+fp/hard/libgcc.a(_dvmd_tls.o)
 .ARM.attributes
                0x0000000000000a21       0x1e /Applications/STM32CubeIDE.app/Contents/Eclipse/plugins/com.st.stm32cube.ide.mcu.externaltools.gnu-tools-for-stm32.9-2020-q2-update.macos64_1.5.0.202011040924/tools/bin/../lib/gcc/arm-none-eabi/9.3.1/thumb/v7e-m+fp/hard/crtn.o
OUTPUT(FlightLogger.elf elf32-littlearm)
LOAD linker stubs
LOAD /Applications/STM32CubeIDE.app/Contents/Eclipse/plugins/com.st.stm32cube.ide.mcu.externaltools.gnu-tools-for-stm32.9-2020-q2-update.macos64_1.5.0.202011040924/tools/bin/../lib/gcc/arm-none-eabi/9.3.1/../../../../arm-none-eabi/lib/thumb/v7e-m+fp/hard/libc.a
LOAD /Applications/STM32CubeIDE.app/Contents/Eclipse/plugins/com.st.stm32cube.ide.mcu.externaltools.gnu-tools-for-stm32.9-2020-q2-update.macos64_1.5.0.202011040924/tools/bin/../lib/gcc/arm-none-eabi/9.3.1/../../../../arm-none-eabi/lib/thumb/v7e-m+fp/hard/libm.a
LOAD /Applications/STM32CubeIDE.app/Contents/Eclipse/plugins/com.st.stm32cube.ide.mcu.externaltools.gnu-tools-for-stm32.9-2020-q2-update.macos64_1.5.0.202011040924/tools/bin/../lib/gcc/arm-none-eabi/9.3.1/thumb/v7e-m+fp/hard/libgcc.a

.debug_info     0x0000000000000000    0x1d6c2
 .debug_info    0x0000000000000000      0x6c2 Core/Src/gpio.o
 .debug_info    0x00000000000006c2      0xc20 Core/Src/i2c.o
 .debug_info    0x00000000000012e2     0x275d Core/Src/main.o
 .debug_info    0x0000000000003a3f     0x1028 Core/Src/sd_hal_mpu6050.o
 .debug_info    0x0000000000004a67      0xbd0 Core/Src/spi.o
 .debug_info    0x0000000000005637      0x553 Core/Src/stm32l4xx_hal_msp.o
 .debug_info    0x0000000000005b8a      0xdb9 Core/Src/stm32l4xx_hal_timebase_tim.o
 .debug_info    0x0000000000006943      0x958 Core/Src/stm32l4xx_it.o
 .debug_info    0x000000000000729b      0xa25 Core/Src/sysmem.o
 .debug_info    0x0000000000007cc0      0x787 Core/Src/system_stm32l4xx.o
 .debug_info    0x0000000000008447      0xc95 Core/Src/usart.o
 .debug_info    0x00000000000090dc       0x22 Core/Startup/startup_stm32l432kcux.o
 .debug_info    0x00000000000090fe      0xb5e Drivers/STM32L4xx_HAL_Driver/Src/stm32l4xx_hal.o
 .debug_info    0x0000000000009c5c      0xfb0 Drivers/STM32L4xx_HAL_Driver/Src/stm32l4xx_hal_cortex.o
 .debug_info    0x000000000000ac0c      0xa5f Drivers/STM32L4xx_HAL_Driver/Src/stm32l4xx_hal_gpio.o
 .debug_info    0x000000000000b66b     0x22fd Drivers/STM32L4xx_HAL_Driver/Src/stm32l4xx_hal_i2c.o
 .debug_info    0x000000000000d968      0xc37 Drivers/STM32L4xx_HAL_Driver/Src/stm32l4xx_hal_i2c_ex.o
 .debug_info    0x000000000000e59f      0xb47 Drivers/STM32L4xx_HAL_Driver/Src/stm32l4xx_hal_pwr.o
 .debug_info    0x000000000000f0e6      0xb7b Drivers/STM32L4xx_HAL_Driver/Src/stm32l4xx_hal_pwr_ex.o
 .debug_info    0x000000000000fc61      0xdb5 Drivers/STM32L4xx_HAL_Driver/Src/stm32l4xx_hal_rcc.o
 .debug_info    0x0000000000010a16     0x1108 Drivers/STM32L4xx_HAL_Driver/Src/stm32l4xx_hal_rcc_ex.o
 .debug_info    0x0000000000011b1e     0x18f8 Drivers/STM32L4xx_HAL_Driver/Src/stm32l4xx_hal_spi.o
 .debug_info    0x0000000000013416     0x2cb9 Drivers/STM32L4xx_HAL_Driver/Src/stm32l4xx_hal_tim.o
 .debug_info    0x00000000000160cf     0x1813 Drivers/STM32L4xx_HAL_Driver/Src/stm32l4xx_hal_tim_ex.o
 .debug_info    0x00000000000178e2     0x1ad1 Drivers/STM32L4xx_HAL_Driver/Src/stm32l4xx_hal_uart.o
 .debug_info    0x00000000000193b3      0xfb5 FATFS/App/fatfs.o
 .debug_info    0x000000000001a368      0xe3b FATFS/Target/user_diskio.o
 .debug_info    0x000000000001b1a3     0x1695 FATFS/Target/user_diskio_spi.o
 .debug_info    0x000000000001c838      0xe8a Middlewares/Third_Party/FatFs/src/ff_gen_drv.o

.debug_abbrev   0x0000000000000000     0x3a39
 .debug_abbrev  0x0000000000000000      0x14e Core/Src/gpio.o
 .debug_abbrev  0x000000000000014e      0x1c6 Core/Src/i2c.o
 .debug_abbrev  0x0000000000000314      0x2c5 Core/Src/main.o
 .debug_abbrev  0x00000000000005d9      0x23c Core/Src/sd_hal_mpu6050.o
 .debug_abbrev  0x0000000000000815      0x1bb Core/Src/spi.o
 .debug_abbrev  0x00000000000009d0      0x13d Core/Src/stm32l4xx_hal_msp.o
 .debug_abbrev  0x0000000000000b0d      0x1bf Core/Src/stm32l4xx_hal_timebase_tim.o
 .debug_abbrev  0x0000000000000ccc      0x176 Core/Src/stm32l4xx_it.o
 .debug_abbrev  0x0000000000000e42      0x1bf Core/Src/sysmem.o
 .debug_abbrev  0x0000000000001001      0x165 Core/Src/system_stm32l4xx.o
 .debug_abbrev  0x0000000000001166      0x1bb Core/Src/usart.o
 .debug_abbrev  0x0000000000001321       0x12 Core/Startup/startup_stm32l432kcux.o
 .debug_abbrev  0x0000000000001333      0x20b Drivers/STM32L4xx_HAL_Driver/Src/stm32l4xx_hal.o
 .debug_abbrev  0x000000000000153e      0x33c Drivers/STM32L4xx_HAL_Driver/Src/stm32l4xx_hal_cortex.o
 .debug_abbrev  0x000000000000187a      0x1e8 Drivers/STM32L4xx_HAL_Driver/Src/stm32l4xx_hal_gpio.o
 .debug_abbrev  0x0000000000001a62      0x256 Drivers/STM32L4xx_HAL_Driver/Src/stm32l4xx_hal_i2c.o
 .debug_abbrev  0x0000000000001cb8      0x1dd Drivers/STM32L4xx_HAL_Driver/Src/stm32l4xx_hal_i2c_ex.o
 .debug_abbrev  0x0000000000001e95      0x1ab Drivers/STM32L4xx_HAL_Driver/Src/stm32l4xx_hal_pwr.o
 .debug_abbrev  0x0000000000002040      0x1f3 Drivers/STM32L4xx_HAL_Driver/Src/stm32l4xx_hal_pwr_ex.o
 .debug_abbrev  0x0000000000002233      0x275 Drivers/STM32L4xx_HAL_Driver/Src/stm32l4xx_hal_rcc.o
 .debug_abbrev  0x00000000000024a8      0x268 Drivers/STM32L4xx_HAL_Driver/Src/stm32l4xx_hal_rcc_ex.o
 .debug_abbrev  0x0000000000002710      0x254 Drivers/STM32L4xx_HAL_Driver/Src/stm32l4xx_hal_spi.o
 .debug_abbrev  0x0000000000002964      0x25e Drivers/STM32L4xx_HAL_Driver/Src/stm32l4xx_hal_tim.o
 .debug_abbrev  0x0000000000002bc2      0x266 Drivers/STM32L4xx_HAL_Driver/Src/stm32l4xx_hal_tim_ex.o
 .debug_abbrev  0x0000000000002e28      0x23f Drivers/STM32L4xx_HAL_Driver/Src/stm32l4xx_hal_uart.o
 .debug_abbrev  0x0000000000003067      0x209 FATFS/App/fatfs.o
 .debug_abbrev  0x0000000000003270      0x21d FATFS/Target/user_diskio.o
 .debug_abbrev  0x000000000000348d      0x344 FATFS/Target/user_diskio_spi.o
 .debug_abbrev  0x00000000000037d1      0x268 Middlewares/Third_Party/FatFs/src/ff_gen_drv.o

.debug_aranges  0x0000000000000000     0x15a8
 .debug_aranges
                0x0000000000000000       0x20 Core/Src/gpio.o
 .debug_aranges
                0x0000000000000020       0x30 Core/Src/i2c.o
 .debug_aranges
                0x0000000000000050       0x38 Core/Src/main.o
 .debug_aranges
                0x0000000000000088       0x70 Core/Src/sd_hal_mpu6050.o
 .debug_aranges
                0x00000000000000f8       0x30 Core/Src/spi.o
 .debug_aranges
                0x0000000000000128       0x20 Core/Src/stm32l4xx_hal_msp.o
 .debug_aranges
                0x0000000000000148       0x30 Core/Src/stm32l4xx_hal_timebase_tim.o
 .debug_aranges
                0x0000000000000178       0x68 Core/Src/stm32l4xx_it.o
 .debug_aranges
                0x00000000000001e0       0x20 Core/Src/sysmem.o
 .debug_aranges
                0x0000000000000200       0x28 Core/Src/system_stm32l4xx.o
 .debug_aranges
                0x0000000000000228       0x30 Core/Src/usart.o
 .debug_aranges
                0x0000000000000258       0x28 Core/Startup/startup_stm32l432kcux.o
 .debug_aranges
                0x0000000000000280      0x108 Drivers/STM32L4xx_HAL_Driver/Src/stm32l4xx_hal.o
 .debug_aranges
                0x0000000000000388      0x118 Drivers/STM32L4xx_HAL_Driver/Src/stm32l4xx_hal_cortex.o
 .debug_aranges
                0x00000000000004a0       0x58 Drivers/STM32L4xx_HAL_Driver/Src/stm32l4xx_hal_gpio.o
 .debug_aranges
                0x00000000000004f8      0x290 Drivers/STM32L4xx_HAL_Driver/Src/stm32l4xx_hal_i2c.o
 .debug_aranges
                0x0000000000000788       0x48 Drivers/STM32L4xx_HAL_Driver/Src/stm32l4xx_hal_i2c_ex.o
 .debug_aranges
                0x00000000000007d0       0x98 Drivers/STM32L4xx_HAL_Driver/Src/stm32l4xx_hal_pwr.o
 .debug_aranges
                0x0000000000000868      0x128 Drivers/STM32L4xx_HAL_Driver/Src/stm32l4xx_hal_pwr_ex.o
 .debug_aranges
                0x0000000000000990       0x88 Drivers/STM32L4xx_HAL_Driver/Src/stm32l4xx_hal_rcc.o
 .debug_aranges
                0x0000000000000a18       0xf0 Drivers/STM32L4xx_HAL_Driver/Src/stm32l4xx_hal_rcc_ex.o
 .debug_aranges
                0x0000000000000b08      0x1d8 Drivers/STM32L4xx_HAL_Driver/Src/stm32l4xx_hal_spi.o
 .debug_aranges
                0x0000000000000ce0      0x3e0 Drivers/STM32L4xx_HAL_Driver/Src/stm32l4xx_hal_tim.o
 .debug_aranges
                0x00000000000010c0      0x180 Drivers/STM32L4xx_HAL_Driver/Src/stm32l4xx_hal_tim_ex.o
 .debug_aranges
                0x0000000000001240      0x228 Drivers/STM32L4xx_HAL_Driver/Src/stm32l4xx_hal_uart.o
 .debug_aranges
                0x0000000000001468       0x28 FATFS/App/fatfs.o
 .debug_aranges
                0x0000000000001490       0x40 FATFS/Target/user_diskio.o
 .debug_aranges
                0x00000000000014d0       0x98 FATFS/Target/user_diskio_spi.o
 .debug_aranges
                0x0000000000001568       0x40 Middlewares/Third_Party/FatFs/src/ff_gen_drv.o

.debug_ranges   0x0000000000000000     0x1410
 .debug_ranges  0x0000000000000000       0x10 Core/Src/gpio.o
 .debug_ranges  0x0000000000000010       0x20 Core/Src/i2c.o
 .debug_ranges  0x0000000000000030       0x28 Core/Src/main.o
 .debug_ranges  0x0000000000000058       0x60 Core/Src/sd_hal_mpu6050.o
 .debug_ranges  0x00000000000000b8       0x20 Core/Src/spi.o
 .debug_ranges  0x00000000000000d8       0x10 Core/Src/stm32l4xx_hal_msp.o
 .debug_ranges  0x00000000000000e8       0x20 Core/Src/stm32l4xx_hal_timebase_tim.o
 .debug_ranges  0x0000000000000108       0x58 Core/Src/stm32l4xx_it.o
 .debug_ranges  0x0000000000000160       0x10 Core/Src/sysmem.o
 .debug_ranges  0x0000000000000170       0x18 Core/Src/system_stm32l4xx.o
 .debug_ranges  0x0000000000000188       0x20 Core/Src/usart.o
 .debug_ranges  0x00000000000001a8       0x20 Core/Startup/startup_stm32l432kcux.o
 .debug_ranges  0x00000000000001c8       0xf8 Drivers/STM32L4xx_HAL_Driver/Src/stm32l4xx_hal.o
 .debug_ranges  0x00000000000002c0      0x108 Drivers/STM32L4xx_HAL_Driver/Src/stm32l4xx_hal_cortex.o
 .debug_ranges  0x00000000000003c8       0x48 Drivers/STM32L4xx_HAL_Driver/Src/stm32l4xx_hal_gpio.o
 .debug_ranges  0x0000000000000410      0x280 Drivers/STM32L4xx_HAL_Driver/Src/stm32l4xx_hal_i2c.o
 .debug_ranges  0x0000000000000690       0x38 Drivers/STM32L4xx_HAL_Driver/Src/stm32l4xx_hal_i2c_ex.o
 .debug_ranges  0x00000000000006c8       0x88 Drivers/STM32L4xx_HAL_Driver/Src/stm32l4xx_hal_pwr.o
 .debug_ranges  0x0000000000000750      0x118 Drivers/STM32L4xx_HAL_Driver/Src/stm32l4xx_hal_pwr_ex.o
 .debug_ranges  0x0000000000000868       0x78 Drivers/STM32L4xx_HAL_Driver/Src/stm32l4xx_hal_rcc.o
 .debug_ranges  0x00000000000008e0       0xe0 Drivers/STM32L4xx_HAL_Driver/Src/stm32l4xx_hal_rcc_ex.o
 .debug_ranges  0x00000000000009c0      0x1c8 Drivers/STM32L4xx_HAL_Driver/Src/stm32l4xx_hal_spi.o
 .debug_ranges  0x0000000000000b88      0x3d0 Drivers/STM32L4xx_HAL_Driver/Src/stm32l4xx_hal_tim.o
 .debug_ranges  0x0000000000000f58      0x170 Drivers/STM32L4xx_HAL_Driver/Src/stm32l4xx_hal_tim_ex.o
 .debug_ranges  0x00000000000010c8      0x248 Drivers/STM32L4xx_HAL_Driver/Src/stm32l4xx_hal_uart.o
 .debug_ranges  0x0000000000001310       0x18 FATFS/App/fatfs.o
 .debug_ranges  0x0000000000001328       0x30 FATFS/Target/user_diskio.o
 .debug_ranges  0x0000000000001358       0x88 FATFS/Target/user_diskio_spi.o
 .debug_ranges  0x00000000000013e0       0x30 Middlewares/Third_Party/FatFs/src/ff_gen_drv.o

.debug_macro    0x0000000000000000    0x238de
 .debug_macro   0x0000000000000000      0x207 Core/Src/gpio.o
 .debug_macro   0x0000000000000207      0xaa8 Core/Src/gpio.o
 .debug_macro   0x0000000000000caf      0x1b3 Core/Src/gpio.o
 .debug_macro   0x0000000000000e62       0x2e Core/Src/gpio.o
 .debug_macro   0x0000000000000e90       0x28 Core/Src/gpio.o
 .debug_macro   0x0000000000000eb8       0x22 Core/Src/gpio.o
 .debug_macro   0x0000000000000eda       0x8e Core/Src/gpio.o
 .debug_macro   0x0000000000000f68       0x51 Core/Src/gpio.o
 .debug_macro   0x0000000000000fb9      0x103 Core/Src/gpio.o
 .debug_macro   0x00000000000010bc       0x6a Core/Src/gpio.o
 .debug_macro   0x0000000000001126      0x1df Core/Src/gpio.o
 .debug_macro   0x0000000000001305       0x1c Core/Src/gpio.o
 .debug_macro   0x0000000000001321       0x22 Core/Src/gpio.o
 .debug_macro   0x0000000000001343      0x101 Core/Src/gpio.o
 .debug_macro   0x0000000000001444     0x1011 Core/Src/gpio.o
 .debug_macro   0x0000000000002455      0x11f Core/Src/gpio.o
 .debug_macro   0x0000000000002574    0x1479f Core/Src/gpio.o
 .debug_macro   0x0000000000016d13       0x43 Core/Src/gpio.o
 .debug_macro   0x0000000000016d56     0x3897 Core/Src/gpio.o
 .debug_macro   0x000000000001a5ed      0x174 Core/Src/gpio.o
 .debug_macro   0x000000000001a761       0x5c Core/Src/gpio.o
 .debug_macro   0x000000000001a7bd     0x118b Core/Src/gpio.o
 .debug_macro   0x000000000001b948      0x535 Core/Src/gpio.o
 .debug_macro   0x000000000001be7d      0x13d Core/Src/gpio.o
 .debug_macro   0x000000000001bfba      0x122 Core/Src/gpio.o
 .debug_macro   0x000000000001c0dc      0x26b Core/Src/gpio.o
 .debug_macro   0x000000000001c347      0x23d Core/Src/gpio.o
 .debug_macro   0x000000000001c584      0x241 Core/Src/gpio.o
 .debug_macro   0x000000000001c7c5      0x375 Core/Src/gpio.o
 .debug_macro   0x000000000001cb3a       0xd6 Core/Src/gpio.o
 .debug_macro   0x000000000001cc10      0x22c Core/Src/gpio.o
 .debug_macro   0x000000000001ce3c       0x61 Core/Src/gpio.o
 .debug_macro   0x000000000001ce9d       0xa5 Core/Src/gpio.o
 .debug_macro   0x000000000001cf42      0x122 Core/Src/gpio.o
 .debug_macro   0x000000000001d064      0x357 Core/Src/gpio.o
 .debug_macro   0x000000000001d3bb      0x2fe Core/Src/gpio.o
 .debug_macro   0x000000000001d6b9      0xa75 Core/Src/gpio.o
 .debug_macro   0x000000000001e12e      0x12e Core/Src/gpio.o
 .debug_macro   0x000000000001e25c      0x5ba Core/Src/gpio.o
 .debug_macro   0x000000000001e816       0x44 Core/Src/gpio.o
 .debug_macro   0x000000000001e85a      0x221 Core/Src/gpio.o
 .debug_macro   0x000000000001ea7b       0x58 Core/Src/gpio.o
 .debug_macro   0x000000000001ead3      0x207 Core/Src/i2c.o
 .debug_macro   0x000000000001ecda      0x38a Core/Src/main.o
 .debug_macro   0x000000000001f064       0xeb Core/Src/main.o
 .debug_macro   0x000000000001f14f       0x18 Core/Src/main.o
 .debug_macro   0x000000000001f167       0x52 Core/Src/main.o
 .debug_macro   0x000000000001f1b9       0x3c Core/Src/main.o
 .debug_macro   0x000000000001f1f5       0x34 Core/Src/main.o
 .debug_macro   0x000000000001f229       0x16 Core/Src/main.o
 .debug_macro   0x000000000001f23f       0x35 Core/Src/main.o
 .debug_macro   0x000000000001f274       0x16 Core/Src/main.o
 .debug_macro   0x000000000001f28a       0x43 Core/Src/main.o
 .debug_macro   0x000000000001f2cd       0x34 Core/Src/main.o
 .debug_macro   0x000000000001f301       0x10 Core/Src/main.o
 .debug_macro   0x000000000001f311       0x58 Core/Src/main.o
 .debug_macro   0x000000000001f369       0x71 Core/Src/main.o
 .debug_macro   0x000000000001f3da       0x1c Core/Src/main.o
 .debug_macro   0x000000000001f3f6      0x12a Core/Src/main.o
 .debug_macro   0x000000000001f520      0x333 Core/Src/main.o
 .debug_macro   0x000000000001f853       0x16 Core/Src/main.o
 .debug_macro   0x000000000001f869       0x29 Core/Src/main.o
 .debug_macro   0x000000000001f892       0x12 Core/Src/main.o
 .debug_macro   0x000000000001f8a4       0xe2 Core/Src/main.o
 .debug_macro   0x000000000001f986       0x8e Core/Src/main.o
 .debug_macro   0x000000000001fa14       0x22 Core/Src/main.o
 .debug_macro   0x000000000001fa36       0x40 Core/Src/main.o
 .debug_macro   0x000000000001fa76       0x16 Core/Src/main.o
 .debug_macro   0x000000000001fa8c       0x20 Core/Src/main.o
 .debug_macro   0x000000000001faac      0x2ff Core/Src/sd_hal_mpu6050.o
 .debug_macro   0x000000000001fdab       0x3a Core/Src/sd_hal_mpu6050.o
 .debug_macro   0x000000000001fde5      0x207 Core/Src/spi.o
 .debug_macro   0x000000000001ffec      0x1fd Core/Src/stm32l4xx_hal_msp.o
 .debug_macro   0x00000000000201e9      0x1ee Core/Src/stm32l4xx_hal_timebase_tim.o
 .debug_macro   0x00000000000203d7      0x207 Core/Src/stm32l4xx_it.o
 .debug_macro   0x00000000000205de       0xff Core/Src/sysmem.o
 .debug_macro   0x00000000000206dd      0x23b Core/Src/sysmem.o
 .debug_macro   0x0000000000020918      0x1ee Core/Src/system_stm32l4xx.o
 .debug_macro   0x0000000000020b06      0x207 Core/Src/usart.o
 .debug_macro   0x0000000000020d0d      0x236 Drivers/STM32L4xx_HAL_Driver/Src/stm32l4xx_hal.o
 .debug_macro   0x0000000000020f43      0x1ee Drivers/STM32L4xx_HAL_Driver/Src/stm32l4xx_hal_cortex.o
 .debug_macro   0x0000000000021131      0x22d Drivers/STM32L4xx_HAL_Driver/Src/stm32l4xx_hal_gpio.o
 .debug_macro   0x000000000002135e      0x2b3 Drivers/STM32L4xx_HAL_Driver/Src/stm32l4xx_hal_i2c.o
 .debug_macro   0x0000000000021611      0x1ee Drivers/STM32L4xx_HAL_Driver/Src/stm32l4xx_hal_i2c_ex.o
 .debug_macro   0x00000000000217ff      0x206 Drivers/STM32L4xx_HAL_Driver/Src/stm32l4xx_hal_pwr.o
 .debug_macro   0x0000000000021a05      0x212 Drivers/STM32L4xx_HAL_Driver/Src/stm32l4xx_hal_pwr_ex.o
 .debug_macro   0x0000000000021c17      0x230 Drivers/STM32L4xx_HAL_Driver/Src/stm32l4xx_hal_rcc.o
 .debug_macro   0x0000000000021e47      0x224 Drivers/STM32L4xx_HAL_Driver/Src/stm32l4xx_hal_rcc_ex.o
 .debug_macro   0x000000000002206b      0x1f6 Drivers/STM32L4xx_HAL_Driver/Src/stm32l4xx_hal_spi.o
 .debug_macro   0x0000000000022261      0x1ef Drivers/STM32L4xx_HAL_Driver/Src/stm32l4xx_hal_tim.o
 .debug_macro   0x0000000000022450      0x1ee Drivers/STM32L4xx_HAL_Driver/Src/stm32l4xx_hal_tim_ex.o
 .debug_macro   0x000000000002263e      0x219 Drivers/STM32L4xx_HAL_Driver/Src/stm32l4xx_hal_uart.o
 .debug_macro   0x0000000000022857      0x322 FATFS/App/fatfs.o
 .debug_macro   0x0000000000022b79       0xe5 FATFS/App/fatfs.o
 .debug_macro   0x0000000000022c5e      0x351 FATFS/Target/user_diskio.o
 .debug_macro   0x0000000000022faf       0x10 FATFS/Target/user_diskio.o
 .debug_macro   0x0000000000022fbf       0x16 FATFS/Target/user_diskio.o
 .debug_macro   0x0000000000022fd5       0x7c FATFS/Target/user_diskio.o
 .debug_macro   0x0000000000023051       0xfb FATFS/Target/user_diskio.o
 .debug_macro   0x000000000002314c       0x56 FATFS/Target/user_diskio.o
 .debug_macro   0x00000000000231a2      0x3cf FATFS/Target/user_diskio_spi.o
 .debug_macro   0x0000000000023571       0x5e FATFS/Target/user_diskio_spi.o
 .debug_macro   0x00000000000235cf      0x30f Middlewares/Third_Party/FatFs/src/ff_gen_drv.o

.debug_line     0x0000000000000000    0x1b21a
 .debug_line    0x0000000000000000      0x768 Core/Src/gpio.o
 .debug_line    0x0000000000000768      0x7d6 Core/Src/i2c.o
 .debug_line    0x0000000000000f3e      0xaee Core/Src/main.o
 .debug_line    0x0000000000001a2c      0xbbf Core/Src/sd_hal_mpu6050.o
 .debug_line    0x00000000000025eb      0x7d2 Core/Src/spi.o
 .debug_line    0x0000000000002dbd      0x75a Core/Src/stm32l4xx_hal_msp.o
 .debug_line    0x0000000000003517      0x7b6 Core/Src/stm32l4xx_hal_timebase_tim.o
 .debug_line    0x0000000000003ccd      0x82f Core/Src/stm32l4xx_it.o
 .debug_line    0x00000000000044fc      0x534 Core/Src/sysmem.o
 .debug_line    0x0000000000004a30      0x80a Core/Src/system_stm32l4xx.o
 .debug_line    0x000000000000523a      0x7d9 Core/Src/usart.o
 .debug_line    0x0000000000005a13       0x87 Core/Startup/startup_stm32l432kcux.o
 .debug_line    0x0000000000005a9a      0xab6 Drivers/STM32L4xx_HAL_Driver/Src/stm32l4xx_hal.o
 .debug_line    0x0000000000006550      0xcf0 Drivers/STM32L4xx_HAL_Driver/Src/stm32l4xx_hal_cortex.o
 .debug_line    0x0000000000007240      0xb44 Drivers/STM32L4xx_HAL_Driver/Src/stm32l4xx_hal_gpio.o
 .debug_line    0x0000000000007d84     0x331a Drivers/STM32L4xx_HAL_Driver/Src/stm32l4xx_hal_i2c.o
 .debug_line    0x000000000000b09e      0x977 Drivers/STM32L4xx_HAL_Driver/Src/stm32l4xx_hal_i2c_ex.o
 .debug_line    0x000000000000ba15      0x926 Drivers/STM32L4xx_HAL_Driver/Src/stm32l4xx_hal_pwr.o
 .debug_line    0x000000000000c33b      0xc3c Drivers/STM32L4xx_HAL_Driver/Src/stm32l4xx_hal_pwr_ex.o
 .debug_line    0x000000000000cf77      0xfcf Drivers/STM32L4xx_HAL_Driver/Src/stm32l4xx_hal_rcc.o
 .debug_line    0x000000000000df46     0x131b Drivers/STM32L4xx_HAL_Driver/Src/stm32l4xx_hal_rcc_ex.o
 .debug_line    0x000000000000f261     0x1f72 Drivers/STM32L4xx_HAL_Driver/Src/stm32l4xx_hal_spi.o
 .debug_line    0x00000000000111d3     0x3aa4 Drivers/STM32L4xx_HAL_Driver/Src/stm32l4xx_hal_tim.o
 .debug_line    0x0000000000014c77     0x1b25 Drivers/STM32L4xx_HAL_Driver/Src/stm32l4xx_hal_tim_ex.o
 .debug_line    0x000000000001679c     0x1d6d Drivers/STM32L4xx_HAL_Driver/Src/stm32l4xx_hal_uart.o
 .debug_line    0x0000000000018509      0x953 FATFS/App/fatfs.o
 .debug_line    0x0000000000018e5c      0x9be FATFS/Target/user_diskio.o
 .debug_line    0x000000000001981a     0x1020 FATFS/Target/user_diskio_spi.o
 .debug_line    0x000000000001a83a      0x9e0 Middlewares/Third_Party/FatFs/src/ff_gen_drv.o

.debug_str      0x0000000000000000    0xcf28c
 .debug_str     0x0000000000000000    0xc4449 Core/Src/gpio.o
                                      0xc4722 (size before relaxing)
 .debug_str     0x00000000000c4449      0x438 Core/Src/i2c.o
                                      0xc4bac (size before relaxing)
 .debug_str     0x00000000000c4881     0x4827 Core/Src/main.o
                                      0xc94f8 (size before relaxing)
 .debug_str     0x00000000000c90a8      0x6cb Core/Src/sd_hal_mpu6050.o
                                      0xc528c (size before relaxing)
 .debug_str     0x00000000000c9773       0x4b Core/Src/spi.o
                                      0xc4ae8 (size before relaxing)
 .debug_str     0x00000000000c97be       0x2c Core/Src/stm32l4xx_hal_msp.o
                                      0xc4685 (size before relaxing)
 .debug_str     0x00000000000c97ea      0x415 Core/Src/stm32l4xx_hal_timebase_tim.o
                                      0xc4edc (size before relaxing)
 .debug_str     0x00000000000c9bff       0xd6 Core/Src/stm32l4xx_it.o
                                      0xc4aaa (size before relaxing)
 .debug_str     0x00000000000c9cd5      0x4e9 Core/Src/sysmem.o
                                       0x62a6 (size before relaxing)
 .debug_str     0x00000000000ca1be       0xb8 Core/Src/system_stm32l4xx.o
                                      0xc45d4 (size before relaxing)
 .debug_str     0x00000000000ca276       0x57 Core/Src/usart.o
                                      0xc4b0f (size before relaxing)
 .debug_str     0x00000000000ca2cd       0x36 Core/Startup/startup_stm32l432kcux.o
                                         0x77 (size before relaxing)
 .debug_str     0x00000000000ca303      0x48f Drivers/STM32L4xx_HAL_Driver/Src/stm32l4xx_hal.o
                                      0xc4ecd (size before relaxing)
 .debug_str     0x00000000000ca792      0x389 Drivers/STM32L4xx_HAL_Driver/Src/stm32l4xx_hal_cortex.o
                                      0xc4d2a (size before relaxing)
 .debug_str     0x00000000000cab1b      0x236 Drivers/STM32L4xx_HAL_Driver/Src/stm32l4xx_hal_gpio.o
                                      0xc4869 (size before relaxing)
 .debug_str     0x00000000000cad51      0xd49 Drivers/STM32L4xx_HAL_Driver/Src/stm32l4xx_hal_i2c.o
                                      0xc56fd (size before relaxing)
 .debug_str     0x00000000000cba9a       0xb8 Drivers/STM32L4xx_HAL_Driver/Src/stm32l4xx_hal_i2c_ex.o
                                      0xc4af8 (size before relaxing)
 .debug_str     0x00000000000cbb52      0x2d9 Drivers/STM32L4xx_HAL_Driver/Src/stm32l4xx_hal_pwr.o
                                      0xc48e5 (size before relaxing)
 .debug_str     0x00000000000cbe2b      0x3fc Drivers/STM32L4xx_HAL_Driver/Src/stm32l4xx_hal_pwr_ex.o
                                      0xc4a92 (size before relaxing)
 .debug_str     0x00000000000cc227      0x380 Drivers/STM32L4xx_HAL_Driver/Src/stm32l4xx_hal_rcc.o
                                      0xc4b6b (size before relaxing)
 .debug_str     0x00000000000cc5a7      0x515 Drivers/STM32L4xx_HAL_Driver/Src/stm32l4xx_hal_rcc_ex.o
                                      0xc4de3 (size before relaxing)
 .debug_str     0x00000000000ccabc      0x576 Drivers/STM32L4xx_HAL_Driver/Src/stm32l4xx_hal_spi.o
                                      0xc4d9f (size before relaxing)
 .debug_str     0x00000000000cd032      0xe6b Drivers/STM32L4xx_HAL_Driver/Src/stm32l4xx_hal_tim.o
                                      0xc586d (size before relaxing)
 .debug_str     0x00000000000cde9d      0x65b Drivers/STM32L4xx_HAL_Driver/Src/stm32l4xx_hal_tim_ex.o
                                      0xc513f (size before relaxing)
 .debug_str     0x00000000000ce4f8      0x88b Drivers/STM32L4xx_HAL_Driver/Src/stm32l4xx_hal_uart.o
                                      0xc5233 (size before relaxing)
 .debug_str     0x00000000000ced83       0x2f FATFS/App/fatfs.o
                                      0xc7f79 (size before relaxing)
 .debug_str     0x00000000000cedb2       0x97 FATFS/Target/user_diskio.o
                                      0xc7f2c (size before relaxing)
 .debug_str     0x00000000000cee49      0x378 FATFS/Target/user_diskio_spi.o
                                      0xc8582 (size before relaxing)
 .debug_str     0x00000000000cf1c1       0xcb Middlewares/Third_Party/FatFs/src/ff_gen_drv.o
                                      0xc7eea (size before relaxing)

.comment        0x0000000000000000       0x53
 .comment       0x0000000000000000       0x53 Core/Src/gpio.o
                                         0x54 (size before relaxing)
 .comment       0x0000000000000053       0x54 Core/Src/i2c.o
 .comment       0x0000000000000053       0x54 Core/Src/main.o
 .comment       0x0000000000000053       0x54 Core/Src/sd_hal_mpu6050.o
 .comment       0x0000000000000053       0x54 Core/Src/spi.o
 .comment       0x0000000000000053       0x54 Core/Src/stm32l4xx_hal_msp.o
 .comment       0x0000000000000053       0x54 Core/Src/stm32l4xx_hal_timebase_tim.o
 .comment       0x0000000000000053       0x54 Core/Src/stm32l4xx_it.o
 .comment       0x0000000000000053       0x54 Core/Src/sysmem.o
 .comment       0x0000000000000053       0x54 Core/Src/system_stm32l4xx.o
 .comment       0x0000000000000053       0x54 Core/Src/usart.o
 .comment       0x0000000000000053       0x54 Drivers/STM32L4xx_HAL_Driver/Src/stm32l4xx_hal.o
 .comment       0x0000000000000053       0x54 Drivers/STM32L4xx_HAL_Driver/Src/stm32l4xx_hal_cortex.o
 .comment       0x0000000000000053       0x54 Drivers/STM32L4xx_HAL_Driver/Src/stm32l4xx_hal_gpio.o
 .comment       0x0000000000000053       0x54 Drivers/STM32L4xx_HAL_Driver/Src/stm32l4xx_hal_i2c.o
 .comment       0x0000000000000053       0x54 Drivers/STM32L4xx_HAL_Driver/Src/stm32l4xx_hal_i2c_ex.o
 .comment       0x0000000000000053       0x54 Drivers/STM32L4xx_HAL_Driver/Src/stm32l4xx_hal_pwr.o
 .comment       0x0000000000000053       0x54 Drivers/STM32L4xx_HAL_Driver/Src/stm32l4xx_hal_pwr_ex.o
 .comment       0x0000000000000053       0x54 Drivers/STM32L4xx_HAL_Driver/Src/stm32l4xx_hal_rcc.o
 .comment       0x0000000000000053       0x54 Drivers/STM32L4xx_HAL_Driver/Src/stm32l4xx_hal_rcc_ex.o
 .comment       0x0000000000000053       0x54 Drivers/STM32L4xx_HAL_Driver/Src/stm32l4xx_hal_spi.o
 .comment       0x0000000000000053       0x54 Drivers/STM32L4xx_HAL_Driver/Src/stm32l4xx_hal_tim.o
 .comment       0x0000000000000053       0x54 Drivers/STM32L4xx_HAL_Driver/Src/stm32l4xx_hal_tim_ex.o
 .comment       0x0000000000000053       0x54 Drivers/STM32L4xx_HAL_Driver/Src/stm32l4xx_hal_uart.o
 .comment       0x0000000000000053       0x54 FATFS/App/fatfs.o
 .comment       0x0000000000000053       0x54 FATFS/Target/user_diskio.o
 .comment       0x0000000000000053       0x54 FATFS/Target/user_diskio_spi.o
 .comment       0x0000000000000053       0x54 Middlewares/Third_Party/FatFs/src/ff_gen_drv.o

.debug_frame    0x0000000000000000     0x5d68
 .debug_frame   0x0000000000000000       0x34 Core/Src/gpio.o
 .debug_frame   0x0000000000000034       0x74 Core/Src/i2c.o